185.191.171.0 - - [11/Feb/2021:03:13:11 +0100] "GET /robots.txt HTTP/1.1" 404 55460 www.jlmangas.com "-" "Mozilla/5.0 (compatible; SemrushBot/7~bl; +http://www.semrush.com/bot.html)" "-"
185.191.171.0 - - [11/Feb/2021:03:13:12 +0100] "GET /ca/home/1149-cartucho-de-tinta-generico-b0384-olivetti-fj20-negro.html HTTP/1.1" 200 85518 www.jlmangas.com "-" "Mozilla/5.0 (compatible; SemrushBot/7~bl; +http://www.semrush.com/bot.html)" "-"
66.249.64.0 - - [11/Feb/2021:03:13:17 +0100] "GET /908-home_default/toner-epson-aculaser-m1200-negro.jpg HTTP/1.1" 200 23991 www.jlmangas.com "-" "Googlebot-Image/1.0" "-"
66.249.64.0 - - [11/Feb/2021:03:13:58 +0100] "GET /506-large_default/toner-canon-706106-negro.jpg HTTP/1.1" 200 89351 www.jlmangas.com "-" "Googlebot-Image/1.0" "-"
40.77.167.0 - - [11/Feb/2021:03:14:13 +0100] "GET /1060-large_default/toner-kyocera-tk510-magenta.jpg HTTP/1.1" 200 60353 www.jlmangas.com "-" "Mozilla/5.0 (compatible; bingbot/2.0; +http://www.bing.com/bingbot.htm)" "-"
54.36.148.0 - - [11/Feb/2021:03:16:40 +0100] "GET /es/70-laser-drum-toner-color?p=2 HTTP/1.1" 200 68967 www.jlmangas.com "-" "Mozilla/5.0 (compatible; AhrefsBot/7.0; +http://ahrefs.com/robot/)" "-"
40.77.167.0 - - [11/Feb/2021:03:19:45 +0100] "GET /es/inicio/1723-panasonic-kxp-16241524-ink-tank.html HTTP/1.1" 200 86494 www.jlmangas.com "-" "Mozilla/5.0 (compatible; bingbot/2.0; +http://www.bing.com/bingbot.htm)" "-"
185.191.171.0 - - [11/Feb/2021:03:20:03 +0100] "GET /ca/home/693-cartucho-epson-t037-negro.html HTTP/1.1" 200 84942 www.jlmangas.com "-" "Mozilla/5.0 (compatible; SemrushBot/7~bl; +http://www.semrush.com/bot.html)" "-"
185.191.171.0 - - [11/Feb/2021:03:21:06 +0100] "GET /es/inicio/871-toner-epson-aculaser-c900c1900-negro.html HTTP/1.1" 200 86344 www.jlmangas.com "-" "Mozilla/5.0 (compatible; SemrushBot/7~bl; +http://www.semrush.com/bot.html)" "-"
185.191.171.0 - - [11/Feb/2021:03:21:12 +0100] "GET /ca/home/33-citizen-dp-600-ir-40-bicolor.html HTTP/1.1" 200 84961 www.jlmangas.com "-" "Mozilla/5.0 (compatible; SemrushBot/7~bl; +http://www.semrush.com/bot.html)" "-"
17.58.99.0 - - [11/Feb/2021:03:24:27 +0100] "GET /es/42-kodak HTTP/1.1" 200 48214 www.jlmangas.com "-" "Mozilla/5.0 (Macintosh; Intel Mac OS X 10_15_5) AppleWebKit/605.1.15 (KHTML, like Gecko) Version/13.1.1 Safari/605.1.15 (Applebot/0.1; +http://www.apple.com/go/applebot)" "-"
185.191.171.0 - - [11/Feb/2021:03:24:40 +0100] "GET /es/inicio/248-toner-hp-cf362a-amarillo.html HTTP/1.1" 200 86868 www.jlmangas.com "-" "Mozilla/5.0 (compatible; SemrushBot/7~bl; +http://www.semrush.com/bot.html)" "-"
54.36.148.0 - - [11/Feb/2021:03:26:17 +0100] "GET /es/inicio/567-toner-dell-5110-cyan.html HTTP/1.1" 200 85790 www.jlmangas.com "-" "Mozilla/5.0 (compatible; AhrefsBot/7.0; +http://ahrefs.com/robot/)" "-"
185.191.171.0 - - [11/Feb/2021:03:27:13 +0100] "GET /ca/home/1607-cinta-mecanogr%C3%A1fico-negro-sobre-amarillo-19mm-x-7m-est%C3%A1ndard-d1-cinta.html HTTP/1.1" 200 85994 www.jlmangas.com "-" "Mozilla/5.0 (compatible; SemrushBot/7~bl; +http://www.semrush.com/bot.html)" "-"
185.191.171.0 - - [11/Feb/2021:03:28:28 +0100] "GET /es/inicio/1695-ibm-4683-mod-iii-reink.html HTTP/1.1" 200 86345 www.jlmangas.com "-" "Mozilla/5.0 (compatible; SemrushBot/7~bl; +http://www.semrush.com/bot.html)" "-"
17.58.99.0 - - [11/Feb/2021:03:30:39 +0100] "GET /es/98-adhesivos-corte-y-correcion HTTP/1.1" 200 40741 www.jlmangas.com "-" "Mozilla/5.0 (Macintosh; Intel Mac OS X 10_15_5) AppleWebKit/605.1.15 (KHTML, like Gecko) Version/13.1.1 Safari/605.1.15 (Applebot/0.1; +http://www.apple.com/go/applebot)" "-"
111.202.101.0 - - [11/Feb/2021:03:34:18 +0100] "GET / HTTP/1.1" 301 - www.jl-mangas.com "-" "Sogou web spider/4.0(+http://www.sogou.com/docs/help/webmasters.htm#07)" "-"
111.202.101.0 - - [11/Feb/2021:03:34:57 +0100] "GET / HTTP/1.1" 301 - www.jlmangas.com "-" "Sogou web spider/4.0(+http://www.sogou.com/docs/help/webmasters.htm#07)" "-"
54.36.148.0 - - [11/Feb/2021:03:35:41 +0100] "GET /ca/21-laser-toner-color?p=6 HTTP/1.1" 200 72386 www.jlmangas.com "-" "Mozilla/5.0 (compatible; AhrefsBot/7.0; +http://ahrefs.com/robot/)" "-"
111.202.101.0 - - [11/Feb/2021:03:35:50 +0100] "GET / HTTP/1.1" 200 76474 www.jlmangas.com "-" "Sogou web spider/4.0(+http://www.sogou.com/docs/help/webmasters.htm#07)" "-"
185.191.171.0 - - [11/Feb/2021:03:36:34 +0100] "GET /ca/home/587-cartucho-hp-n%C2%BA-364xl-amarillo.html HTTP/1.1" 200 85040 www.jlmangas.com "-" "Mozilla/5.0 (compatible; SemrushBot/7~bl; +http://www.semrush.com/bot.html)" "-"
162.253.129.0 - - [11/Feb/2021:03:40:27 +0100] "GET /es/contactanos HTTP/1.1" 200 58683 www.jlmangas.com "-" "Mozilla/5.0 (Windows; U; Windows NT 6.0 (x86_64); de-DE) AppleWebKit/532.0 (KHTML, like Gecko) Chrome/4.0.202.2 Safari/532.0" "-"
162.253.129.0 - - [11/Feb/2021:03:40:28 +0100] "POST /es/contactanos HTTP/1.1" 200 55669 www.jlmangas.com "https://www.jlmangas.com/es/contactanos" "Mozilla/5.0 (Windows; U; Windows NT 6.0 (x86_64); de-DE) AppleWebKit/532.0 (KHTML, like Gecko) Chrome/4.0.202.2 Safari/532.0" "-"
185.191.171.0 - - [11/Feb/2021:03:41:00 +0100] "GET /ca/home/1460-toner-compatible-ricoh-type-1250d-negro.html HTTP/1.1" 200 85254 www.jlmangas.com "-" "Mozilla/5.0 (compatible; SemrushBot/7~bl; +http://www.semrush.com/bot.html)" "-"
40.77.167.0 - - [11/Feb/2021:03:44:20 +0100] "GET /ca/home/433-cartucho.html HTTP/1.1" 200 84766 www.jlmangas.com "-" "Mozilla/5.0 (compatible; bingbot/2.0; +http://www.bing.com/bingbot.htm)" "-"
54.36.148.0 - - [11/Feb/2021:03:45:26 +0100] "GET /es/inicio/1278-toner-compatible-oki-b6500-negro-toner.html HTTP/1.1" 200 86199 www.jlmangas.com "-" "Mozilla/5.0 (compatible; AhrefsBot/7.0; +http://ahrefs.com/robot/)" "-"
185.191.171.0 - - [11/Feb/2021:03:45:40 +0100] "GET /es/inicio/1567-toner-compatible-xerox-workcentre-742574287435-negro.html HTTP/1.1" 200 88660 www.jlmangas.com "-" "Mozilla/5.0 (compatible; SemrushBot/7~bl; +http://www.semrush.com/bot.html)" "-"
186.29.235.0 - - [11/Feb/2021:03:45:55 +0100] "GET /725-large_default/tinta-gen%C3%A9rica-epson-t6641-negro.jpg HTTP/1.1" 200 45533 www.jlmangas.com "https://www.google.com/" "Mozilla/5.0 (Macintosh; Intel Mac OS X 10_14_6) AppleWebKit/537.36 (KHTML, like Gecko) Chrome/88.0.4324.150 Safari/537.36" "-"
185.191.171.0 - - [11/Feb/2021:03:46:06 +0100] "GET /ca/home/1696-m-tally-mt1000-enbocadura-normal.html HTTP/1.1" 200 85115 www.jlmangas.com "-" "Mozilla/5.0 (compatible; SemrushBot/7~bl; +http://www.semrush.com/bot.html)" "-"
185.191.171.0 - - [11/Feb/2021:03:51:00 +0100] "GET /ca/home/99-lo-brother-canon-olympia-ta-gr-143.html HTTP/1.1" 200 85208 www.jlmangas.com "-" "Mozilla/5.0 (compatible; SemrushBot/7~bl; +http://www.semrush.com/bot.html)" "-"
157.55.39.0 - - [11/Feb/2021:03:51:23 +0100] "GET /444-large_default/cartucho-canon-cli8-cyan.jpg HTTP/1.1" 200 63867 www.jlmangas.com "-" "Mozilla/5.0 (compatible; bingbot/2.0; +http://www.bing.com/bingbot.htm)" "-"
40.77.167.0 - - [11/Feb/2021:03:54:26 +0100] "GET /1858-large_default/amstrad-dmp20003160-overlap-weld-de-072mm-72cm.jpg HTTP/1.1" 200 63156 www.jlmangas.com "-" "Mozilla/5.0 (compatible; bingbot/2.0; +http://www.bing.com/bingbot.htm)" "-"
54.36.148.0 - - [11/Feb/2021:03:55:11 +0100] "GET /es/inicio/1102-cartucho-compatible-lexmark-14n1616e-n%C2%BA-150-xl-magenta.html HTTP/1.1" 200 86595 www.jlmangas.com "-" "Mozilla/5.0 (compatible; AhrefsBot/7.0; +http://ahrefs.com/robot/)" "-"
157.55.39.0 - - [11/Feb/2021:03:55:52 +0100] "GET /robots.txt HTTP/1.1" 404 55397 www.jlmangas.com "-" "Mozilla/5.0 (compatible; bingbot/2.0; +http://www.bing.com/bingbot.htm)" "-"
207.46.13.0 - - [11/Feb/2021:03:56:19 +0100] "GET /es/carrito?add=1&id_product=1117&token=b0e56980a2b40b53639593bacf56a300 HTTP/1.1" 200 54682 www.jlmangas.com "-" "Mozilla/5.0 (compatible; bingbot/2.0; +http://www.bing.com/bingbot.htm)" "-"
185.191.171.0 - - [11/Feb/2021:03:57:38 +0100] "GET /es/inicio/910-toner-epson-aculaser-c4200-amarillo.html HTTP/1.1" 200 86292 www.jlmangas.com "-" "Mozilla/5.0 (compatible; SemrushBot/7~bl; +http://www.semrush.com/bot.html)" "-"
185.191.171.0 - - [11/Feb/2021:03:57:41 +0100] "GET /ca/content/17-mapa HTTP/1.1" 200 54812 www.jlmangas.com "-" "Mozilla/5.0 (compatible; SemrushBot/7~bl; +http://www.semrush.com/bot.html)" "-"
185.191.171.0 - - [11/Feb/2021:03:57:54 +0100] "GET /es/inicio/797-cartucho-epson-t0444-amarillo.html HTTP/1.1" 200 85952 www.jlmangas.com "-" "Mozilla/5.0 (compatible; SemrushBot/7~bl; +http://www.semrush.com/bot.html)" "-"
66.249.64.0 - - [11/Feb/2021:03:58:26 +0100] "GET /748-cart_default/cartucho-epson-t047-tricolor.jpg HTTP/1.1" 200 8929 www.jlmangas.com "-" "Googlebot-Image/1.0" "-"
157.55.39.0 - - [11/Feb/2021:03:59:57 +0100] "GET /ca/cart?add=1&id_product=307&token=b0e56980a2b40b53639593bacf56a300 HTTP/1.1" 200 54579 www.jlmangas.com "-" "Mozilla/5.0 (compatible; bingbot/2.0; +http://www.bing.com/bingbot.htm)" "-"
54.36.148.0 - - [11/Feb/2021:04:04:30 +0100] "GET /ca/home/405-brother-dr-241cl-tambor-de-imagen-compatible-pack-4-colores.html HTTP/1.1" 200 85640 www.jlmangas.com "-" "Mozilla/5.0 (compatible; AhrefsBot/7.0; +http://ahrefs.com/robot/)" "-"
66.249.64.0 - - [11/Feb/2021:04:04:42 +0100] "GET /ca/home/78-nakajima-ax210-gr-186c.html HTTP/1.1" 200 84884 www.jlmangas.com "-" "Mozilla/5.0 (compatible; Googlebot/2.1; +http://www.google.com/bot.html)" "-"
66.249.64.0 - - [11/Feb/2021:04:06:23 +0100] "GET /1742-cart_default/genicom-3000.jpg HTTP/1.1" 200 3912 www.jlmangas.com "-" "Googlebot-Image/1.0" "-"
185.191.171.0 - - [11/Feb/2021:04:09:01 +0100] "GET /es/inicio/113-toner-cf279a-negro.html HTTP/1.1" 200 85659 www.jlmangas.com "-" "Mozilla/5.0 (compatible; SemrushBot/7~bl; +http://www.semrush.com/bot.html)" "-"
185.191.171.0 - - [11/Feb/2021:04:11:57 +0100] "GET /es/inicio/299-cartucho-brother-lc-900-negro.html HTTP/1.1" 200 86455 www.jlmangas.com "-" "Mozilla/5.0 (compatible; SemrushBot/7~bl; +http://www.semrush.com/bot.html)" "-"
54.36.148.0 - - [11/Feb/2021:04:12:13 +0100] "GET /content/1-entregas HTTP/1.1" 301 - www.jl-mangas.com "-" "Mozilla/5.0 (compatible; AhrefsBot/7.0; +http://ahrefs.com/robot/)" "-"
54.36.149.0 - - [11/Feb/2021:04:14:38 +0100] "GET /ca/home/591-cartucho-hp-n%C2%BA-302xl-tricolor.html HTTP/1.1" 200 86203 www.jlmangas.com "-" "Mozilla/5.0 (compatible; AhrefsBot/7.0; +http://ahrefs.com/robot/)" "-"
185.191.171.0 - - [11/Feb/2021:04:14:41 +0100] "GET /robots.txt HTTP/1.1" 404 55460 www.jlmangas.com "-" "Mozilla/5.0 (compatible; SemrushBot/7~bl; +http://www.semrush.com/bot.html)" "-"
185.191.171.0 - - [11/Feb/2021:04:14:42 +0100] "GET /ca/home/66-tec-ma-1040.html HTTP/1.1" 200 84736 www.jlmangas.com "-" "Mozilla/5.0 (compatible; SemrushBot/7~bl; +http://www.semrush.com/bot.html)" "-"
185.191.171.0 - - [11/Feb/2021:04:15:38 +0100] "GET /ca/home/1625-brother-dk11209-29mm-x-62mm-800-etiquetas.html HTTP/1.1" 200 85328 www.jlmangas.com "-" "Mozilla/5.0 (compatible; SemrushBot/7~bl; +http://www.semrush.com/bot.html)" "-"
66.249.64.0 - - [11/Feb/2021:04:17:31 +0100] "GET /927-thickbox_default/toner-epson-aculaser-c900c1900-magenta.jpg HTTP/1.1" 200 68773 www.jlmangas.com "-" "Googlebot-Image/1.0" "-"
40.77.167.0 - - [11/Feb/2021:04:18:29 +0100] "GET /es/inicio/489-toner-canon-exv40-negro.html HTTP/1.1" 200 85930 www.jlmangas.com "-" "Mozilla/5.0 (compatible; bingbot/2.0; +http://www.bing.com/bingbot.htm)" "-"
185.191.171.0 - - [11/Feb/2021:04:19:32 +0100] "GET /ca/home/362-toner-brother-tn12-magenta.html HTTP/1.1" 200 84975 www.jlmangas.com "-" "Mozilla/5.0 (compatible; SemrushBot/7~bl; +http://www.semrush.com/bot.html)" "-"
34.78.139.0 - - [11/Feb/2021:04:24:00 +0100] "HEAD / HTTP/1.1" 301 - jlmangas.com "-" "axios/0.21.1" "-"
34.78.139.0 - - [11/Feb/2021:04:24:00 +0100] "HEAD / HTTP/1.1" 301 - jlmangas.com "-" "axios/0.21.1" "-"
34.78.139.0 - - [11/Feb/2021:04:24:00 +0100] "HEAD / HTTP/1.1" 301 - www.jlmangas.com "-" "axios/0.21.1" "-"
34.78.139.0 - - [11/Feb/2021:04:24:01 +0100] "HEAD / HTTP/1.1" 301 - www.jlmangas.com "-" "axios/0.21.1" "-"
34.78.139.0 - - [11/Feb/2021:04:24:01 +0100] "HEAD / HTTP/1.1" 200 - www.jlmangas.com "-" "axios/0.21.1" "-"
34.78.139.0 - - [11/Feb/2021:04:24:01 +0100] "HEAD / HTTP/1.1" 200 - www.jlmangas.com "-" "axios/0.21.1" "-"
172.245.10.0 - - [11/Feb/2021:04:24:03 +0100] "GET / HTTP/1.1" 301 - jlmangas.com "-" "Mozilla/5.0 (Linux; Android 7.0; Moto G (4)) AppleWebKit/537.36 (KHTML, like Gecko) Chrome/84.0.4143.7 Mobile Safari/537.36 Chrome-Lighthouse" "-"
172.245.90.0 - - [11/Feb/2021:04:24:04 +0100] "GET / HTTP/1.1" 301 - www.jlmangas.com "-" "Mozilla/5.0 (Linux; Android 7.0; Moto G (4)) AppleWebKit/537.36 (KHTML, like Gecko) Chrome/84.0.4143.7 Mobile Safari/537.36 Chrome-Lighthouse" "-"
181.215.199.0 - - [11/Feb/2021:04:24:05 +0100] "GET / HTTP/1.1" 200 74345 www.jlmangas.com "-" "Mozilla/5.0 (Linux; Android 7.0; Moto G (4)) AppleWebKit/537.36 (KHTML, like Gecko) Chrome/84.0.4143.7 Mobile Safari/537.36 Chrome-Lighthouse" "-"
181.215.199.0 - - [11/Feb/2021:04:24:06 +0100] "GET /themes/MegaShop/css/global.css HTTP/1.1" 200 30381 www.jlmangas.com "https://www.jlmangas.com/" "Mozilla/5.0 (Linux; Android 7.0; Moto G (4)) AppleWebKit/537.36 (KHTML, like Gecko) Chrome/84.0.4143.7 Mobile Safari/537.36 Chrome-Lighthouse" "-"
181.215.199.0 - - [11/Feb/2021:04:24:06 +0100] "GET /themes/MegaShop/css/autoload/tptnResponsive.css HTTP/1.1" 200 8752 www.jlmangas.com "https://www.jlmangas.com/" "Mozilla/5.0 (Linux; Android 7.0; Moto G (4)) AppleWebKit/537.36 (KHTML, like Gecko) Chrome/84.0.4143.7 Mobile Safari/537.36 Chrome-Lighthouse" "-"
181.215.199.0 - - [11/Feb/2021:04:24:06 +0100] "GET /themes/MegaShop/css/autoload/font-awesome.min.css HTTP/1.1" 200 31018 www.jlmangas.com "https://www.jlmangas.com/" "Mozilla/5.0 (Linux; Android 7.0; Moto G (4)) AppleWebKit/537.36 (KHTML, like Gecko) Chrome/84.0.4143.7 Mobile Safari/537.36 Chrome-Lighthouse" "-"
181.215.199.0 - - [11/Feb/2021:04:24:06 +0100] "GET /themes/MegaShop/css/autoload/bootstrap.css HTTP/1.1" 200 11907 www.jlmangas.com "https://www.jlmangas.com/" "Mozilla/5.0 (Linux; Android 7.0; Moto G (4)) AppleWebKit/537.36 (KHTML, like Gecko) Chrome/84.0.4143.7 Mobile Safari/537.36 Chrome-Lighthouse" "-"
181.215.199.0 - - [11/Feb/2021:04:24:06 +0100] "GET /js/jquery/plugins/fancybox/jquery.fancybox.css HTTP/1.1" 200 4895 www.jlmangas.com "https://www.jlmangas.com/" "Mozilla/5.0 (Linux; Android 7.0; Moto G (4)) AppleWebKit/537.36 (KHTML, like Gecko) Chrome/84.0.4143.7 Mobile Safari/537.36 Chrome-Lighthouse" "-"
181.215.199.0 - - [11/Feb/2021:04:24:06 +0100] "GET /js/jquery/plugins/autocomplete/jquery.autocomplete.css HTTP/1.1" 200 822 www.jlmangas.com "https://www.jlmangas.com/" "Mozilla/5.0 (Linux; Android 7.0; Moto G (4)) AppleWebKit/537.36 (KHTML, like Gecko) Chrome/84.0.4143.7 Mobile Safari/537.36 Chrome-Lighthouse" "-"
181.215.199.0 - - [11/Feb/2021:04:24:06 +0100] "GET /themes/MegaShop/css/modules/blocksearch/blocksearch.css HTTP/1.1" 200 896 www.jlmangas.com "https://www.jlmangas.com/" "Mozilla/5.0 (Linux; Android 7.0; Moto G (4)) AppleWebKit/537.36 (KHTML, like Gecko) Chrome/84.0.4143.7 Mobile Safari/537.36 Chrome-Lighthouse" "-"
181.215.199.0 - - [11/Feb/2021:04:24:06 +0100] "GET /themes/MegaShop/css/modules/blockcart/blockcart.css HTTP/1.1" 200 4858 www.jlmangas.com "https://www.jlmangas.com/" "Mozilla/5.0 (Linux; Android 7.0; Moto G (4)) AppleWebKit/537.36 (KHTML, like Gecko) Chrome/84.0.4143.7 Mobile Safari/537.36 Chrome-Lighthouse" "-"
181.215.199.0 - - [11/Feb/2021:04:24:06 +0100] "GET /js/jquery/plugins/bxslider/jquery.bxslider.css HTTP/1.1" 200 3363 www.jlmangas.com "https://www.jlmangas.com/" "Mozilla/5.0 (Linux; Android 7.0; Moto G (4)) AppleWebKit/537.36 (KHTML, like Gecko) Chrome/84.0.4143.7 Mobile Safari/537.36 Chrome-Lighthouse" "-"
181.215.199.0 - - [11/Feb/2021:04:24:06 +0100] "GET /modules/tptnmobilemenu/views/css/tptnmobilemenu.css HTTP/1.1" 200 1177 www.jlmangas.com "https://www.jlmangas.com/" "Mozilla/5.0 (Linux; Android 7.0; Moto G (4)) AppleWebKit/537.36 (KHTML, like Gecko) Chrome/84.0.4143.7 Mobile Safari/537.36 Chrome-Lighthouse" "-"
181.215.199.0 - - [11/Feb/2021:04:24:06 +0100] "GET /modules/tptnhomeslider/views/css/tptnslider.css HTTP/1.1" 200 1961 www.jlmangas.com "https://www.jlmangas.com/" "Mozilla/5.0 (Linux; Android 7.0; Moto G (4)) AppleWebKit/537.36 (KHTML, like Gecko) Chrome/84.0.4143.7 Mobile Safari/537.36 Chrome-Lighthouse" "-"
157.55.39.0 - - [11/Feb/2021:04:24:06 +0100] "GET /1595-large_default/toner-compatible-xerox-phaser-6350-negro.jpg HTTP/1.1" 200 43342 www.jlmangas.com "-" "Mozilla/5.0 (compatible; bingbot/2.0; +http://www.bing.com/bingbot.htm)" "-"
181.215.199.0 - - [11/Feb/2021:04:24:06 +0100] "GET /modules/blockfacebook/css/blockfacebook.css HTTP/1.1" 200 42 www.jlmangas.com "https://www.jlmangas.com/" "Mozilla/5.0 (Linux; Android 7.0; Moto G (4)) AppleWebKit/537.36 (KHTML, like Gecko) Chrome/84.0.4143.7 Mobile Safari/537.36 Chrome-Lighthouse" "-"
181.215.199.0 - - [11/Feb/2021:04:24:06 +0100] "GET /modules/paypal/views/css/paypal.css HTTP/1.1" 200 9378 www.jlmangas.com "https://www.jlmangas.com/" "Mozilla/5.0 (Linux; Android 7.0; Moto G (4)) AppleWebKit/537.36 (KHTML, like Gecko) Chrome/84.0.4143.7 Mobile Safari/537.36 Chrome-Lighthouse" "-"
181.215.199.0 - - [11/Feb/2021:04:24:06 +0100] "GET /themes/MegaShop/css/modules/blockcategories/blockcategories.css HTTP/1.1" 200 1961 www.jlmangas.com "https://www.jlmangas.com/" "Mozilla/5.0 (Linux; Android 7.0; Moto G (4)) AppleWebKit/537.36 (KHTML, like Gecko) Chrome/84.0.4143.7 Mobile Safari/537.36 Chrome-Lighthouse" "-"
181.215.199.0 - - [11/Feb/2021:04:24:06 +0100] "GET /modules/tptnthemeconfig/views/css/configstyle.css HTTP/1.1" 200 5470 www.jlmangas.com "https://www.jlmangas.com/" "Mozilla/5.0 (Linux; Android 7.0; Moto G (4)) AppleWebKit/537.36 (KHTML, like Gecko) Chrome/84.0.4143.7 Mobile Safari/537.36 Chrome-Lighthouse" "-"
181.215.199.0 - - [11/Feb/2021:04:24:06 +0100] "GET /modules/blockpermanentlinks/blockpermanentlinks.css HTTP/1.1" 200 737 www.jlmangas.com "https://www.jlmangas.com/" "Mozilla/5.0 (Linux; Android 7.0; Moto G (4)) AppleWebKit/537.36 (KHTML, like Gecko) Chrome/84.0.4143.7 Mobile Safari/537.36 Chrome-Lighthouse" "-"
181.215.199.0 - - [11/Feb/2021:04:24:06 +0100] "GET /themes/MegaShop/js/global.js HTTP/1.1" 200 12343 www.jlmangas.com "https://www.jlmangas.com/" "Mozilla/5.0 (Linux; Android 7.0; Moto G (4)) AppleWebKit/537.36 (KHTML, like Gecko) Chrome/84.0.4143.7 Mobile Safari/537.36 Chrome-Lighthouse" "-"
181.215.199.0 - - [11/Feb/2021:04:24:06 +0100] "GET /js/tools.js HTTP/1.1" 200 19353 www.jlmangas.com "https://www.jlmangas.com/" "Mozilla/5.0 (Linux; Android 7.0; Moto G (4)) AppleWebKit/537.36 (KHTML, like Gecko) Chrome/84.0.4143.7 Mobile Safari/537.36 Chrome-Lighthouse" "-"
181.215.199.0 - - [11/Feb/2021:04:24:06 +0100] "GET /themes/MegaShop/js/autoload/10-bootstrap.min.js HTTP/1.1" 200 27631 www.jlmangas.com "https://www.jlmangas.com/" "Mozilla/5.0 (Linux; Android 7.0; Moto G (4)) AppleWebKit/537.36 (KHTML, like Gecko) Chrome/84.0.4143.7 Mobile Safari/537.36 Chrome-Lighthouse" "-"
181.215.199.0 - - [11/Feb/2021:04:24:07 +0100] "GET /themes/MegaShop/js/autoload/tptnrotator.js HTTP/1.1" 200 1023 www.jlmangas.com "https://www.jlmangas.com/" "Mozilla/5.0 (Linux; Android 7.0; Moto G (4)) AppleWebKit/537.36 (KHTML, like Gecko) Chrome/84.0.4143.7 Mobile Safari/537.36 Chrome-Lighthouse" "-"
181.215.199.0 - - [11/Feb/2021:04:24:07 +0100] "GET /themes/MegaShop/js/autoload/owl.carousel.min.js HTTP/1.1" 200 43273 www.jlmangas.com "https://www.jlmangas.com/" "Mozilla/5.0 (Linux; Android 7.0; Moto G (4)) AppleWebKit/537.36 (KHTML, like Gecko) Chrome/84.0.4143.7 Mobile Safari/537.36 Chrome-Lighthouse" "-"
181.215.199.0 - - [11/Feb/2021:04:24:07 +0100] "GET /themes/MegaShop/js/autoload/15-jquery.total-storage.min.js HTTP/1.1" 200 2564 www.jlmangas.com "https://www.jlmangas.com/" "Mozilla/5.0 (Linux; Android 7.0; Moto G (4)) AppleWebKit/537.36 (KHTML, like Gecko) Chrome/84.0.4143.7 Mobile Safari/537.36 Chrome-Lighthouse" "-"
181.215.199.0 - - [11/Feb/2021:04:24:07 +0100] "GET /js/jquery/plugins/fancybox/jquery.fancybox.js HTTP/1.1" 200 23135 www.jlmangas.com "https://www.jlmangas.com/" "Mozilla/5.0 (Linux; Android 7.0; Moto G (4)) AppleWebKit/537.36 (KHTML, like Gecko) Chrome/84.0.4143.7 Mobile Safari/537.36 Chrome-Lighthouse" "-"
181.215.199.0 - - [11/Feb/2021:04:24:07 +0100] "GET /js/jquery/plugins/autocomplete/jquery.autocomplete.js HTTP/1.1" 200 19950 www.jlmangas.com "https://www.jlmangas.com/" "Mozilla/5.0 (Linux; Android 7.0; Moto G (4)) AppleWebKit/537.36 (KHTML, like Gecko) Chrome/84.0.4143.7 Mobile Safari/537.36 Chrome-Lighthouse" "-"
181.215.199.0 - - [11/Feb/2021:04:24:07 +0100] "GET /themes/MegaShop/js/modules/blocksearch/blocksearch.js HTTP/1.1" 200 3529 www.jlmangas.com "https://www.jlmangas.com/" "Mozilla/5.0 (Linux; Android 7.0; Moto G (4)) AppleWebKit/537.36 (KHTML, like Gecko) Chrome/84.0.4143.7 Mobile Safari/537.36 Chrome-Lighthouse" "-"
181.215.199.0 - - [11/Feb/2021:04:24:07 +0100] "GET /themes/MegaShop/js/modules/blockcart/ajax-cart.js HTTP/1.1" 200 31960 www.jlmangas.com "https://www.jlmangas.com/" "Mozilla/5.0 (Linux; Android 7.0; Moto G (4)) AppleWebKit/537.36 (KHTML, like Gecko) Chrome/84.0.4143.7 Mobile Safari/537.36 Chrome-Lighthouse" "-"
181.215.199.0 - - [11/Feb/2021:04:24:07 +0100] "GET /js/jquery/plugins/jquery.scrollTo.js HTTP/1.1" 200 2676 www.jlmangas.com "https://www.jlmangas.com/" "Mozilla/5.0 (Linux; Android 7.0; Moto G (4)) AppleWebKit/537.36 (KHTML, like Gecko) Chrome/84.0.4143.7 Mobile Safari/537.36 Chrome-Lighthouse" "-"
181.215.199.0 - - [11/Feb/2021:04:24:07 +0100] "GET /js/jquery/plugins/jquery.serialScroll.js HTTP/1.1" 200 2013 www.jlmangas.com "https://www.jlmangas.com/" "Mozilla/5.0 (Linux; Android 7.0; Moto G (4)) AppleWebKit/537.36 (KHTML, like Gecko) Chrome/84.0.4143.7 Mobile Safari/537.36 Chrome-Lighthouse" "-"
181.215.199.0 - - [11/Feb/2021:04:24:07 +0100] "GET /js/jquery/plugins/bxslider/jquery.bxslider.js HTTP/1.1" 200 19360 www.jlmangas.com "https://www.jlmangas.com/" "Mozilla/5.0 (Linux; Android 7.0; Moto G (4)) AppleWebKit/537.36 (KHTML, like Gecko) Chrome/84.0.4143.7 Mobile Safari/537.36 Chrome-Lighthouse" "-"
181.215.199.0 - - [11/Feb/2021:04:24:07 +0100] "GET /modules/tptnmobilemenu/views/js/tptnmobilemenu.js HTTP/1.1" 200 3282 www.jlmangas.com "https://www.jlmangas.com/" "Mozilla/5.0 (Linux; Android 7.0; Moto G (4)) AppleWebKit/537.36 (KHTML, like Gecko) Chrome/84.0.4143.7 Mobile Safari/537.36 Chrome-Lighthouse" "-"
181.215.199.0 - - [11/Feb/2021:04:24:07 +0100] "GET /modules/tptnhomeslider/views/js/tptnslider.js HTTP/1.1" 200 182 www.jlmangas.com "https://www.jlmangas.com/" "Mozilla/5.0 (Linux; Android 7.0; Moto G (4)) AppleWebKit/537.36 (KHTML, like Gecko) Chrome/84.0.4143.7 Mobile Safari/537.36 Chrome-Lighthouse" "-"
181.215.199.0 - - [11/Feb/2021:04:24:07 +0100] "GET /themes/MegaShop/js/tools/treeManagement.js HTTP/1.1" 200 3007 www.jlmangas.com "https://www.jlmangas.com/" "Mozilla/5.0 (Linux; Android 7.0; Moto G (4)) AppleWebKit/537.36 (KHTML, like Gecko) Chrome/84.0.4143.7 Mobile Safari/537.36 Chrome-Lighthouse" "-"
181.215.199.0 - - [11/Feb/2021:04:24:07 +0100] "GET /js/jquery/plugins/jquery.cooki-plugin.js HTTP/1.1" 200 1698 www.jlmangas.com "https://www.jlmangas.com/" "Mozilla/5.0 (Linux; Android 7.0; Moto G (4)) AppleWebKit/537.36 (KHTML, like Gecko) Chrome/84.0.4143.7 Mobile Safari/537.36 Chrome-Lighthouse" "-"
181.215.199.0 - - [11/Feb/2021:04:24:07 +0100] "GET /modules/tptnthemeconfig/views/js/colorpicker.js HTTP/1.1" 200 20795 www.jlmangas.com "https://www.jlmangas.com/" "Mozilla/5.0 (Linux; Android 7.0; Moto G (4)) AppleWebKit/537.36 (KHTML, like Gecko) Chrome/84.0.4143.7 Mobile Safari/537.36 Chrome-Lighthouse" "-"
181.215.199.0 - - [11/Feb/2021:04:24:07 +0100] "GET /js/jquery/plugins/jquery.hoverIntent.js HTTP/1.1" 200 1609 www.jlmangas.com "https://www.jlmangas.com/" "Mozilla/5.0 (Linux; Android 7.0; Moto G (4)) AppleWebKit/537.36 (KHTML, like Gecko) Chrome/84.0.4143.7 Mobile Safari/537.36 Chrome-Lighthouse" "-"
181.215.199.0 - - [11/Feb/2021:04:24:07 +0100] "GET /modules/tptnthemeconfig/views/js/configjs.js HTTP/1.1" 200 6595 www.jlmangas.com "https://www.jlmangas.com/" "Mozilla/5.0 (Linux; Android 7.0; Moto G (4)) AppleWebKit/537.36 (KHTML, like Gecko) Chrome/84.0.4143.7 Mobile Safari/537.36 Chrome-Lighthouse" "-"
181.215.199.0 - - [11/Feb/2021:04:24:07 +0100] "GET /themes/MegaShop/js/index.js HTTP/1.1" 200 1085 www.jlmangas.com "https://www.jlmangas.com/" "Mozilla/5.0 (Linux; Android 7.0; Moto G (4)) AppleWebKit/537.36 (KHTML, like Gecko) Chrome/84.0.4143.7 Mobile Safari/537.36 Chrome-Lighthouse" "-"
181.215.199.0 - - [11/Feb/2021:04:24:07 +0100] "GET /js/jquery/jquery-1.11.0.min.js HTTP/1.1" 200 96381 www.jlmangas.com "https://www.jlmangas.com/" "Mozilla/5.0 (Linux; Android 7.0; Moto G (4)) AppleWebKit/537.36 (KHTML, like Gecko) Chrome/84.0.4143.7 Mobile Safari/537.36 Chrome-Lighthouse" "-"
181.215.199.0 - - [11/Feb/2021:04:24:07 +0100] "GET /js/jquery/jquery-migrate-1.2.1.min.js HTTP/1.1" 200 7199 www.jlmangas.com "https://www.jlmangas.com/" "Mozilla/5.0 (Linux; Android 7.0; Moto G (4)) AppleWebKit/537.36 (KHTML, like Gecko) Chrome/84.0.4143.7 Mobile Safari/537.36 Chrome-Lighthouse" "-"
181.215.199.0 - - [11/Feb/2021:04:24:07 +0100] "GET /themes/MegaShop/js/products-comparison.js HTTP/1.1" 200 4351 www.jlmangas.com "https://www.jlmangas.com/" "Mozilla/5.0 (Linux; Android 7.0; Moto G (4)) AppleWebKit/537.36 (KHTML, like Gecko) Chrome/84.0.4143.7 Mobile Safari/537.36 Chrome-Lighthouse" "-"
181.215.199.0 - - [11/Feb/2021:04:24:07 +0100] "GET /js/jquery/plugins/jquery.easing.js HTTP/1.1" 200 4955 www.jlmangas.com "https://www.jlmangas.com/" "Mozilla/5.0 (Linux; Android 7.0; Moto G (4)) AppleWebKit/537.36 (KHTML, like Gecko) Chrome/84.0.4143.7 Mobile Safari/537.36 Chrome-Lighthouse" "-"
181.215.199.0 - - [11/Feb/2021:04:24:07 +0100] "GET /themes/MegaShop/js/autoload/tptncategories.js HTTP/1.1" 200 5872 www.jlmangas.com "https://www.jlmangas.com/" "Mozilla/5.0 (Linux; Android 7.0; Moto G (4)) AppleWebKit/537.36 (KHTML, like Gecko) Chrome/84.0.4143.7 Mobile Safari/537.36 Chrome-Lighthouse" "-"
181.215.199.0 - - [11/Feb/2021:04:24:07 +0100] "GET /modules/blockfacebook/blockfacebook.js HTTP/1.1" 200 1320 www.jlmangas.com "https://www.jlmangas.com/" "Mozilla/5.0 (Linux; Android 7.0; Moto G (4)) AppleWebKit/537.36 (KHTML, like Gecko) Chrome/84.0.4143.7 Mobile Safari/537.36 Chrome-Lighthouse" "-"
181.215.199.0 - - [11/Feb/2021:04:24:08 +0100] "GET /modules/blockbanner/img/3021936fb1eff3058307220d3ac0e7dc.jpg HTTP/1.1" 200 54100 www.jlmangas.com "https://www.jlmangas.com/" "Mozilla/5.0 (Linux; Android 7.0; Moto G (4)) AppleWebKit/537.36 (KHTML, like Gecko) Chrome/84.0.4143.7 Mobile Safari/537.36 Chrome-Lighthouse" "-"
181.215.199.0 - - [11/Feb/2021:04:24:08 +0100] "GET /img/la-tienda-del-consumible-logo-1518501362.jpg HTTP/1.1" 200 29194 www.jlmangas.com "https://www.jlmangas.com/" "Mozilla/5.0 (Linux; Android 7.0; Moto G (4)) AppleWebKit/537.36 (KHTML, like Gecko) Chrome/84.0.4143.7 Mobile Safari/537.36 Chrome-Lighthouse" "-"
181.215.199.0 - - [11/Feb/2021:04:24:08 +0100] "GET /33-small_default/epson-erc-30-34-tmu-300-375-rojanegra.jpg HTTP/1.1" 200 10873 www.jlmangas.com "https://www.jlmangas.com/" "Mozilla/5.0 (Linux; Android 7.0; Moto G (4)) AppleWebKit/537.36 (KHTML, like Gecko) Chrome/84.0.4143.7 Mobile Safari/537.36 Chrome-Lighthouse" "-"
181.215.199.0 - - [11/Feb/2021:04:24:08 +0100] "GET /40-small_default/epson-erc-39.jpg HTTP/1.1" 200 8903 www.jlmangas.com "https://www.jlmangas.com/" "Mozilla/5.0 (Linux; Android 7.0; Moto G (4)) AppleWebKit/537.36 (KHTML, like Gecko) Chrome/84.0.4143.7 Mobile Safari/537.36 Chrome-Lighthouse" "-"
181.215.199.0 - - [11/Feb/2021:04:24:08 +0100] "GET /820-small_default/cartucho-epson-t1291-negro.jpg HTTP/1.1" 200 6197 www.jlmangas.com "https://www.jlmangas.com/" "Mozilla/5.0 (Linux; Android 7.0; Moto G (4)) AppleWebKit/537.36 (KHTML, like Gecko) Chrome/84.0.4143.7 Mobile Safari/537.36 Chrome-Lighthouse" "-"
181.215.199.0 - - [11/Feb/2021:04:24:08 +0100] "GET /1802-small_default/seiko-tp-20.jpg HTTP/1.1" 200 7683 www.jlmangas.com "https://www.jlmangas.com/" "Mozilla/5.0 (Linux; Android 7.0; Moto G (4)) AppleWebKit/537.36 (KHTML, like Gecko) Chrome/84.0.4143.7 Mobile Safari/537.36 Chrome-Lighthouse" "-"
181.215.199.0 - - [11/Feb/2021:04:24:08 +0100] "GET /35-small_default/epson-erc-32-tm-935.jpg HTTP/1.1" 200 9369 www.jlmangas.com "https://www.jlmangas.com/" "Mozilla/5.0 (Linux; Android 7.0; Moto G (4)) AppleWebKit/537.36 (KHTML, like Gecko) Chrome/84.0.4143.7 Mobile Safari/537.36 Chrome-Lighthouse" "-"
181.215.199.0 - - [11/Feb/2021:04:24:08 +0100] "GET /1803-small_default/olivetti-dm-280290.jpg HTTP/1.1" 200 13920 www.jlmangas.com "https://www.jlmangas.com/" "Mozilla/5.0 (Linux; Android 7.0; Moto G (4)) AppleWebKit/537.36 (KHTML, like Gecko) Chrome/84.0.4143.7 Mobile Safari/537.36 Chrome-Lighthouse" "-"
181.215.199.0 - - [11/Feb/2021:04:24:08 +0100] "GET /themes/MegaShop/fonts/fontawesome-webfont.woff2?v=4.7.0 HTTP/1.1" 200 77160 www.jlmangas.com "https://www.jlmangas.com/themes/MegaShop/css/autoload/font-awesome.min.css" "Mozilla/5.0 (Linux; Android 7.0; Moto G (4)) AppleWebKit/537.36 (KHTML, like Gecko) Chrome/84.0.4143.7 Mobile Safari/537.36 Chrome-Lighthouse" "-"
181.215.199.0 - - [11/Feb/2021:04:24:08 +0100] "GET /26-home_default/epson-erc-03-omron-rs-1600-rs-18-rs-1150.jpg HTTP/1.1" 200 37732 www.jlmangas.com "https://www.jlmangas.com/" "Mozilla/5.0 (Linux; Android 7.0; Moto G (4)) AppleWebKit/537.36 (KHTML, like Gecko) Chrome/84.0.4143.7 Mobile Safari/537.36 Chrome-Lighthouse" "-"
181.215.199.0 - - [11/Feb/2021:04:24:08 +0100] "GET /24-home_default/omron-rs-11-rs111.jpg HTTP/1.1" 200 24855 www.jlmangas.com "https://www.jlmangas.com/" "Mozilla/5.0 (Linux; Android 7.0; Moto G (4)) AppleWebKit/537.36 (KHTML, like Gecko) Chrome/84.0.4143.7 Mobile Safari/537.36 Chrome-Lighthouse" "-"
181.215.199.0 - - [11/Feb/2021:04:24:08 +0100] "GET /25-home_default/epson-erc-02-seiko-victor-600.jpg HTTP/1.1" 200 26806 www.jlmangas.com "https://www.jlmangas.com/" "Mozilla/5.0 (Linux; Android 7.0; Moto G (4)) AppleWebKit/537.36 (KHTML, like Gecko) Chrome/84.0.4143.7 Mobile Safari/537.36 Chrome-Lighthouse" "-"
181.215.199.0 - - [11/Feb/2021:04:24:09 +0100] "GET /modules/tptnhomeslider/images/28ece2d44012da46f2b2c46613d8a46b29a9057e_prueba1.fw.png HTTP/1.1" 200 73575 www.jlmangas.com "https://www.jlmangas.com/" "Mozilla/5.0 (Linux; Android 7.0; Moto G (4)) AppleWebKit/537.36 (KHTML, like Gecko) Chrome/84.0.4143.7 Mobile Safari/537.36 Chrome-Lighthouse" "-"
181.215.199.0 - - [11/Feb/2021:04:24:09 +0100] "GET /modules/tptnhomeslider/images/4e0e658445ae242690d2c25895a080d1656a4c37_baner2.fw.png HTTP/1.1" 200 59070 www.jlmangas.com "https://www.jlmangas.com/" "Mozilla/5.0 (Linux; Android 7.0; Moto G (4)) AppleWebKit/537.36 (KHTML, like Gecko) Chrome/84.0.4143.7 Mobile Safari/537.36 Chrome-Lighthouse" "-"
181.215.199.0 - - [11/Feb/2021:04:24:09 +0100] "GET /1832-small_default/epson-erc-30-34-38-cinta-negra-indeleble.jpg HTTP/1.1" 200 8060 www.jlmangas.com "https://www.jlmangas.com/" "Mozilla/5.0 (Linux; Android 7.0; Moto G (4)) AppleWebKit/537.36 (KHTML, like Gecko) Chrome/84.0.4143.7 Mobile Safari/537.36 Chrome-Lighthouse" "-"
181.215.199.0 - - [11/Feb/2021:04:24:09 +0100] "GET /325-small_default/cartucho-brother-lc-970lc-1000-negro.jpg HTTP/1.1" 200 12170 www.jlmangas.com "https://www.jlmangas.com/" "Mozilla/5.0 (Linux; Android 7.0; Moto G (4)) AppleWebKit/537.36 (KHTML, like Gecko) Chrome/84.0.4143.7 Mobile Safari/537.36 Chrome-Lighthouse" "-"
181.215.199.0 - - [11/Feb/2021:04:24:09 +0100] "GET /821-small_default/cartucho-epson-t1292-cyan.jpg HTTP/1.1" 200 7035 www.jlmangas.com "https://www.jlmangas.com/" "Mozilla/5.0 (Linux; Android 7.0; Moto G (4)) AppleWebKit/537.36 (KHTML, like Gecko) Chrome/84.0.4143.7 Mobile Safari/537.36 Chrome-Lighthouse" "-"
181.215.199.0 - - [11/Feb/2021:04:24:09 +0100] "GET /27-home_default/epson-erc-05.jpg HTTP/1.1" 200 19813 www.jlmangas.com "https://www.jlmangas.com/" "Mozilla/5.0 (Linux; Android 7.0; Moto G (4)) AppleWebKit/537.36 (KHTML, like Gecko) Chrome/84.0.4143.7 Mobile Safari/537.36 Chrome-Lighthouse" "-"
181.215.199.0 - - [11/Feb/2021:04:24:09 +0100] "GET /816-small_default/cartucho-epson-t1291-negro.jpg HTTP/1.1" 200 6197 www.jlmangas.com "https://www.jlmangas.com/" "Mozilla/5.0 (Linux; Android 7.0; Moto G (4)) AppleWebKit/537.36 (KHTML, like Gecko) Chrome/84.0.4143.7 Mobile Safari/537.36 Chrome-Lighthouse" "-"
181.215.199.0 - - [11/Feb/2021:04:24:09 +0100] "GET /29-home_default/epson-erc-11-tm-45.jpg HTTP/1.1" 200 17658 www.jlmangas.com "https://www.jlmangas.com/" "Mozilla/5.0 (Linux; Android 7.0; Moto G (4)) AppleWebKit/537.36 (KHTML, like Gecko) Chrome/84.0.4143.7 Mobile Safari/537.36 Chrome-Lighthouse" "-"
181.215.199.0 - - [11/Feb/2021:04:24:09 +0100] "GET /28-home_default/epson-erc-09-hx-20.jpg HTTP/1.1" 200 21165 www.jlmangas.com "https://www.jlmangas.com/" "Mozilla/5.0 (Linux; Android 7.0; Moto G (4)) AppleWebKit/537.36 (KHTML, like Gecko) Chrome/84.0.4143.7 Mobile Safari/537.36 Chrome-Lighthouse" "-"
181.215.199.0 - - [11/Feb/2021:04:24:09 +0100] "GET /30-home_default/epson-erc-18-omron-rs55rs55104143.jpg HTTP/1.1" 200 33775 www.jlmangas.com "https://www.jlmangas.com/" "Mozilla/5.0 (Linux; Android 7.0; Moto G (4)) AppleWebKit/537.36 (KHTML, like Gecko) Chrome/84.0.4143.7 Mobile Safari/537.36 Chrome-Lighthouse" "-"
181.215.199.0 - - [11/Feb/2021:04:24:09 +0100] "GET /31-home_default/epson-erc-23-tm-210.jpg HTTP/1.1" 200 20339 www.jlmangas.com "https://www.jlmangas.com/" "Mozilla/5.0 (Linux; Android 7.0; Moto G (4)) AppleWebKit/537.36 (KHTML, like Gecko) Chrome/84.0.4143.7 Mobile Safari/537.36 Chrome-Lighthouse" "-"
181.215.199.0 - - [11/Feb/2021:04:24:09 +0100] "GET /32-home_default/epson-erc-30-34-tmu-300-375.jpg HTTP/1.1" 200 27905 www.jlmangas.com "https://www.jlmangas.com/" "Mozilla/5.0 (Linux; Android 7.0; Moto G (4)) AppleWebKit/537.36 (KHTML, like Gecko) Chrome/84.0.4143.7 Mobile Safari/537.36 Chrome-Lighthouse" "-"
181.215.199.0 - - [11/Feb/2021:04:24:09 +0100] "GET /33-home_default/epson-erc-30-34-tmu-300-375-rojanegra.jpg HTTP/1.1" 200 39234 www.jlmangas.com "https://www.jlmangas.com/" "Mozilla/5.0 (Linux; Android 7.0; Moto G (4)) AppleWebKit/537.36 (KHTML, like Gecko) Chrome/84.0.4143.7 Mobile Safari/537.36 Chrome-Lighthouse" "-"
54.36.148.0 - - [11/Feb/2021:04:24:09 +0100] "GET /es/inicio/1099-cartucho-compatible-lexmark-13400hc-n%C2%BA-134-negro.html HTTP/1.1" 200 87185 www.jlmangas.com "-" "Mozilla/5.0 (compatible; AhrefsBot/7.0; +http://ahrefs.com/robot/)" "-"
181.215.199.0 - - [11/Feb/2021:04:24:09 +0100] "GET /img/paypal.gif HTTP/1.1" 200 5996 www.jlmangas.com "https://www.jlmangas.com/" "Mozilla/5.0 (Linux; Android 7.0; Moto G (4)) AppleWebKit/537.36 (KHTML, like Gecko) Chrome/84.0.4143.7 Mobile Safari/537.36 Chrome-Lighthouse" "-"
207.46.13.0 - - [11/Feb/2021:04:26:21 +0100] "GET /1181-large_default/tambor-de-imagen-generico-e260x22g-drum-lexmark-e260e360e460x264x364x463x466.jpg HTTP/1.1" 200 13355 www.jlmangas.com "-" "Mozilla/5.0 (compatible; bingbot/2.0; +http://www.bing.com/bingbot.htm)" "-"
157.55.39.0 - - [11/Feb/2021:04:28:07 +0100] "GET /ca/cart?add=1&id_product=569&token=b0e56980a2b40b53639593bacf56a300 HTTP/1.1" 200 54579 www.jlmangas.com "-" "Mozilla/5.0 (compatible; bingbot/2.0; +http://www.bing.com/bingbot.htm)" "-"
185.191.171.0 - - [11/Feb/2021:04:29:34 +0100] "GET /ca/67-laser-toner-color?p=4 HTTP/1.1" 200 73630 www.jlmangas.com "-" "Mozilla/5.0 (compatible; SemrushBot/7~bl; +http://www.semrush.com/bot.html)" "-"
185.191.171.0 - - [11/Feb/2021:04:29:43 +0100] "GET /ca/home/381-toner-brother-tn326-amarillo.html HTTP/1.1" 200 85017 www.jlmangas.com "-" "Mozilla/5.0 (compatible; SemrushBot/7~bl; +http://www.semrush.com/bot.html)" "-"
185.191.171.0 - - [11/Feb/2021:04:30:48 +0100] "GET /es/inicio/985-toner-kyocera-tk410-negro.html HTTP/1.1" 200 87116 www.jlmangas.com "-" "Mozilla/5.0 (compatible; SemrushBot/7~bl; +http://www.semrush.com/bot.html)" "-"
13.66.139.0 - - [11/Feb/2021:04:31:05 +0100] "GET /ca/home/767-cartucho-epson-t1291-negro.html HTTP/1.1" 200 87919 www.jlmangas.com "-" "Mozilla/5.0 (compatible; bingbot/2.0; +http://www.bing.com/bingbot.htm)" "-"
185.191.171.0 - - [11/Feb/2021:04:31:28 +0100] "GET /ca/cintas-matriciales-registradoras/1752-rodillo-cp-13.html HTTP/1.1" 200 69020 www.jlmangas.com "-" "Mozilla/5.0 (compatible; SemrushBot/7~bl; +http://www.semrush.com/bot.html)" "-"
54.36.148.0 - - [11/Feb/2021:04:34:03 +0100] "GET /es/inicio/1395-tambor-de-imagen-generico-oki-c7100c7300c7350c7500-amarillo.html HTTP/1.1" 200 86678 www.jlmangas.com "-" "Mozilla/5.0 (compatible; AhrefsBot/7.0; +http://ahrefs.com/robot/)" "-"
91.217.81.0 - - [11/Feb/2021:04:35:04 +0100] "GET /es/mi-cuenta HTTP/1.1" 302 - www.jlmangas.com "-" "-" "-"
91.217.81.0 - - [11/Feb/2021:04:35:05 +0100] "GET /es/inicio-sesion?back=my-account HTTP/1.1" 200 64507 www.jlmangas.com "-" "-" "-"
91.217.81.0 - - [11/Feb/2021:04:35:06 +0100] "POST /es/inicio-sesion HTTP/1.1" 302 - www.jlmangas.com "-" "-" "-"
91.217.81.0 - - [11/Feb/2021:04:35:07 +0100] "GET /es/mi-cuenta HTTP/1.1" 200 57326 www.jlmangas.com "-" "-" "-"
185.191.171.0 - - [11/Feb/2021:04:42:38 +0100] "GET /es/inicio/965-toner-kyocera-tk18-negro.html HTTP/1.1" 200 86023 www.jlmangas.com "-" "Mozilla/5.0 (compatible; SemrushBot/7~bl; +http://www.semrush.com/bot.html)" "-"
54.36.148.0 - - [11/Feb/2021:04:43:45 +0100] "GET /es/inicio/1141-toner-generico-c540h1kg-lexmark-c540nc544dnx544n-negro.html HTTP/1.1" 200 86985 www.jlmangas.com "-" "Mozilla/5.0 (compatible; AhrefsBot/7.0; +http://ahrefs.com/robot/)" "-"
185.191.171.0 - - [11/Feb/2021:04:46:17 +0100] "GET /es/inicio/1242-toner-samsung-clp620clp670clx6220clx6250-negro.html HTTP/1.1" 200 86613 www.jlmangas.com "-" "Mozilla/5.0 (compatible; SemrushBot/7~bl; +http://www.semrush.com/bot.html)" "-"
185.191.171.0 - - [11/Feb/2021:04:46:50 +0100] "GET /es/inicio/140-toner-hp-3942x45a-negro.html HTTP/1.1" 200 85820 www.jlmangas.com "-" "Mozilla/5.0 (compatible; SemrushBot/7~bl; +http://www.semrush.com/bot.html)" "-"
184.154.76.0 - - [11/Feb/2021:04:49:04 +0100] "GET / HTTP/1.1" 301 - www.jlmangas.com "http://www.google.com/url?url=www.jlmangas.com&yahoo.com" "Mozilla/5.0 (compatible; MSIE 9.0; Windows NT 6.1; WOW64; Trident/6.0)" "-"
184.154.76.0 - - [11/Feb/2021:04:49:05 +0100] "GET / HTTP/1.1" 200 76474 www.jlmangas.com "http://www.google.com/url?url=www.jlmangas.com&yahoo.com" "Mozilla/5.0 (compatible; MSIE 9.0; Windows NT 6.1; WOW64; Trident/6.0)" "-"
184.154.76.0 - - [11/Feb/2021:04:49:07 +0100] "GET /th1s_1s_a_4o4.html HTTP/1.1" 404 55460 www.jlmangas.com "-" "SiteLockSpider [en] (WinNT; I ;Nav)" "-"
184.154.76.0 - - [11/Feb/2021:04:49:09 +0100] "GET /es/24-brother HTTP/1.1" 200 38562 www.jlmangas.com "http://www.google.com/url?url=www.jlmangas.com&yahoo.com" "Mozilla/5.0 (compatible; MSIE 9.0; Windows NT 6.1; WOW64; Trident/6.0)" "-"
184.154.76.0 - - [11/Feb/2021:04:49:10 +0100] "GET /es/57-inkjet HTTP/1.1" 200 43586 www.jlmangas.com "-" "SiteLockSpider [en] (WinNT; I ;Nav)" "-"
184.154.76.0 - - [11/Feb/2021:04:49:12 +0100] "GET /themes/MegaShop/js/autoload/tptncategories.js HTTP/1.1" 200 5872 www.jlmangas.com "http://www.google.com/url?url=www.jlmangas.com&yahoo.com" "Mozilla/5.0 (compatible; MSIE 9.0; Windows NT 6.1; WOW64; Trident/6.0)" "-"
184.154.76.0 - - [11/Feb/2021:04:49:12 +0100] "GET / HTTP/1.1" 200 76474 www.jlmangas.com "http://www.google.com/url?url=www.jlmangas.com&yahoo.com" "Mozilla/5.0 (compatible; MSIE 9.0; Windows NT 6.1; WOW64; Trident/6.0)" "-"
184.154.76.0 - - [11/Feb/2021:04:49:14 +0100] "GET /themes/MegaShop/css/autoload/tptnResponsive.css HTTP/1.1" 200 8752 www.jlmangas.com "http://www.google.com/url?url=www.jlmangas.com&yahoo.com" "Mozilla/5.0 (compatible; MSIE 9.0; Windows NT 6.1; WOW64; Trident/6.0)" "-"
184.154.76.0 - - [11/Feb/2021:04:49:14 +0100] "GET /es/74-xerox HTTP/1.1" 200 36858 www.jlmangas.com "-" "SiteLockSpider [en] (WinNT; I ;Nav)" "-"
184.154.76.0 - - [11/Feb/2021:04:49:16 +0100] "GET /es/101-papel-de-oficina-y-etiquetas HTTP/1.1" 200 41084 www.jlmangas.com "-" "SiteLockSpider [en] (WinNT; I ;Nav)" "-"
184.154.76.0 - - [11/Feb/2021:04:49:17 +0100] "GET /es/tiendas HTTP/1.1" 200 57548 www.jlmangas.com "-" "SiteLockSpider [en] (WinNT; I ;Nav)" "-"
184.154.76.0 - - [11/Feb/2021:04:49:19 +0100] "GET /es/34-inkjet HTTP/1.1" 200 43083 www.jlmangas.com "-" "SiteLockSpider [en] (WinNT; I ;Nav)" "-"
184.154.76.0 - - [11/Feb/2021:04:49:21 +0100] "GET /content/12-buscar HTTP/1.1" 301 - www.jlmangas.com "http://www.google.com/url?url=www.jlmangas.com&yahoo.com" "Mozilla/5.0 (compatible; MSIE 9.0; Windows NT 6.1; WOW64; Trident/6.0)" "-"
184.154.76.0 - - [11/Feb/2021:04:49:22 +0100] "GET /content/12-buscar HTTP/1.1" 200 55824 www.jlmangas.com "http://www.google.com/url?url=www.jlmangas.com&yahoo.com" "Mozilla/5.0 (compatible; MSIE 9.0; Windows NT 6.1; WOW64; Trident/6.0)" "-"
185.191.171.0 - - [11/Feb/2021:04:51:52 +0100] "GET /es/inicio/355-toner-brother-tn04-negro.html HTTP/1.1" 200 85845 www.jlmangas.com "-" "Mozilla/5.0 (compatible; SemrushBot/7~bl; +http://www.semrush.com/bot.html)" "-"
54.36.149.0 - - [11/Feb/2021:04:53:44 +0100] "GET /es/inicio/1396-tambor-compatible-oki-c8600c8800c810c830c801c821c860-negro.html HTTP/1.1" 200 87226 www.jlmangas.com "-" "Mozilla/5.0 (compatible; AhrefsBot/7.0; +http://ahrefs.com/robot/)" "-"
185.191.171.0 - - [11/Feb/2021:04:54:55 +0100] "GET /es/101-papel-de-oficina-y-etiquetas HTTP/1.1" 200 41084 www.jlmangas.com "-" "Mozilla/5.0 (compatible; SemrushBot/7~bl; +http://www.semrush.com/bot.html)" "-"
185.191.171.0 - - [11/Feb/2021:04:55:33 +0100] "GET /es/inicio/829-cartucho-epson-t0613-magenta.html HTTP/1.1" 200 87574 www.jlmangas.com "-" "Mozilla/5.0 (compatible; SemrushBot/7~bl; +http://www.semrush.com/bot.html)" "-"
185.191.171.0 - - [11/Feb/2021:04:56:59 +0100] "GET /ca/home/1620-impresi%C3%B3n-de-etiquetas-etiquetas-para-direcci%C3%B3nes-89x36mm-blanco-2x260-unidades.html HTTP/1.1" 200 86225 www.jlmangas.com "-" "Mozilla/5.0 (compatible; SemrushBot/7~bl; +http://www.semrush.com/bot.html)" "-"
207.46.13.0 - - [11/Feb/2021:04:57:51 +0100] "GET /es/carrito?add=1&id_product=968&token=b0e56980a2b40b53639593bacf56a300 HTTP/1.1" 200 54681 www.jlmangas.com "-" "Mozilla/5.0 (compatible; bingbot/2.0; +http://www.bing.com/bingbot.htm)" "-"
54.36.148.0 - - [11/Feb/2021:05:00:14 +0100] "GET /robots.txt HTTP/1.1" 301 - www.jl-mangas.com "-" "Mozilla/5.0 (compatible; AhrefsBot/6.1; +http://ahrefs.com/robot/)" "-"
54.36.148.0 - - [11/Feb/2021:05:00:15 +0100] "GET / HTTP/1.1" 301 - www.jlmangas.com "-" "Mozilla/5.0 (compatible; AhrefsBot/6.1; +http://ahrefs.com/robot/)" "-"
54.36.148.0 - - [11/Feb/2021:05:00:15 +0100] "GET / HTTP/1.1" 200 76474 www.jlmangas.com "-" "Mozilla/5.0 (compatible; AhrefsBot/6.1; +http://ahrefs.com/robot/)" "-"
54.36.149.0 - - [11/Feb/2021:05:00:16 +0100] "GET /inicio/657-canon-cp12.html HTTP/1.1" 301 - www.jl-mangas.com "-" "Mozilla/5.0 (compatible; AhrefsBot/7.0; +http://ahrefs.com/robot/)" "-"
157.55.39.0 - - [11/Feb/2021:05:01:28 +0100] "GET /378-thickbox_default/toner-brother-tn3480-negro.jpg HTTP/1.1" 200 21066 www.jlmangas.com "-" "Mozilla/5.0 (compatible; bingbot/2.0; +http://www.bing.com/bingbot.htm)" "-"
185.191.171.0 - - [11/Feb/2021:05:01:41 +0100] "GET /es/inicio/830-cartucho-epson-t0614-amarillo.html HTTP/1.1" 200 87595 www.jlmangas.com "-" "Mozilla/5.0 (compatible; SemrushBot/7~bl; +http://www.semrush.com/bot.html)" "-"
40.77.167.0 - - [11/Feb/2021:05:02:09 +0100] "GET /ca/home/135-toner-hp-1338a-negro.html HTTP/1.1" 200 84848 www.jlmangas.com "-" "Mozilla/5.0 (compatible; bingbot/2.0; +http://www.bing.com/bingbot.htm)" "-"
54.36.148.0 - - [11/Feb/2021:05:02:34 +0100] "GET /ca/cart?add=1&id_product=1583 HTTP/1.1" 302 - www.jlmangas.com "-" "Mozilla/5.0 (compatible; AhrefsBot/7.0; +http://ahrefs.com/robot/)" "-"
54.36.148.0 - - [11/Feb/2021:05:03:24 +0100] "GET /ca/39-inkjet?p=5 HTTP/1.1" 200 73282 www.jlmangas.com "-" "Mozilla/5.0 (compatible; AhrefsBot/7.0; +http://ahrefs.com/robot/)" "-"
207.46.13.0 - - [11/Feb/2021:05:03:31 +0100] "GET /es/cintas-matriciales-registradoras/1754-olivetti-pr-24.html HTTP/1.1" 200 70810 www.jlmangas.com "-" "Mozilla/5.0 (compatible; bingbot/2.0; +http://www.bing.com/bingbot.htm)" "-"
185.191.171.0 - - [11/Feb/2021:05:05:03 +0100] "GET /ca/home/158-toner-hp-c7115a-negro.html HTTP/1.1" 200 84859 www.jlmangas.com "-" "Mozilla/5.0 (compatible; SemrushBot/7~bl; +http://www.semrush.com/bot.html)" "-"
66.249.64.0 - - [11/Feb/2021:05:05:10 +0100] "GET /ca/home/505-toner-dell-12301235-amarillo.html HTTP/1.1" 200 85027 www.jlmangas.com "-" "Mozilla/5.0 (Linux; Android 6.0.1; Nexus 5X Build/MMB29P) AppleWebKit/537.36 (KHTML, like Gecko) Chrome/88.0.4324.175 Mobile Safari/537.36 (compatible; Googlebot/2.1; +http://www.google.com/bot.html)" "-"
13.66.139.0 - - [11/Feb/2021:05:05:34 +0100] "GET /es/inicio/1651-epson-dlq-3000.html HTTP/1.1" 200 86168 www.jlmangas.com "-" "Mozilla/5.0 (compatible; bingbot/2.0; +http://www.bing.com/bingbot.htm)" "-"
207.46.13.0 - - [11/Feb/2021:05:08:19 +0100] "GET /1272-large_default/toner-samsung-clp360clp365clx3300clx3305xpress-c410xpress-c460-magenta.jpg HTTP/1.1" 200 63386 www.jlmangas.com "-" "Mozilla/5.0 (compatible; bingbot/2.0; +http://www.bing.com/bingbot.htm)" "-"
185.191.171.0 - - [11/Feb/2021:05:09:29 +0100] "GET /ca/78-filamentos-de-impresora-3d HTTP/1.1" 200 36876 www.jlmangas.com "-" "Mozilla/5.0 (compatible; SemrushBot/7~bl; +http://www.semrush.com/bot.html)" "-"
66.249.64.0 - - [11/Feb/2021:05:10:07 +0100] "GET /es/inicio/1208-toner-samsung-clp315clp310clx3170clx3175-amarillo.html HTTP/1.1" 200 86757 www.jlmangas.com "-" "Mozilla/5.0 (compatible; Googlebot/2.1; +http://www.google.com/bot.html)" "-"
46.101.80.0 - - [11/Feb/2021:05:11:37 +0100] "GET / HTTP/1.1" 301 - jlmangas.com "-" "Mozilla/5.0 (Windows NT 6.0) AppleWebKit/537.36 (KHTML, like Gecko) Chrome/34.0.1847.116 Safari/537.36" "-"
46.101.80.0 - - [11/Feb/2021:05:11:38 +0100] "GET / HTTP/1.1" 301 - www.jlmangas.com "-" "Mozilla/5.0 (Windows NT 6.0) AppleWebKit/537.36 (KHTML, like Gecko) Chrome/34.0.1847.116 Safari/537.36" "-"
91.217.81.0 - - [11/Feb/2021:05:12:42 +0100] "GET /es/mi-cuenta HTTP/1.1" 302 - www.jlmangas.com "-" "-" "-"
91.217.81.0 - - [11/Feb/2021:05:12:42 +0100] "GET /es/inicio-sesion?back=my-account HTTP/1.1" 200 64507 www.jlmangas.com "-" "-" "-"
91.217.81.0 - - [11/Feb/2021:05:12:43 +0100] "POST /es/inicio-sesion HTTP/1.1" 302 - www.jlmangas.com "-" "-" "-"
91.217.81.0 - - [11/Feb/2021:05:12:44 +0100] "GET /es/mi-cuenta HTTP/1.1" 200 57326 www.jlmangas.com "-" "-" "-"
54.36.148.0 - - [11/Feb/2021:05:13:07 +0100] "GET /ca/67-laser-toner-color?p=2 HTTP/1.1" 200 73706 www.jlmangas.com "-" "Mozilla/5.0 (compatible; AhrefsBot/7.0; +http://ahrefs.com/robot/)" "-"
185.191.171.0 - - [11/Feb/2021:05:13:14 +0100] "GET /es/inicio/1372-toner-remanufacturado-oki-c9600c9650c9800c9850-cyan.html HTTP/1.1" 200 86682 www.jlmangas.com "-" "Mozilla/5.0 (compatible; SemrushBot/7~bl; +http://www.semrush.com/bot.html)" "-"
66.249.64.0 - - [11/Feb/2021:05:13:18 +0100] "GET /ca/home/301-cartucho-brother-lc-900-amarillo.html HTTP/1.1" 200 85081 www.jlmangas.com "-" "Mozilla/5.0 (compatible; Googlebot/2.1; +http://www.google.com/bot.html)" "-"
185.191.171.0 - - [11/Feb/2021:05:13:46 +0100] "GET /es/inicio/922-toner-konica-minolta-tn114tn101k-negro.html HTTP/1.1" 200 87003 www.jlmangas.com "-" "Mozilla/5.0 (compatible; SemrushBot/7~bl; +http://www.semrush.com/bot.html)" "-"
185.191.171.0 - - [11/Feb/2021:05:16:08 +0100] "GET /robots.txt HTTP/1.1" 404 55460 www.jlmangas.com "-" "Mozilla/5.0 (compatible; SemrushBot/7~bl; +http://www.semrush.com/bot.html)" "-"
185.191.171.0 - - [11/Feb/2021:05:16:08 +0100] "GET /ca/home/1612-brother-tze-231-12mm-negroblanco.html HTTP/1.1" 200 85201 www.jlmangas.com "-" "Mozilla/5.0 (compatible; SemrushBot/7~bl; +http://www.semrush.com/bot.html)" "-"
185.191.171.0 - - [11/Feb/2021:05:16:44 +0100] "GET /es/inicio/1389-tambor-oki-compatible-c5600c5700c5800c5900c5500c5650c5750c58505950mc560c610-cyan.html HTTP/1.1" 200 87179 www.jlmangas.com "-" "Mozilla/5.0 (compatible; SemrushBot/7~bl; +http://www.semrush.com/bot.html)" "-"
185.191.171.0 - - [11/Feb/2021:05:18:48 +0100] "GET /es/inicio/1781-hp-301-color-original.html HTTP/1.1" 200 86513 www.jlmangas.com "-" "Mozilla/5.0 (compatible; SemrushBot/7~bl; +http://www.semrush.com/bot.html)" "-"
185.191.171.0 - - [11/Feb/2021:05:18:57 +0100] "GET /es/inicio/493-toner-dell-b1160b1165-negro.html HTTP/1.1" 200 86016 www.jlmangas.com "-" "Mozilla/5.0 (compatible; SemrushBot/7~bl; +http://www.semrush.com/bot.html)" "-"
207.46.13.0 - - [11/Feb/2021:05:19:34 +0100] "GET /es/inicio/1277-toner-compatible-oki-b6200b6300-negro.html HTTP/1.1" 200 86303 www.jlmangas.com "-" "Mozilla/5.0 (compatible; bingbot/2.0; +http://www.bing.com/bingbot.htm)" "-"
185.191.171.0 - - [11/Feb/2021:05:21:20 +0100] "GET /ca/home/523-toner-dell-2145-negro.html HTTP/1.1" 200 84870 www.jlmangas.com "-" "Mozilla/5.0 (compatible; SemrushBot/7~bl; +http://www.semrush.com/bot.html)" "-"
54.36.148.0 - - [11/Feb/2021:05:22:47 +0100] "GET /ca/26-l%C3%A1ser-toner-monocromo?p=2 HTTP/1.1" 200 50052 www.jlmangas.com "-" "Mozilla/5.0 (compatible; AhrefsBot/7.0; +http://ahrefs.com/robot/)" "-"
185.191.171.0 - - [11/Feb/2021:05:23:17 +0100] "GET /es/inicio/234-toner-hp-ce410x-negro.html HTTP/1.1" 200 87193 www.jlmangas.com "-" "Mozilla/5.0 (compatible; SemrushBot/7~bl; +http://www.semrush.com/bot.html)" "-"
185.191.171.0 - - [11/Feb/2021:05:23:22 +0100] "GET /es/inicio/1060-toner-kyocera-tk8305-negro.html HTTP/1.1" 200 85890 www.jlmangas.com "-" "Mozilla/5.0 (compatible; SemrushBot/7~bl; +http://www.semrush.com/bot.html)" "-"
