13.66.139.0 - - [11/Feb/2021:14:24:18 +0100] "GET /ca/home/82-olivetti-et20002200-wordcart-gr-313c.html HTTP/1.1" 200 85188 www.jlmangas.com "-" "Mozilla/5.0 (compatible; bingbot/2.0; +http://www.bing.com/bingbot.htm)" "-"
54.36.148.0 - - [11/Feb/2021:14:24:41 +0100] "GET /es/inicio/53-canon-cp11-gr-743.html HTTP/1.1" 200 85200 www.jlmangas.com "-" "Mozilla/5.0 (compatible; AhrefsBot/7.0; +http://ahrefs.com/robot/)" "-"
184.154.76.0 - - [11/Feb/2021:14:25:23 +0100] "GET / HTTP/1.1" 301 - www.jl-mangas.com "http://www.google.com/url?url=www.jl-mangas.com&yahoo.com" "Mozilla/5.0 (compatible; MSIE 9.0; Windows NT 6.1; WOW64; Trident/6.0)" "-"
184.154.76.0 - - [11/Feb/2021:14:25:24 +0100] "GET /th1s_1s_a_4o4.html HTTP/1.1" 301 - www.jl-mangas.com "http://www.google.com/url?url=www.jl-mangas.com&yahoo.com" "Mozilla/5.0 (compatible; MSIE 9.0; Windows NT 6.1; WOW64; Trident/6.0)" "-"
185.191.171.0 - - [11/Feb/2021:14:26:12 +0100] "GET /es/inicio/662-cartucho-hp-n%C2%BA-342-tricolor.html HTTP/1.1" 200 95075 www.jlmangas.com "-" "Mozilla/5.0 (compatible; SemrushBot/7~bl; +http://www.semrush.com/bot.html)" "-"
185.191.171.0 - - [11/Feb/2021:14:28:41 +0100] "GET /es/inicio/1365-toner-remanufacturado.html HTTP/1.1" 200 86105 www.jlmangas.com "-" "Mozilla/5.0 (compatible; SemrushBot/7~bl; +http://www.semrush.com/bot.html)" "-"
185.191.171.0 - - [11/Feb/2021:14:29:51 +0100] "GET /ca/home/1355-toner-remanufacturado-oki-c5850c5950mc560-negro.html HTTP/1.1" 200 85453 www.jlmangas.com "-" "Mozilla/5.0 (compatible; SemrushBot/7~bl; +http://www.semrush.com/bot.html)" "-"
185.191.171.0 - - [11/Feb/2021:14:34:18 +0100] "GET /robots.txt HTTP/1.1" 404 55460 www.jlmangas.com "-" "Mozilla/5.0 (compatible; SemrushBot/7~bl; +http://www.semrush.com/bot.html)" "-"
185.191.171.0 - - [11/Feb/2021:14:34:19 +0100] "GET /ca/home/136-toner-hp-1339a-negro.html HTTP/1.1" 200 84849 www.jlmangas.com "-" "Mozilla/5.0 (compatible; SemrushBot/7~bl; +http://www.semrush.com/bot.html)" "-"
91.217.81.0 - - [11/Feb/2021:14:37:34 +0100] "GET /es/mi-cuenta HTTP/1.1" 302 - www.jlmangas.com "-" "-" "-"
91.217.81.0 - - [11/Feb/2021:14:37:35 +0100] "GET /es/inicio-sesion?back=my-account HTTP/1.1" 200 64507 www.jlmangas.com "-" "-" "-"
91.217.81.0 - - [11/Feb/2021:14:37:37 +0100] "POST /es/inicio-sesion HTTP/1.1" 302 - www.jlmangas.com "-" "-" "-"
91.217.81.0 - - [11/Feb/2021:14:37:38 +0100] "GET /es/mi-cuenta HTTP/1.1" 200 57326 www.jlmangas.com "-" "-" "-"
54.36.149.0 - - [11/Feb/2021:14:37:50 +0100] "GET /ca/107-informatica HTTP/1.1" 200 73720 www.jlmangas.com "-" "Mozilla/5.0 (compatible; AhrefsBot/7.0; +http://ahrefs.com/robot/)" "-"
185.191.171.0 - - [11/Feb/2021:14:40:38 +0100] "GET /es/inicio/1472-toner-compatible-xerox-3250-negro.html HTTP/1.1" 200 86157 www.jlmangas.com "-" "Mozilla/5.0 (compatible; SemrushBot/7~bl; +http://www.semrush.com/bot.html)" "-"
66.249.64.0 - - [11/Feb/2021:14:41:35 +0100] "GET /es/inicio/1726-seikosha-bp5420.html HTTP/1.1" 200 86030 www.jlmangas.com "-" "Mozilla/5.0 (Linux; Android 6.0.1; Nexus 5X Build/MMB29P) AppleWebKit/537.36 (KHTML, like Gecko) Chrome/88.0.4324.175 Mobile Safari/537.36 (compatible; Googlebot/2.1; +http://www.google.com/bot.html)" "-"
66.249.64.0 - - [11/Feb/2021:14:43:07 +0100] "GET /es/inicio/1273-toner-remanufacturado.html HTTP/1.1" 200 85983 www.jlmangas.com "-" "Mozilla/5.0 (compatible; Googlebot/2.1; +http://www.google.com/bot.html)" "-"
185.191.171.0 - - [11/Feb/2021:14:46:01 +0100] "GET /ca/home/1180-toner-generico-ml-1210d3-samsung-ml1210-negro.html HTTP/1.1" 200 85391 www.jlmangas.com "-" "Mozilla/5.0 (compatible; SemrushBot/7~bl; +http://www.semrush.com/bot.html)" "-"
31.4.241.0 - - [11/Feb/2021:14:46:24 +0100] "GET / HTTP/1.1" 200 74159 www.jlmangas.com "-" "Mozilla/5.0 (X11; Ubuntu; Linux x86_64; rv:84.0) Gecko/20100101 Firefox/84.0" "-"
31.4.241.0 - - [11/Feb/2021:14:46:24 +0100] "GET /themes/MegaShop/css/autoload/tptnResponsive.css HTTP/1.1" 200 8752 www.jlmangas.com "https://www.jlmangas.com/" "Mozilla/5.0 (X11; Ubuntu; Linux x86_64; rv:84.0) Gecko/20100101 Firefox/84.0" "-"
31.4.241.0 - - [11/Feb/2021:14:46:24 +0100] "GET /themes/MegaShop/css/autoload/font-awesome.min.css HTTP/1.1" 200 31018 www.jlmangas.com "https://www.jlmangas.com/" "Mozilla/5.0 (X11; Ubuntu; Linux x86_64; rv:84.0) Gecko/20100101 Firefox/84.0" "-"
31.4.241.0 - - [11/Feb/2021:14:46:24 +0100] "GET /themes/MegaShop/css/autoload/bootstrap.css HTTP/1.1" 200 11907 www.jlmangas.com "https://www.jlmangas.com/" "Mozilla/5.0 (X11; Ubuntu; Linux x86_64; rv:84.0) Gecko/20100101 Firefox/84.0" "-"
31.4.241.0 - - [11/Feb/2021:14:46:24 +0100] "GET /themes/MegaShop/css/modules/blocksearch/blocksearch.css HTTP/1.1" 200 896 www.jlmangas.com "https://www.jlmangas.com/" "Mozilla/5.0 (X11; Ubuntu; Linux x86_64; rv:84.0) Gecko/20100101 Firefox/84.0" "-"
31.4.241.0 - - [11/Feb/2021:14:46:24 +0100] "GET /js/jquery/plugins/autocomplete/jquery.autocomplete.css HTTP/1.1" 200 822 www.jlmangas.com "https://www.jlmangas.com/" "Mozilla/5.0 (X11; Ubuntu; Linux x86_64; rv:84.0) Gecko/20100101 Firefox/84.0" "-"
31.4.241.0 - - [11/Feb/2021:14:46:24 +0100] "GET /js/jquery/plugins/fancybox/jquery.fancybox.css HTTP/1.1" 200 4895 www.jlmangas.com "https://www.jlmangas.com/" "Mozilla/5.0 (X11; Ubuntu; Linux x86_64; rv:84.0) Gecko/20100101 Firefox/84.0" "-"
31.4.241.0 - - [11/Feb/2021:14:46:24 +0100] "GET /themes/MegaShop/css/modules/blockcart/blockcart.css HTTP/1.1" 200 4858 www.jlmangas.com "https://www.jlmangas.com/" "Mozilla/5.0 (X11; Ubuntu; Linux x86_64; rv:84.0) Gecko/20100101 Firefox/84.0" "-"
31.4.241.0 - - [11/Feb/2021:14:46:24 +0100] "GET /js/jquery/plugins/bxslider/jquery.bxslider.css HTTP/1.1" 200 3363 www.jlmangas.com "https://www.jlmangas.com/" "Mozilla/5.0 (X11; Ubuntu; Linux x86_64; rv:84.0) Gecko/20100101 Firefox/84.0" "-"
31.4.241.0 - - [11/Feb/2021:14:46:24 +0100] "GET /modules/tptnmobilemenu/views/css/tptnmobilemenu.css HTTP/1.1" 200 1177 www.jlmangas.com "https://www.jlmangas.com/" "Mozilla/5.0 (X11; Ubuntu; Linux x86_64; rv:84.0) Gecko/20100101 Firefox/84.0" "-"
31.4.241.0 - - [11/Feb/2021:14:46:24 +0100] "GET /modules/tptnhomeslider/views/css/tptnslider.css HTTP/1.1" 200 1961 www.jlmangas.com "https://www.jlmangas.com/" "Mozilla/5.0 (X11; Ubuntu; Linux x86_64; rv:84.0) Gecko/20100101 Firefox/84.0" "-"
31.4.241.0 - - [11/Feb/2021:14:46:24 +0100] "GET /modules/blockpermanentlinks/blockpermanentlinks.css HTTP/1.1" 200 737 www.jlmangas.com "https://www.jlmangas.com/" "Mozilla/5.0 (X11; Ubuntu; Linux x86_64; rv:84.0) Gecko/20100101 Firefox/84.0" "-"
185.191.171.0 - - [11/Feb/2021:14:46:24 +0100] "GET /ca/home/75-canon-ap100-gr-156c.html HTTP/1.1" 200 84855 www.jlmangas.com "-" "Mozilla/5.0 (compatible; SemrushBot/7~bl; +http://www.semrush.com/bot.html)" "-"
157.55.39.0 - - [11/Feb/2021:14:47:22 +0100] "GET /?act=viewProd&productId=83 HTTP/1.1" 200 76504 www.jlmangas.com "-" "Mozilla/5.0 (compatible; bingbot/2.0; +http://www.bing.com/bingbot.htm)" "-"
157.55.39.0 - - [11/Feb/2021:14:48:19 +0100] "GET /es/inicio/192-toner-hp-ce251a723-cyan.html HTTP/1.1" 200 85772 www.jlmangas.com "-" "Mozilla/5.0 (compatible; bingbot/2.0; +http://www.bing.com/bingbot.htm)" "-"
145.239.15.0 - - [11/Feb/2021:14:50:22 +0100] "GET /325-large_default/cartucho-brother-lc-970lc-1000-negro.jpg HTTP/1.1" 200 63190 www.jlmangas.com "-" "-" "-"
145.239.15.0 - - [11/Feb/2021:14:50:39 +0100] "GET /63-home_default/canon-cp2-gr-726.jpg HTTP/1.1" 200 25284 www.jlmangas.com "-" "-" "-"
54.36.148.0 - - [11/Feb/2021:14:51:02 +0100] "GET /es/75-laser-toner-monocromo HTTP/1.1" 200 74620 www.jlmangas.com "-" "Mozilla/5.0 (compatible; AhrefsBot/7.0; +http://ahrefs.com/robot/)" "-"
40.77.167.0 - - [11/Feb/2021:14:52:02 +0100] "GET /ca/home/103-lo-olivetti-praxisetp-55-ondacard-gr-168.html HTTP/1.1" 200 85315 www.jlmangas.com "-" "Mozilla/5.0 (compatible; bingbot/2.0; +http://www.bing.com/bingbot.htm)" "-"
185.191.171.0 - - [11/Feb/2021:14:53:32 +0100] "GET /ca/home/793-cartucho-epson-t0444-amarillo.html HTTP/1.1" 200 85027 www.jlmangas.com "-" "Mozilla/5.0 (compatible; SemrushBot/7~bl; +http://www.semrush.com/bot.html)" "-"
40.77.167.0 - - [11/Feb/2021:14:54:48 +0100] "GET /ca/home/13-epson-erc-11-tm-45.html HTTP/1.1" 200 84766 www.jlmangas.com "-" "Mozilla/5.0 (compatible; bingbot/2.0; +http://www.bing.com/bingbot.htm)" "-"
31.4.241.0 - - [11/Feb/2021:14:54:56 +0100] "GET / HTTP/1.1" 200 74159 www.jlmangas.com "-" "Mozilla/5.0 (X11; Ubuntu; Linux x86_64; rv:84.0) Gecko/20100101 Firefox/84.0" "-"
31.4.241.0 - - [11/Feb/2021:14:54:57 +0100] "GET /themes/MegaShop/css/global.css HTTP/1.1" 200 30381 www.jlmangas.com "https://www.jlmangas.com/" "Mozilla/5.0 (X11; Ubuntu; Linux x86_64; rv:84.0) Gecko/20100101 Firefox/84.0" "-"
31.4.241.0 - - [11/Feb/2021:14:54:57 +0100] "GET /themes/MegaShop/css/autoload/bootstrap.css HTTP/1.1" 200 11907 www.jlmangas.com "https://www.jlmangas.com/" "Mozilla/5.0 (X11; Ubuntu; Linux x86_64; rv:84.0) Gecko/20100101 Firefox/84.0" "-"
31.4.241.0 - - [11/Feb/2021:14:54:57 +0100] "GET /themes/MegaShop/css/autoload/font-awesome.min.css HTTP/1.1" 200 31018 www.jlmangas.com "https://www.jlmangas.com/" "Mozilla/5.0 (X11; Ubuntu; Linux x86_64; rv:84.0) Gecko/20100101 Firefox/84.0" "-"
31.4.241.0 - - [11/Feb/2021:14:54:57 +0100] "GET /themes/MegaShop/css/autoload/tptnResponsive.css HTTP/1.1" 200 8752 www.jlmangas.com "https://www.jlmangas.com/" "Mozilla/5.0 (X11; Ubuntu; Linux x86_64; rv:84.0) Gecko/20100101 Firefox/84.0" "-"
31.4.241.0 - - [11/Feb/2021:14:54:57 +0100] "GET /themes/MegaShop/css/modules/blocksearch/blocksearch.css HTTP/1.1" 200 896 www.jlmangas.com "https://www.jlmangas.com/" "Mozilla/5.0 (X11; Ubuntu; Linux x86_64; rv:84.0) Gecko/20100101 Firefox/84.0" "-"
31.4.241.0 - - [11/Feb/2021:14:54:57 +0100] "GET /themes/MegaShop/css/modules/blockcart/blockcart.css HTTP/1.1" 200 4858 www.jlmangas.com "https://www.jlmangas.com/" "Mozilla/5.0 (X11; Ubuntu; Linux x86_64; rv:84.0) Gecko/20100101 Firefox/84.0" "-"
31.4.241.0 - - [11/Feb/2021:14:54:57 +0100] "GET /js/jquery/plugins/autocomplete/jquery.autocomplete.css HTTP/1.1" 200 822 www.jlmangas.com "https://www.jlmangas.com/" "Mozilla/5.0 (X11; Ubuntu; Linux x86_64; rv:84.0) Gecko/20100101 Firefox/84.0" "-"
31.4.241.0 - - [11/Feb/2021:14:54:57 +0100] "GET /themes/MegaShop/js/autoload/tptnrotator.js HTTP/1.1" 200 1023 www.jlmangas.com "https://www.jlmangas.com/" "Mozilla/5.0 (X11; Ubuntu; Linux x86_64; rv:84.0) Gecko/20100101 Firefox/84.0" "-"
31.4.241.0 - - [11/Feb/2021:14:54:57 +0100] "GET /modules/tptnhomeslider/views/js/tptnslider.js HTTP/1.1" 200 182 www.jlmangas.com "https://www.jlmangas.com/" "Mozilla/5.0 (X11; Ubuntu; Linux x86_64; rv:84.0) Gecko/20100101 Firefox/84.0" "-"
31.4.241.0 - - [11/Feb/2021:14:54:57 +0100] "GET /modules/tptnmobilemenu/views/css/tptnmobilemenu.css HTTP/1.1" 200 1177 www.jlmangas.com "https://www.jlmangas.com/" "Mozilla/5.0 (X11; Ubuntu; Linux x86_64; rv:84.0) Gecko/20100101 Firefox/84.0" "-"
31.4.241.0 - - [11/Feb/2021:14:54:57 +0100] "GET /modules/blockbanner/img/3021936fb1eff3058307220d3ac0e7dc.jpg HTTP/1.1" 200 54100 www.jlmangas.com "https://www.jlmangas.com/" "Mozilla/5.0 (X11; Ubuntu; Linux x86_64; rv:84.0) Gecko/20100101 Firefox/84.0" "-"
31.4.241.0 - - [11/Feb/2021:14:54:57 +0100] "GET /img/la-tienda-del-consumible-logo-1518501362.jpg HTTP/1.1" 200 29194 www.jlmangas.com "https://www.jlmangas.com/" "Mozilla/5.0 (X11; Ubuntu; Linux x86_64; rv:84.0) Gecko/20100101 Firefox/84.0" "-"
31.4.241.0 - - [11/Feb/2021:14:54:57 +0100] "GET /33-small_default/epson-erc-30-34-tmu-300-375-rojanegra.jpg HTTP/1.1" 200 10873 www.jlmangas.com "https://www.jlmangas.com/" "Mozilla/5.0 (X11; Ubuntu; Linux x86_64; rv:84.0) Gecko/20100101 Firefox/84.0" "-"
31.4.241.0 - - [11/Feb/2021:14:54:57 +0100] "GET /820-small_default/cartucho-epson-t1291-negro.jpg HTTP/1.1" 200 6197 www.jlmangas.com "https://www.jlmangas.com/" "Mozilla/5.0 (X11; Ubuntu; Linux x86_64; rv:84.0) Gecko/20100101 Firefox/84.0" "-"
31.4.241.0 - - [11/Feb/2021:14:54:57 +0100] "GET /1802-small_default/seiko-tp-20.jpg HTTP/1.1" 200 7683 www.jlmangas.com "https://www.jlmangas.com/" "Mozilla/5.0 (X11; Ubuntu; Linux x86_64; rv:84.0) Gecko/20100101 Firefox/84.0" "-"
31.4.241.0 - - [11/Feb/2021:14:54:57 +0100] "GET /24-home_default/omron-rs-11-rs111.jpg HTTP/1.1" 200 24855 www.jlmangas.com "https://www.jlmangas.com/" "Mozilla/5.0 (X11; Ubuntu; Linux x86_64; rv:84.0) Gecko/20100101 Firefox/84.0" "-"
31.4.241.0 - - [11/Feb/2021:14:54:57 +0100] "GET /modules/tptnhomeslider/images/4e0e658445ae242690d2c25895a080d1656a4c37_baner2.fw.png HTTP/1.1" 200 59070 www.jlmangas.com "https://www.jlmangas.com/" "Mozilla/5.0 (X11; Ubuntu; Linux x86_64; rv:84.0) Gecko/20100101 Firefox/84.0" "-"
31.4.241.0 - - [11/Feb/2021:14:54:57 +0100] "GET /themes/MegaShop/fonts/fontawesome-webfont.woff2?v=4.7.0 HTTP/1.1" 200 77160 www.jlmangas.com "https://www.jlmangas.com/themes/MegaShop/css/autoload/font-awesome.min.css" "Mozilla/5.0 (X11; Ubuntu; Linux x86_64; rv:84.0) Gecko/20100101 Firefox/84.0" "-"
185.191.171.0 - - [11/Feb/2021:14:55:46 +0100] "GET /ca/home/1154-toner-panasonic-kxfa76x-negro.html HTTP/1.1" 200 85044 www.jlmangas.com "-" "Mozilla/5.0 (compatible; SemrushBot/7~bl; +http://www.semrush.com/bot.html)" "-"
185.191.171.0 - - [11/Feb/2021:14:56:21 +0100] "GET /ca/home/438-cartucho-canon-cli526-amarillo-con-chip.html HTTP/1.1" 200 85257 www.jlmangas.com "-" "Mozilla/5.0 (compatible; SemrushBot/7~bl; +http://www.semrush.com/bot.html)" "-"
54.38.90.0 - - [11/Feb/2021:14:56:23 +0100] "GET /935-home_default/toner-epson-aculaser-c1700c1750cx17-cyan.jpg HTTP/1.1" 200 9908 www.jlmangas.com "-" "-" "-"
54.38.90.0 - - [11/Feb/2021:14:56:23 +0100] "GET /934-home_default/toner-epson-aculaser-c1700c1750cx17-negro.jpg HTTP/1.1" 200 10565 www.jlmangas.com "-" "-" "-"
54.38.90.0 - - [11/Feb/2021:14:56:24 +0100] "GET /936-home_default/toner-epson-aculaser-c1700c1750cx17-magenta.jpg HTTP/1.1" 200 9930 www.jlmangas.com "-" "-" "-"
54.36.148.0 - - [11/Feb/2021:14:59:25 +0100] "GET /ca/cart?add=1&id_product=1363 HTTP/1.1" 302 - www.jlmangas.com "-" "Mozilla/5.0 (compatible; AhrefsBot/7.0; +http://ahrefs.com/robot/)" "-"
185.191.171.0 - - [11/Feb/2021:15:01:48 +0100] "GET /es/inicio/955-toner-konica-minolta-magicolor-4750dn-amarillo.html HTTP/1.1" 200 86385 www.jlmangas.com "-" "Mozilla/5.0 (compatible; SemrushBot/7~bl; +http://www.semrush.com/bot.html)" "-"
40.77.167.0 - - [11/Feb/2021:15:02:27 +0100] "GET /es/inicio/129-toner-hp-364a-negro.html HTTP/1.1" 200 85698 www.jlmangas.com "-" "Mozilla/5.0 (compatible; bingbot/2.0; +http://www.bing.com/bingbot.htm)" "-"
66.249.64.0 - - [11/Feb/2021:15:03:14 +0100] "GET /926-large_default/toner-epson-aculaser-c900-c1900-cyan.jpg HTTP/1.1" 200 74712 www.jlmangas.com "-" "Googlebot-Image/1.0" "-"
54.36.148.0 - - [11/Feb/2021:15:04:28 +0100] "GET /ca/cart?add=1&id_product=1148 HTTP/1.1" 302 - www.jlmangas.com "-" "Mozilla/5.0 (compatible; AhrefsBot/7.0; +http://ahrefs.com/robot/)" "-"
54.36.149.0 - - [11/Feb/2021:15:04:36 +0100] "GET /es/102-presentacion-y-se%C3%B1alizacion HTTP/1.1" 200 35039 www.jlmangas.com "-" "Mozilla/5.0 (compatible; AhrefsBot/7.0; +http://ahrefs.com/robot/)" "-"
13.66.139.0 - - [11/Feb/2021:15:06:02 +0100] "GET /es/inicio/1781-hp-301-color-original.html HTTP/1.1" 200 86513 www.jlmangas.com "-" "Mozilla/5.0 (compatible; bingbot/2.0; +http://www.bing.com/bingbot.htm)" "-"
157.55.39.0 - - [11/Feb/2021:15:06:44 +0100] "GET /28-thickbox_default/epson-erc-09-hx-20.jpg HTTP/1.1" 200 43151 www.jlmangas.com "-" "Mozilla/5.0 (compatible; bingbot/2.0; +http://www.bing.com/bingbot.htm)" "-"
185.191.171.0 - - [11/Feb/2021:15:08:15 +0100] "GET /ca/home/1006-toner-kyocera-tk510-amarillo.html HTTP/1.1" 200 85044 www.jlmangas.com "-" "Mozilla/5.0 (compatible; SemrushBot/7~bl; +http://www.semrush.com/bot.html)" "-"
49.7.20.0 - - [11/Feb/2021:15:12:43 +0100] "GET / HTTP/1.1" 301 - www.jl-mangas.com "-" "Sogou web spider/4.0(+http://www.sogou.com/docs/help/webmasters.htm#07)" "-"
185.191.171.0 - - [11/Feb/2021:15:12:54 +0100] "GET /es/inicio/712-cartucho-epson-t1623-t1633-t16-magenta.html HTTP/1.1" 200 86928 www.jlmangas.com "-" "Mozilla/5.0 (compatible; SemrushBot/7~bl; +http://www.semrush.com/bot.html)" "-"
185.191.171.0 - - [11/Feb/2021:15:14:02 +0100] "GET /es/inicio/1117-toner-compatible-lexmark-t650h11e-t650t652t654t656-negro.html HTTP/1.1" 200 86926 www.jlmangas.com "-" "Mozilla/5.0 (compatible; SemrushBot/7~bl; +http://www.semrush.com/bot.html)" "-"
31.4.241.0 - - [11/Feb/2021:15:14:17 +0100] "GET /admin788xpfnos/ HTTP/1.1" 302 - jlmangas.com "-" "Mozilla/5.0 (X11; Ubuntu; Linux x86_64; rv:84.0) Gecko/20100101 Firefox/84.0" "-"
31.4.241.0 - - [11/Feb/2021:15:14:18 +0100] "GET /admin788xpfnos/index.php?controller=AdminLogin&token=4e22074d4addd9db24cb3f9953558c9c HTTP/1.1" 200 6703 jlmangas.com "-" "Mozilla/5.0 (X11; Ubuntu; Linux x86_64; rv:84.0) Gecko/20100101 Firefox/84.0" "-"
31.4.241.0 - - [11/Feb/2021:15:14:18 +0100] "GET /img/prestashop@2x.png HTTP/1.1" 200 6315 jlmangas.com "http://jlmangas.com/admin788xpfnos/index.php?controller=AdminLogin&token=4e22074d4addd9db24cb3f9953558c9c" "Mozilla/5.0 (X11; Ubuntu; Linux x86_64; rv:84.0) Gecko/20100101 Firefox/84.0" "-"
31.4.241.0 - - [11/Feb/2021:15:14:19 +0100] "GET /img/preston-login@2x.png HTTP/1.1" 200 12316 jlmangas.com "http://jlmangas.com/admin788xpfnos/index.php?controller=AdminLogin&token=4e22074d4addd9db24cb3f9953558c9c" "Mozilla/5.0 (X11; Ubuntu; Linux x86_64; rv:84.0) Gecko/20100101 Firefox/84.0" "-"
31.4.241.0 - - [11/Feb/2021:15:14:19 +0100] "GET /img/preston-login-wink@2x.png HTTP/1.1" 200 12041 jlmangas.com "http://jlmangas.com/admin788xpfnos/index.php?controller=AdminLogin&token=4e22074d4addd9db24cb3f9953558c9c" "Mozilla/5.0 (X11; Ubuntu; Linux x86_64; rv:84.0) Gecko/20100101 Firefox/84.0" "-"
31.4.241.0 - - [11/Feb/2021:15:14:21 +0100] "POST /admin788xpfnos/ajax-tab.php?rand=1613052861021 HTTP/1.1" 200 107 jlmangas.com "http://jlmangas.com/admin788xpfnos/index.php?controller=AdminLogin&token=4e22074d4addd9db24cb3f9953558c9c" "Mozilla/5.0 (X11; Ubuntu; Linux x86_64; rv:84.0) Gecko/20100101 Firefox/84.0" "-"
31.4.241.0 - - [11/Feb/2021:15:14:21 +0100] "GET /admin788xpfnos/index.php?controller=AdminDashboard&token=0b0fe7cb58289f81aacf08e3e3d2a7e0 HTTP/1.1" 200 98687 jlmangas.com "http://jlmangas.com/admin788xpfnos/index.php?controller=AdminLogin&token=4e22074d4addd9db24cb3f9953558c9c" "Mozilla/5.0 (X11; Ubuntu; Linux x86_64; rv:84.0) Gecko/20100101 Firefox/84.0" "-"
31.4.241.0 - - [11/Feb/2021:15:14:22 +0100] "GET /modules/dashactivity/gapi-logo.gif HTTP/1.1" 200 946 jlmangas.com "http://jlmangas.com/admin788xpfnos/index.php?controller=AdminDashboard&token=0b0fe7cb58289f81aacf08e3e3d2a7e0" "Mozilla/5.0 (X11; Ubuntu; Linux x86_64; rv:84.0) Gecko/20100101 Firefox/84.0" "-"
31.4.241.0 - - [11/Feb/2021:15:14:22 +0100] "GET /admin788xpfnos/themes/default/img/prestashop-addons-logo.png HTTP/1.1" 200 74531 jlmangas.com "http://jlmangas.com/admin788xpfnos/index.php?controller=AdminDashboard&token=0b0fe7cb58289f81aacf08e3e3d2a7e0" "Mozilla/5.0 (X11; Ubuntu; Linux x86_64; rv:84.0) Gecko/20100101 Firefox/84.0" "-"
31.4.241.0 - - [11/Feb/2021:15:14:22 +0100] "POST /admin788xpfnos/ajax.php?rand=1613052862551 HTTP/1.1" 200 693 jlmangas.com "http://jlmangas.com/admin788xpfnos/index.php?controller=AdminDashboard&token=0b0fe7cb58289f81aacf08e3e3d2a7e0" "Mozilla/5.0 (X11; Ubuntu; Linux x86_64; rv:84.0) Gecko/20100101 Firefox/84.0" "-"
31.4.241.0 - - [11/Feb/2021:15:14:22 +0100] "GET /admin788xpfnos/index.php?controller=AdminDashboard&token=0b0fe7cb58289f81aacf08e3e3d2a7e0&ajax=true&action=refreshDashboard&module=dashtrends&dashboard_use_push=0&_=1613052862463 HTTP/1.1" 200 2233 jlmangas.com "http://jlmangas.com/admin788xpfnos/index.php?controller=AdminDashboard&token=0b0fe7cb58289f81aacf08e3e3d2a7e0" "Mozilla/5.0 (X11; Ubuntu; Linux x86_64; rv:84.0) Gecko/20100101 Firefox/84.0" "-"
31.4.241.0 - - [11/Feb/2021:15:14:22 +0100] "GET /admin788xpfnos/index.php?controller=AdminDashboard&token=0b0fe7cb58289f81aacf08e3e3d2a7e0&ajax=true&action=refreshDashboard&module=dashgoals&dashboard_use_push=0&_=1613052862464 HTTP/1.1" 200 8037 jlmangas.com "http://jlmangas.com/admin788xpfnos/index.php?controller=AdminDashboard&token=0b0fe7cb58289f81aacf08e3e3d2a7e0" "Mozilla/5.0 (X11; Ubuntu; Linux x86_64; rv:84.0) Gecko/20100101 Firefox/84.0" "-"
31.4.241.0 - - [11/Feb/2021:15:14:22 +0100] "GET /admin788xpfnos/index.php?controller=AdminDashboard&token=0b0fe7cb58289f81aacf08e3e3d2a7e0&ajax=true&action=refreshDashboard&module=dashproducts&dashboard_use_push=0&_=1613052862465 HTTP/1.1" 200 9473 jlmangas.com "http://jlmangas.com/admin788xpfnos/index.php?controller=AdminDashboard&token=0b0fe7cb58289f81aacf08e3e3d2a7e0" "Mozilla/5.0 (X11; Ubuntu; Linux x86_64; rv:84.0) Gecko/20100101 Firefox/84.0" "-"
31.4.241.0 - - [11/Feb/2021:15:14:22 +0100] "GET /admin788xpfnos/index.php?controller=AdminDashboard&token=0b0fe7cb58289f81aacf08e3e3d2a7e0&ajax=true&action=getBlogRss HTTP/1.1" 200 909 jlmangas.com "http://jlmangas.com/admin788xpfnos/index.php?controller=AdminDashboard&token=0b0fe7cb58289f81aacf08e3e3d2a7e0" "Mozilla/5.0 (X11; Ubuntu; Linux x86_64; rv:84.0) Gecko/20100101 Firefox/84.0" "-"
31.4.241.0 - - [11/Feb/2021:15:14:23 +0100] "GET /admin788xpfnos/themes/default/img/prestashop-avatar-header_shopname.png HTTP/1.1" 200 13080 jlmangas.com "http://jlmangas.com/admin788xpfnos/themes/default/css/admin-theme.css" "Mozilla/5.0 (X11; Ubuntu; Linux x86_64; rv:84.0) Gecko/20100101 Firefox/84.0" "-"
31.4.241.0 - - [11/Feb/2021:15:14:23 +0100] "GET /admin788xpfnos/index.php?controller=AdminDashboard&token=0b0fe7cb58289f81aacf08e3e3d2a7e0&ajax=true&action=refreshDashboard&module=dashactivity&dashboard_use_push=0&_=1613052862461 HTTP/1.1" 200 856 jlmangas.com "http://jlmangas.com/admin788xpfnos/index.php?controller=AdminDashboard&token=0b0fe7cb58289f81aacf08e3e3d2a7e0" "Mozilla/5.0 (X11; Ubuntu; Linux x86_64; rv:84.0) Gecko/20100101 Firefox/84.0" "-"
31.4.241.0 - - [11/Feb/2021:15:14:23 +0100] "GET /admin788xpfnos/index.php?controller=AdminDashboard&token=0b0fe7cb58289f81aacf08e3e3d2a7e0&ajax=true&action=refreshDashboard&module=cartsguru&dashboard_use_push=0&_=1613052862462 HTTP/1.1" 200 82 jlmangas.com "http://jlmangas.com/admin788xpfnos/index.php?controller=AdminDashboard&token=0b0fe7cb58289f81aacf08e3e3d2a7e0" "Mozilla/5.0 (X11; Ubuntu; Linux x86_64; rv:84.0) Gecko/20100101 Firefox/84.0" "-"
31.4.241.0 - - [11/Feb/2021:15:14:29 +0100] "GET /admin788xpfnos/index.php?controller=AdminPerformance&token=a1a35422959a11d7e5f69b15ee706b2c HTTP/1.1" 200 81941 jlmangas.com "http://jlmangas.com/admin788xpfnos/index.php?controller=AdminDashboard&token=0b0fe7cb58289f81aacf08e3e3d2a7e0" "Mozilla/5.0 (X11; Ubuntu; Linux x86_64; rv:84.0) Gecko/20100101 Firefox/84.0" "-"
31.4.241.0 - - [11/Feb/2021:15:14:29 +0100] "POST /admin788xpfnos/ajax.php?rand=1613052869724 HTTP/1.1" 200 693 jlmangas.com "http://jlmangas.com/admin788xpfnos/index.php?controller=AdminPerformance&token=a1a35422959a11d7e5f69b15ee706b2c" "Mozilla/5.0 (X11; Ubuntu; Linux x86_64; rv:84.0) Gecko/20100101 Firefox/84.0" "-"
31.4.241.0 - - [11/Feb/2021:15:14:32 +0100] "GET /admin788xpfnos/index.php?controller=AdminPerformance&token=a1a35422959a11d7e5f69b15ee706b2c&empty_smarty_cache=1 HTTP/1.1" 302 - jlmangas.com "http://jlmangas.com/admin788xpfnos/index.php?controller=AdminPerformance&token=a1a35422959a11d7e5f69b15ee706b2c" "Mozilla/5.0 (X11; Ubuntu; Linux x86_64; rv:84.0) Gecko/20100101 Firefox/84.0" "-"
31.4.241.0 - - [11/Feb/2021:15:14:33 +0100] "GET /admin788xpfnos/index.php?controller=AdminPerformance&token=a1a35422959a11d7e5f69b15ee706b2c&conf=4 HTTP/1.1" 200 82125 jlmangas.com "http://jlmangas.com/admin788xpfnos/index.php?controller=AdminPerformance&token=a1a35422959a11d7e5f69b15ee706b2c" "Mozilla/5.0 (X11; Ubuntu; Linux x86_64; rv:84.0) Gecko/20100101 Firefox/84.0" "-"
31.4.241.0 - - [11/Feb/2021:15:14:34 +0100] "POST /admin788xpfnos/ajax.php?rand=1613052874081 HTTP/1.1" 200 693 jlmangas.com "http://jlmangas.com/admin788xpfnos/index.php?controller=AdminPerformance&token=a1a35422959a11d7e5f69b15ee706b2c&conf=4" "Mozilla/5.0 (X11; Ubuntu; Linux x86_64; rv:84.0) Gecko/20100101 Firefox/84.0" "-"
49.7.20.0 - - [11/Feb/2021:15:14:51 +0100] "GET / HTTP/1.1" 301 - www.jlmangas.com "-" "Sogou web spider/4.0(+http://www.sogou.com/docs/help/webmasters.htm#07)" "-"
49.7.20.0 - - [11/Feb/2021:15:14:52 +0100] "GET / HTTP/1.1" 200 76485 www.jlmangas.com "-" "Sogou web spider/4.0(+http://www.sogou.com/docs/help/webmasters.htm#07)" "-"
31.4.241.0 - - [11/Feb/2021:15:16:35 +0100] "POST /admin788xpfnos/ajax.php?rand=1613052994333 HTTP/1.1" 200 693 jlmangas.com "http://jlmangas.com/admin788xpfnos/index.php?controller=AdminPerformance&token=a1a35422959a11d7e5f69b15ee706b2c&conf=4" "Mozilla/5.0 (X11; Ubuntu; Linux x86_64; rv:84.0) Gecko/20100101 Firefox/84.0" "-"
185.191.171.0 - - [11/Feb/2021:15:17:35 +0100] "GET /es/inicio/1394-tambor-de-imagen-generico-oki-c7100c7300c7350c7500-magenta.html HTTP/1.1" 200 86684 www.jlmangas.com "-" "Mozilla/5.0 (compatible; SemrushBot/7~bl; +http://www.semrush.com/bot.html)" "-"
54.36.148.0 - - [11/Feb/2021:15:17:40 +0100] "GET /es/21-laser-toner-color HTTP/1.1" 200 72689 www.jlmangas.com "-" "Mozilla/5.0 (compatible; AhrefsBot/7.0; +http://ahrefs.com/robot/)" "-"
185.191.171.0 - - [11/Feb/2021:15:18:35 +0100] "GET /es/inicio/1665-epson-lq800-lx300-lx350.html HTTP/1.1" 200 86341 www.jlmangas.com "-" "Mozilla/5.0 (compatible; SemrushBot/7~bl; +http://www.semrush.com/bot.html)" "-"
31.4.241.0 - - [11/Feb/2021:15:18:37 +0100] "POST /admin788xpfnos/ajax.php?rand=1613053116663 HTTP/1.1" 200 693 jlmangas.com "http://jlmangas.com/admin788xpfnos/index.php?controller=AdminPerformance&token=a1a35422959a11d7e5f69b15ee706b2c&conf=4" "Mozilla/5.0 (X11; Ubuntu; Linux x86_64; rv:84.0) Gecko/20100101 Firefox/84.0" "-"
185.191.171.0 - - [11/Feb/2021:15:19:22 +0100] "GET /ca/home/1153-cartucho-de-tinta-generico-253014355-philips-pfa441-negro.html HTTP/1.1" 200 85652 www.jlmangas.com "-" "Mozilla/5.0 (compatible; SemrushBot/7~bl; +http://www.semrush.com/bot.html)" "-"
17.58.99.0 - - [11/Feb/2021:15:20:03 +0100] "GET /es/41-laser-toner-color HTTP/1.1" 200 74663 www.jlmangas.com "-" "Mozilla/5.0 (Macintosh; Intel Mac OS X 10_15_5) AppleWebKit/605.1.15 (KHTML, like Gecko) Version/13.1.1 Safari/605.1.15 (Applebot/0.1; +http://www.apple.com/go/applebot)" "-"
31.4.241.0 - - [11/Feb/2021:15:20:40 +0100] "POST /admin788xpfnos/ajax.php?rand=1613053239173 HTTP/1.1" 200 693 jlmangas.com "http://jlmangas.com/admin788xpfnos/index.php?controller=AdminPerformance&token=a1a35422959a11d7e5f69b15ee706b2c&conf=4" "Mozilla/5.0 (X11; Ubuntu; Linux x86_64; rv:84.0) Gecko/20100101 Firefox/84.0" "-"
185.191.171.0 - - [11/Feb/2021:15:22:36 +0100] "GET /ca/best-sales?p=5 HTTP/1.1" 406 368 www.jlmangas.com "-" "Mozilla/5.0 (compatible; SemrushBot/7~bl; +http://www.semrush.com/bot.html)" "-"
31.4.241.0 - - [11/Feb/2021:15:22:41 +0100] "POST /admin788xpfnos/ajax.php?rand=1613053360537 HTTP/1.1" 200 693 jlmangas.com "http://jlmangas.com/admin788xpfnos/index.php?controller=AdminPerformance&token=a1a35422959a11d7e5f69b15ee706b2c&conf=4" "Mozilla/5.0 (X11; Ubuntu; Linux x86_64; rv:84.0) Gecko/20100101 Firefox/84.0" "-"
185.191.171.0 - - [11/Feb/2021:15:22:41 +0100] "GET /es/inicio/600-cartucho-hp-n%C2%BA-901xl-tricolor.html HTTP/1.1" 406 368 www.jlmangas.com "-" "Mozilla/5.0 (compatible; SemrushBot/7~bl; +http://www.semrush.com/bot.html)" "-"
40.77.167.0 - - [11/Feb/2021:15:24:41 +0100] "GET /1078-large_default/toner-kyocera-tk570-negro.jpg HTTP/1.1" 200 45767 www.jlmangas.com "-" "Mozilla/5.0 (compatible; bingbot/2.0; +http://www.bing.com/bingbot.htm)" "-"
31.4.241.0 - - [11/Feb/2021:15:24:44 +0100] "POST /admin788xpfnos/ajax.php?rand=1613053482845 HTTP/1.1" 200 693 jlmangas.com "http://jlmangas.com/admin788xpfnos/index.php?controller=AdminPerformance&token=a1a35422959a11d7e5f69b15ee706b2c&conf=4" "Mozilla/5.0 (X11; Ubuntu; Linux x86_64; rv:84.0) Gecko/20100101 Firefox/84.0" "-"
31.4.241.0 - - [11/Feb/2021:15:26:46 +0100] "POST /admin788xpfnos/ajax.php?rand=1613053605059 HTTP/1.1" 200 693 jlmangas.com "http://jlmangas.com/admin788xpfnos/index.php?controller=AdminPerformance&token=a1a35422959a11d7e5f69b15ee706b2c&conf=4" "Mozilla/5.0 (X11; Ubuntu; Linux x86_64; rv:84.0) Gecko/20100101 Firefox/84.0" "-"
185.191.171.0 - - [11/Feb/2021:15:28:43 +0100] "GET /es/inicio/13-epson-erc-11-tm-45.html HTTP/1.1" 406 368 www.jlmangas.com "-" "Mozilla/5.0 (compatible; SemrushBot/7~bl; +http://www.semrush.com/bot.html)" "-"
31.4.241.0 - - [11/Feb/2021:15:28:48 +0100] "POST /admin788xpfnos/ajax.php?rand=1613053727394 HTTP/1.1" 200 693 jlmangas.com "http://jlmangas.com/admin788xpfnos/index.php?controller=AdminPerformance&token=a1a35422959a11d7e5f69b15ee706b2c&conf=4" "Mozilla/5.0 (X11; Ubuntu; Linux x86_64; rv:84.0) Gecko/20100101 Firefox/84.0" "-"
51.38.44.0 - - [11/Feb/2021:15:29:49 +0100] "GET /935-home_default/toner-epson-aculaser-c1700c1750cx17-cyan.jpg HTTP/1.1" 200 9908 www.jlmangas.com "-" "-" "-"
51.38.44.0 - - [11/Feb/2021:15:29:49 +0100] "GET /934-home_default/toner-epson-aculaser-c1700c1750cx17-negro.jpg HTTP/1.1" 200 10565 www.jlmangas.com "-" "-" "-"
51.38.44.0 - - [11/Feb/2021:15:29:49 +0100] "GET /936-home_default/toner-epson-aculaser-c1700c1750cx17-magenta.jpg HTTP/1.1" 200 9930 www.jlmangas.com "-" "-" "-"
31.4.241.0 - - [11/Feb/2021:15:30:50 +0100] "POST /admin788xpfnos/ajax.php?rand=1613053849860 HTTP/1.1" 200 693 jlmangas.com "http://jlmangas.com/admin788xpfnos/index.php?controller=AdminPerformance&token=a1a35422959a11d7e5f69b15ee706b2c&conf=4" "Mozilla/5.0 (X11; Ubuntu; Linux x86_64; rv:84.0) Gecko/20100101 Firefox/84.0" "-"
157.55.39.0 - - [11/Feb/2021:15:31:05 +0100] "GET /546-large_default/toner-dell-12301235-magenta.jpg HTTP/1.1" 200 71230 www.jlmangas.com "-" "Mozilla/5.0 (compatible; bingbot/2.0; +http://www.bing.com/bingbot.htm)" "-"
54.36.149.0 - - [11/Feb/2021:15:31:31 +0100] "GET /robots.txt HTTP/1.1" 200 590 www.jlmangas.com "-" "Mozilla/5.0 (compatible; AhrefsBot/6.1; +http://ahrefs.com/robot/)" "-"
54.36.148.0 - - [11/Feb/2021:15:31:32 +0100] "GET /ca/34-inkjet HTTP/1.1" 200 590 www.jlmangas.com "-" "Mozilla/5.0 (compatible; AhrefsBot/7.0; +http://ahrefs.com/robot/)" "-"
31.4.241.0 - - [11/Feb/2021:15:31:47 +0100] "GET /backup.tar HTTP/1.1" 200 64077824 jlmangas.com "-" "Mozilla/5.0 (X11; Ubuntu; Linux x86_64; rv:84.0) Gecko/20100101 Firefox/84.0" "-"
31.4.241.0 - - [11/Feb/2021:15:32:53 +0100] "POST /admin788xpfnos/ajax.php?rand=1613053972328 HTTP/1.1" 200 693 jlmangas.com "http://jlmangas.com/admin788xpfnos/index.php?controller=AdminPerformance&token=a1a35422959a11d7e5f69b15ee706b2c&conf=4" "Mozilla/5.0 (X11; Ubuntu; Linux x86_64; rv:84.0) Gecko/20100101 Firefox/84.0" "-"
54.36.148.0 - - [11/Feb/2021:15:33:44 +0100] "GET /ca/cart?add=1&id_product=236 HTTP/1.1" 200 590 www.jlmangas.com "-" "Mozilla/5.0 (compatible; AhrefsBot/7.0; +http://ahrefs.com/robot/)" "-"
13.66.139.0 - - [11/Feb/2021:15:34:25 +0100] "GET /es/76-laser-toner-color HTTP/1.1" 200 590 www.jlmangas.com "-" "Mozilla/5.0 (compatible; bingbot/2.0; +http://www.bing.com/bingbot.htm)" "-"
185.191.171.0 - - [11/Feb/2021:15:34:40 +0100] "GET /robots.txt HTTP/1.1" 200 590 www.jlmangas.com "-" "Mozilla/5.0 (compatible; SemrushBot/7~bl; +http://www.semrush.com/bot.html)" "-"
185.191.171.0 - - [11/Feb/2021:15:34:41 +0100] "GET /es/inicio/58-rodillo-ir-90-91.html HTTP/1.1" 406 368 www.jlmangas.com "-" "Mozilla/5.0 (compatible; SemrushBot/7~bl; +http://www.semrush.com/bot.html)" "-"
157.55.39.0 - - [11/Feb/2021:15:34:48 +0100] "GET /es/mas-vendido?p=5 HTTP/1.1" 200 590 www.jlmangas.com "-" "Mozilla/5.0 (compatible; bingbot/2.0; +http://www.bing.com/bingbot.htm)" "-"
31.4.241.0 - - [11/Feb/2021:15:34:56 +0100] "POST /admin788xpfnos/ajax.php?rand=1613054095207 HTTP/1.1" 200 693 jlmangas.com "http://jlmangas.com/admin788xpfnos/index.php?controller=AdminPerformance&token=a1a35422959a11d7e5f69b15ee706b2c&conf=4" "Mozilla/5.0 (X11; Ubuntu; Linux x86_64; rv:84.0) Gecko/20100101 Firefox/84.0" "-"
31.4.241.0 - - [11/Feb/2021:15:36:59 +0100] "POST /admin788xpfnos/ajax.php?rand=1613054218085 HTTP/1.1" 200 693 jlmangas.com "http://jlmangas.com/admin788xpfnos/index.php?controller=AdminPerformance&token=a1a35422959a11d7e5f69b15ee706b2c&conf=4" "Mozilla/5.0 (X11; Ubuntu; Linux x86_64; rv:84.0) Gecko/20100101 Firefox/84.0" "-"
207.46.13.0 - - [11/Feb/2021:15:37:12 +0100] "GET /1674-large_default/brother-tze-231-12mm-negroblanco.jpg HTTP/1.1" 200 91578 www.jlmangas.com "-" "Mozilla/5.0 (compatible; bingbot/2.0; +http://www.bing.com/bingbot.htm)" "-"
91.217.81.0 - - [11/Feb/2021:15:37:39 +0100] "GET /es/mi-cuenta HTTP/1.1" 200 590 www.jlmangas.com "-" "-" "-"
31.4.241.0 - - [11/Feb/2021:15:39:01 +0100] "POST /admin788xpfnos/ajax.php?rand=1613054340554 HTTP/1.1" 200 693 jlmangas.com "http://jlmangas.com/admin788xpfnos/index.php?controller=AdminPerformance&token=a1a35422959a11d7e5f69b15ee706b2c&conf=4" "Mozilla/5.0 (X11; Ubuntu; Linux x86_64; rv:84.0) Gecko/20100101 Firefox/84.0" "-"
31.4.241.0 - - [11/Feb/2021:15:41:04 +0100] "POST /admin788xpfnos/ajax.php?rand=1613054463465 HTTP/1.1" 200 693 jlmangas.com "http://jlmangas.com/admin788xpfnos/index.php?controller=AdminPerformance&token=a1a35422959a11d7e5f69b15ee706b2c&conf=4" "Mozilla/5.0 (X11; Ubuntu; Linux x86_64; rv:84.0) Gecko/20100101 Firefox/84.0" "-"
185.191.171.0 - - [11/Feb/2021:15:41:31 +0100] "GET /ca/home/82-olivetti-et20002200-wordcart-gr-313c.html HTTP/1.1" 406 368 www.jlmangas.com "-" "Mozilla/5.0 (compatible; SemrushBot/7~bl; +http://www.semrush.com/bot.html)" "-"
31.4.241.0 - - [11/Feb/2021:15:43:07 +0100] "POST /admin788xpfnos/ajax.php?rand=1613054586339 HTTP/1.1" 200 693 jlmangas.com "http://jlmangas.com/admin788xpfnos/index.php?controller=AdminPerformance&token=a1a35422959a11d7e5f69b15ee706b2c&conf=4" "Mozilla/5.0 (X11; Ubuntu; Linux x86_64; rv:84.0) Gecko/20100101 Firefox/84.0" "-"
157.55.39.0 - - [11/Feb/2021:15:44:16 +0100] "GET /56-large_default/ibm-4683-modelo-3-4.jpg HTTP/1.1" 200 20258 www.jlmangas.com "-" "Mozilla/5.0 (compatible; bingbot/2.0; +http://www.bing.com/bingbot.htm)" "-"
31.4.241.0 - - [11/Feb/2021:15:45:09 +0100] "POST /admin788xpfnos/ajax.php?rand=1613054708396 HTTP/1.1" 200 693 jlmangas.com "http://jlmangas.com/admin788xpfnos/index.php?controller=AdminPerformance&token=a1a35422959a11d7e5f69b15ee706b2c&conf=4" "Mozilla/5.0 (X11; Ubuntu; Linux x86_64; rv:84.0) Gecko/20100101 Firefox/84.0" "-"
54.36.148.0 - - [11/Feb/2021:15:45:29 +0100] "GET /es/bajamos-precios HTTP/1.1" 200 590 www.jlmangas.com "-" "Mozilla/5.0 (compatible; AhrefsBot/7.0; +http://ahrefs.com/robot/)" "-"
185.191.171.0 - - [11/Feb/2021:15:45:42 +0100] "GET /ca/home/62-ncr-2115-gr-763.html HTTP/1.1" 406 368 www.jlmangas.com "-" "Mozilla/5.0 (compatible; SemrushBot/7~bl; +http://www.semrush.com/bot.html)" "-"
207.46.13.0 - - [11/Feb/2021:15:47:00 +0100] "GET /504-large_default/cartucho-canon-fx3-negro.jpg HTTP/1.1" 200 85733 www.jlmangas.com "-" "Mozilla/5.0 (compatible; bingbot/2.0; +http://www.bing.com/bingbot.htm)" "-"
31.4.241.0 - - [11/Feb/2021:15:47:12 +0100] "POST /admin788xpfnos/ajax.php?rand=1613054831280 HTTP/1.1" 200 693 jlmangas.com "http://jlmangas.com/admin788xpfnos/index.php?controller=AdminPerformance&token=a1a35422959a11d7e5f69b15ee706b2c&conf=4" "Mozilla/5.0 (X11; Ubuntu; Linux x86_64; rv:84.0) Gecko/20100101 Firefox/84.0" "-"
66.249.64.0 - - [11/Feb/2021:15:48:19 +0100] "GET /321-large_default/cartucho-brother-lc-900-negro.jpg HTTP/1.1" 200 50193 www.jlmangas.com "-" "Googlebot-Image/1.0" "-"
31.4.241.0 - - [11/Feb/2021:15:49:14 +0100] "POST /admin788xpfnos/ajax.php?rand=1613054952931 HTTP/1.1" 200 693 jlmangas.com "http://jlmangas.com/admin788xpfnos/index.php?controller=AdminPerformance&token=a1a35422959a11d7e5f69b15ee706b2c&conf=4" "Mozilla/5.0 (X11; Ubuntu; Linux x86_64; rv:84.0) Gecko/20100101 Firefox/84.0" "-"
31.4.241.0 - - [11/Feb/2021:15:51:17 +0100] "POST /admin788xpfnos/ajax.php?rand=1613055075814 HTTP/1.1" 200 693 jlmangas.com "http://jlmangas.com/admin788xpfnos/index.php?controller=AdminPerformance&token=a1a35422959a11d7e5f69b15ee706b2c&conf=4" "Mozilla/5.0 (X11; Ubuntu; Linux x86_64; rv:84.0) Gecko/20100101 Firefox/84.0" "-"
185.191.171.0 - - [11/Feb/2021:15:51:23 +0100] "GET /es/inicio/391-toner-brother-dr2300-negro-tambor.html HTTP/1.1" 406 368 www.jlmangas.com "-" "Mozilla/5.0 (compatible; SemrushBot/7~bl; +http://www.semrush.com/bot.html)" "-"
31.4.241.0 - - [11/Feb/2021:15:53:18 +0100] "POST /admin788xpfnos/ajax.php?rand=1613055197465 HTTP/1.1" 200 693 jlmangas.com "http://jlmangas.com/admin788xpfnos/index.php?controller=AdminPerformance&token=a1a35422959a11d7e5f69b15ee706b2c&conf=4" "Mozilla/5.0 (X11; Ubuntu; Linux x86_64; rv:84.0) Gecko/20100101 Firefox/84.0" "-"
2a03:2880:2700:: - - [11/Feb/2021:15:54:57 +0100] "GET / HTTP/1.1" 200 590 www.jlmangas.com "-" "facebookexternalhit/1.1 (+http://www.facebook.com/externalhit_uatext.php)" "-"
185.191.171.0 - - [11/Feb/2021:15:55:19 +0100] "GET /es/inicio/1341-toner-generico-oki-executive-es3640-amarillo.html HTTP/1.1" 406 368 www.jlmangas.com "-" "Mozilla/5.0 (compatible; SemrushBot/7~bl; +http://www.semrush.com/bot.html)" "-"
31.4.241.0 - - [11/Feb/2021:15:55:20 +0100] "POST /admin788xpfnos/ajax.php?rand=1613055319119 HTTP/1.1" 200 693 jlmangas.com "http://jlmangas.com/admin788xpfnos/index.php?controller=AdminPerformance&token=a1a35422959a11d7e5f69b15ee706b2c&conf=4" "Mozilla/5.0 (X11; Ubuntu; Linux x86_64; rv:84.0) Gecko/20100101 Firefox/84.0" "-"
31.4.241.0 - - [11/Feb/2021:15:57:22 +0100] "POST /admin788xpfnos/ajax.php?rand=1613055441180 HTTP/1.1" 200 693 jlmangas.com "http://jlmangas.com/admin788xpfnos/index.php?controller=AdminPerformance&token=a1a35422959a11d7e5f69b15ee706b2c&conf=4" "Mozilla/5.0 (X11; Ubuntu; Linux x86_64; rv:84.0) Gecko/20100101 Firefox/84.0" "-"
157.55.39.0 - - [11/Feb/2021:15:57:51 +0100] "GET /es/carrito?add=1&id_product=373&token=b0e56980a2b40b53639593bacf56a300 HTTP/1.1" 200 590 www.jlmangas.com "-" "Mozilla/5.0 (compatible; bingbot/2.0; +http://www.bing.com/bingbot.htm)" "-"
185.191.171.0 - - [11/Feb/2021:15:58:04 +0100] "GET /ca/home/112-toner-hp-278a-negro.html HTTP/1.1" 406 368 www.jlmangas.com "-" "Mozilla/5.0 (compatible; SemrushBot/7~bl; +http://www.semrush.com/bot.html)" "-"
157.55.39.0 - - [11/Feb/2021:15:58:18 +0100] "GET /334-thickbox_default/pack-10-cartuchos-brother-lc-985.jpg HTTP/1.1" 200 93735 www.jlmangas.com "-" "Mozilla/5.0 (compatible; bingbot/2.0; +http://www.bing.com/bingbot.htm)" "-"
185.191.171.0 - - [11/Feb/2021:15:58:21 +0100] "GET /es/inicio/306-cartucho-brother-lc-970lc-1000-magenta.html HTTP/1.1" 406 368 www.jlmangas.com "-" "Mozilla/5.0 (compatible; SemrushBot/7~bl; +http://www.semrush.com/bot.html)" "-"
207.46.13.0 - - [11/Feb/2021:15:58:58 +0100] "GET /ca/cart?add=1&id_product=993&token=b0e56980a2b40b53639593bacf56a300 HTTP/1.1" 200 590 www.jlmangas.com "-" "Mozilla/5.0 (compatible; bingbot/2.0; +http://www.bing.com/bingbot.htm)" "-"
54.36.149.0 - - [11/Feb/2021:15:59:20 +0100] "GET /ca/90-rollos-termicos HTTP/1.1" 200 590 www.jlmangas.com "-" "Mozilla/5.0 (compatible; AhrefsBot/7.0; +http://ahrefs.com/robot/)" "-"
31.4.241.0 - - [11/Feb/2021:15:59:25 +0100] "POST /admin788xpfnos/ajax.php?rand=1613055564061 HTTP/1.1" 200 693 jlmangas.com "http://jlmangas.com/admin788xpfnos/index.php?controller=AdminPerformance&token=a1a35422959a11d7e5f69b15ee706b2c&conf=4" "Mozilla/5.0 (X11; Ubuntu; Linux x86_64; rv:84.0) Gecko/20100101 Firefox/84.0" "-"
185.191.171.0 - - [11/Feb/2021:15:59:38 +0100] "GET /es/inicio/229-toner-hp-cf383-magenta.html HTTP/1.1" 406 368 www.jlmangas.com "-" "Mozilla/5.0 (compatible; SemrushBot/7~bl; +http://www.semrush.com/bot.html)" "-"
31.4.241.0 - - [11/Feb/2021:16:01:28 +0100] "POST /admin788xpfnos/ajax.php?rand=1613055687351 HTTP/1.1" 200 693 jlmangas.com "http://jlmangas.com/admin788xpfnos/index.php?controller=AdminPerformance&token=a1a35422959a11d7e5f69b15ee706b2c&conf=4" "Mozilla/5.0 (X11; Ubuntu; Linux x86_64; rv:84.0) Gecko/20100101 Firefox/84.0" "-"
51.38.46.0 - - [11/Feb/2021:16:01:37 +0100] "GET /935-home_default/toner-epson-aculaser-c1700c1750cx17-cyan.jpg HTTP/1.1" 200 9908 www.jlmangas.com "-" "-" "-"
51.38.46.0 - - [11/Feb/2021:16:01:37 +0100] "GET /934-home_default/toner-epson-aculaser-c1700c1750cx17-negro.jpg HTTP/1.1" 200 10565 www.jlmangas.com "-" "-" "-"
51.38.46.0 - - [11/Feb/2021:16:01:37 +0100] "GET /936-home_default/toner-epson-aculaser-c1700c1750cx17-magenta.jpg HTTP/1.1" 200 9930 www.jlmangas.com "-" "-" "-"
185.191.171.0 - - [11/Feb/2021:16:02:10 +0100] "GET /ca/home/1047-toner-kyocera-tk880-amarillo.html HTTP/1.1" 406 368 www.jlmangas.com "-" "Mozilla/5.0 (compatible; SemrushBot/7~bl; +http://www.semrush.com/bot.html)" "-"
185.191.171.0 - - [11/Feb/2021:16:02:22 +0100] "GET /ca/home/1275-toner-remanufacturado-oki-b4400b4600-negro.html HTTP/1.1" 406 368 www.jlmangas.com "-" "Mozilla/5.0 (compatible; SemrushBot/7~bl; +http://www.semrush.com/bot.html)" "-"
185.191.171.0 - - [11/Feb/2021:16:03:03 +0100] "GET /ca/home/1089-cartucho-compatible-lexmark-n%C2%BA-60-color.html HTTP/1.1" 406 368 www.jlmangas.com "-" "Mozilla/5.0 (compatible; SemrushBot/7~bl; +http://www.semrush.com/bot.html)" "-"
185.191.171.0 - - [11/Feb/2021:16:03:25 +0100] "GET /es/inicio/1713-olivetti-dm-280290.html HTTP/1.1" 406 368 www.jlmangas.com "-" "Mozilla/5.0 (compatible; SemrushBot/7~bl; +http://www.semrush.com/bot.html)" "-"
31.4.241.0 - - [11/Feb/2021:16:03:31 +0100] "POST /admin788xpfnos/ajax.php?rand=1613055809821 HTTP/1.1" 200 693 jlmangas.com "http://jlmangas.com/admin788xpfnos/index.php?controller=AdminPerformance&token=a1a35422959a11d7e5f69b15ee706b2c&conf=4" "Mozilla/5.0 (X11; Ubuntu; Linux x86_64; rv:84.0) Gecko/20100101 Firefox/84.0" "-"
185.191.171.0 - - [11/Feb/2021:16:05:09 +0100] "GET /es/inicio/894-toner-epson-aculaser-c2900cx29-amarillo.html HTTP/1.1" 406 368 www.jlmangas.com "-" "Mozilla/5.0 (compatible; SemrushBot/7~bl; +http://www.semrush.com/bot.html)" "-"
31.4.241.0 - - [11/Feb/2021:16:05:33 +0100] "POST /admin788xpfnos/ajax.php?rand=1613055932292 HTTP/1.1" 200 693 jlmangas.com "http://jlmangas.com/admin788xpfnos/index.php?controller=AdminPerformance&token=a1a35422959a11d7e5f69b15ee706b2c&conf=4" "Mozilla/5.0 (X11; Ubuntu; Linux x86_64; rv:84.0) Gecko/20100101 Firefox/84.0" "-"
31.4.241.0 - - [11/Feb/2021:16:07:36 +0100] "POST /admin788xpfnos/ajax.php?rand=1613056055171 HTTP/1.1" 200 693 jlmangas.com "http://jlmangas.com/admin788xpfnos/index.php?controller=AdminPerformance&token=a1a35422959a11d7e5f69b15ee706b2c&conf=4" "Mozilla/5.0 (X11; Ubuntu; Linux x86_64; rv:84.0) Gecko/20100101 Firefox/84.0" "-"
207.46.13.0 - - [11/Feb/2021:16:09:06 +0100] "GET /218-thickbox_default/toner-hp-ce270322-negro.jpg HTTP/1.1" 200 104198 www.jlmangas.com "-" "Mozilla/5.0 (compatible; bingbot/2.0; +http://www.bing.com/bingbot.htm)" "-"
185.191.171.0 - - [11/Feb/2021:16:09:10 +0100] "GET /ca/home/565-toner-dell-5100-magenta.html HTTP/1.1" 406 368 www.jlmangas.com "-" "Mozilla/5.0 (compatible; SemrushBot/7~bl; +http://www.semrush.com/bot.html)" "-"
31.4.241.0 - - [11/Feb/2021:16:09:38 +0100] "POST /admin788xpfnos/ajax.php?rand=1613056177643 HTTP/1.1" 200 693 jlmangas.com "http://jlmangas.com/admin788xpfnos/index.php?controller=AdminPerformance&token=a1a35422959a11d7e5f69b15ee706b2c&conf=4" "Mozilla/5.0 (X11; Ubuntu; Linux x86_64; rv:84.0) Gecko/20100101 Firefox/84.0" "-"
157.55.39.0 - - [11/Feb/2021:16:10:09 +0100] "GET /1351-thickbox_default/toner-oki-c510c530mc561mc562-amarillo.jpg HTTP/1.1" 200 44684 www.jlmangas.com "-" "Mozilla/5.0 (compatible; bingbot/2.0; +http://www.bing.com/bingbot.htm)" "-"
185.191.171.0 - - [11/Feb/2021:16:11:27 +0100] "GET /ca/home/1008-toner-kyocera-tk520-cyan.html HTTP/1.1" 406 368 www.jlmangas.com "-" "Mozilla/5.0 (compatible; SemrushBot/7~bl; +http://www.semrush.com/bot.html)" "-"
31.4.241.0 - - [11/Feb/2021:16:11:40 +0100] "POST /admin788xpfnos/ajax.php?rand=1613056299293 HTTP/1.1" 200 693 jlmangas.com "http://jlmangas.com/admin788xpfnos/index.php?controller=AdminPerformance&token=a1a35422959a11d7e5f69b15ee706b2c&conf=4" "Mozilla/5.0 (X11; Ubuntu; Linux x86_64; rv:84.0) Gecko/20100101 Firefox/84.0" "-"
54.36.148.0 - - [11/Feb/2021:16:13:01 +0100] "GET /ca/home/46-canon-cp8-gr-722.html HTTP/1.1" 200 590 www.jlmangas.com "-" "Mozilla/5.0 (compatible; AhrefsBot/7.0; +http://ahrefs.com/robot/)" "-"
31.4.241.0 - - [11/Feb/2021:16:13:43 +0100] "POST /admin788xpfnos/ajax.php?rand=1613056422175 HTTP/1.1" 200 693 jlmangas.com "http://jlmangas.com/admin788xpfnos/index.php?controller=AdminPerformance&token=a1a35422959a11d7e5f69b15ee706b2c&conf=4" "Mozilla/5.0 (X11; Ubuntu; Linux x86_64; rv:84.0) Gecko/20100101 Firefox/84.0" "-"
185.191.171.0 - - [11/Feb/2021:16:14:47 +0100] "GET /ca/home/988-toner-kyocera-tk1115-negro.html HTTP/1.1" 406 368 www.jlmangas.com "-" "Mozilla/5.0 (compatible; SemrushBot/7~bl; +http://www.semrush.com/bot.html)" "-"
185.191.171.0 - - [11/Feb/2021:16:15:31 +0100] "GET /ca/home/1384-tambor-compatible-c5100c5200c5400c5250c5450-negro.html HTTP/1.1" 406 368 www.jlmangas.com "-" "Mozilla/5.0 (compatible; SemrushBot/7~bl; +http://www.semrush.com/bot.html)" "-"
66.249.64.0 - - [11/Feb/2021:16:15:53 +0100] "GET /1320-large_default/toner-remanufacturado.jpg HTTP/1.1" 200 30419 www.jlmangas.com "-" "Googlebot-Image/1.0" "-"
157.55.39.0 - - [11/Feb/2021:16:16:50 +0100] "GET /975-large_default/toner-konica-minolta-bizhub-223283-negro.jpg HTTP/1.1" 200 42303 www.jlmangas.com "-" "Mozilla/5.0 (compatible; bingbot/2.0; +http://www.bing.com/bingbot.htm)" "-"
185.191.171.0 - - [11/Feb/2021:16:17:08 +0100] "GET /es/inicio/163-toner-hp-q5949a-negro.html HTTP/1.1" 406 368 www.jlmangas.com "-" "Mozilla/5.0 (compatible; SemrushBot/7~bl; +http://www.semrush.com/bot.html)" "-"
185.191.171.0 - - [11/Feb/2021:16:17:13 +0100] "GET /es/inicio/77-ibm-6747-gr-173c.html HTTP/1.1" 406 368 www.jlmangas.com "-" "Mozilla/5.0 (compatible; SemrushBot/7~bl; +http://www.semrush.com/bot.html)" "-"
31.4.241.0 - - [11/Feb/2021:16:14:35 +0100] "GET /backup.zip HTTP/1.1" 200 830642391 jlmangas.com "-" "Mozilla/5.0 (X11; Ubuntu; Linux x86_64; rv:84.0) Gecko/20100101 Firefox/84.0" "-"
185.191.171.0 - - [11/Feb/2021:16:20:21 +0100] "GET /ca/home/598-cartucho-hp-n%C2%BA-300xl-negro.html HTTP/1.1" 406 368 www.jlmangas.com "-" "Mozilla/5.0 (compatible; SemrushBot/7~bl; +http://www.semrush.com/bot.html)" "-"
157.55.39.0 - - [11/Feb/2021:16:21:52 +0100] "GET /es/inicio/612-cartucho-hp-n%C2%BA-920xl-magenta.html HTTP/1.1" 200 590 www.jlmangas.com "-" "Mozilla/5.0 (compatible; bingbot/2.0; +http://www.bing.com/bingbot.htm)" "-"
106.11.156.0 - - [11/Feb/2021:16:22:08 +0100] "GET /themes/MegaShop/css/modules/blockcategories/blockcategories.css HTTP/1.1" 200 1961 www.jlmangas.com "https://www.jlmangas.com/" "YisouSpider" "-"
31.4.241.0 - - [11/Feb/2021:16:22:38 +0100] "GET /admin788xpfnos/ HTTP/1.1" 500 - jlmangas.com "-" "Mozilla/5.0 (X11; Ubuntu; Linux x86_64; rv:84.0) Gecko/20100101 Firefox/84.0" "-"
31.4.241.0 - - [11/Feb/2021:16:22:39 +0100] "GET /favicon.ico HTTP/1.1" 200 590 jlmangas.com "http://jlmangas.com/admin788xpfnos/" "Mozilla/5.0 (X11; Ubuntu; Linux x86_64; rv:84.0) Gecko/20100101 Firefox/84.0" "-"
31.4.241.0 - - [11/Feb/2021:16:22:50 +0100] "GET / HTTP/1.1" 200 590 jlmangas.com "-" "Mozilla/5.0 (X11; Ubuntu; Linux x86_64; rv:84.0) Gecko/20100101 Firefox/84.0" "-"
31.4.241.0 - - [11/Feb/2021:16:22:51 +0100] "GET /favicon.ico HTTP/1.1" 200 590 jlmangas.com "http://jlmangas.com/" "Mozilla/5.0 (X11; Ubuntu; Linux x86_64; rv:84.0) Gecko/20100101 Firefox/84.0" "-"
31.4.241.0 - - [11/Feb/2021:16:23:12 +0100] "GET / HTTP/1.1" 200 590 jlmangas.com "-" "Mozilla/5.0 (X11; Ubuntu; Linux x86_64; rv:84.0) Gecko/20100101 Firefox/84.0" "-"
31.4.241.0 - - [11/Feb/2021:16:24:06 +0100] "GET / HTTP/1.1" 200 590 jlmangas.com "-" "Mozilla/5.0 (X11; Ubuntu; Linux x86_64; rv:84.0) Gecko/20100101 Firefox/84.0" "-"
31.4.241.0 - - [11/Feb/2021:16:24:06 +0100] "GET /favicon.ico HTTP/1.1" 200 590 jlmangas.com "http://jlmangas.com/" "Mozilla/5.0 (X11; Ubuntu; Linux x86_64; rv:84.0) Gecko/20100101 Firefox/84.0" "-"
31.4.241.0 - - [11/Feb/2021:16:24:13 +0100] "GET / HTTP/1.1" 200 590 jlmangas.com "-" "Mozilla/5.0 (X11; Ubuntu; Linux x86_64; rv:84.0) Gecko/20100101 Firefox/84.0" "-"
31.4.241.0 - - [11/Feb/2021:16:24:13 +0100] "GET /favicon.ico HTTP/1.1" 200 590 jlmangas.com "https://jlmangas.com/" "Mozilla/5.0 (X11; Ubuntu; Linux x86_64; rv:84.0) Gecko/20100101 Firefox/84.0" "-"
31.4.241.0 - - [11/Feb/2021:16:24:20 +0100] "GET / HTTP/1.1" 200 590 www.jlmangas.com "-" "Mozilla/5.0 (X11; Ubuntu; Linux x86_64; rv:84.0) Gecko/20100101 Firefox/84.0" "-"
31.4.241.0 - - [11/Feb/2021:16:24:20 +0100] "GET /favicon.ico HTTP/1.1" 200 590 www.jlmangas.com "https://www.jlmangas.com/" "Mozilla/5.0 (X11; Ubuntu; Linux x86_64; rv:84.0) Gecko/20100101 Firefox/84.0" "-"
54.36.149.0 - - [11/Feb/2021:16:26:31 +0100] "GET /ca/home/763-cartucho-epson-t1291-negro.html HTTP/1.1" 200 590 www.jlmangas.com "-" "Mozilla/5.0 (compatible; AhrefsBot/7.0; +http://ahrefs.com/robot/)" "-"
17.58.99.0 - - [11/Feb/2021:16:26:59 +0100] "GET /es/94-archivo HTTP/1.1" 200 590 www.jlmangas.com "-" "Mozilla/5.0 (Macintosh; Intel Mac OS X 10_15_5) AppleWebKit/605.1.15 (KHTML, like Gecko) Version/13.1.1 Safari/605.1.15 (Applebot/0.1; +http://www.apple.com/go/applebot)" "-"
185.191.171.0 - - [11/Feb/2021:16:27:19 +0100] "GET /es/inicio/42-canon-gr-51-24.html HTTP/1.1" 406 368 www.jlmangas.com "-" "Mozilla/5.0 (compatible; SemrushBot/7~bl; +http://www.semrush.com/bot.html)" "-"
185.191.171.0 - - [11/Feb/2021:16:27:51 +0100] "GET /es/inicio/1050-toner-kyocera-tk895-magenta.html HTTP/1.1" 406 368 www.jlmangas.com "-" "Mozilla/5.0 (compatible; SemrushBot/7~bl; +http://www.semrush.com/bot.html)" "-"
