31.4.241.0 - - [11/Feb/2021:12:59:19 +0100] "GET /js/admin/dashboard.js HTTP/1.1" 200 10354 jlmangas.com "http://jlmangas.com/admin788xpfnos/index.php?controller=AdminDashboard&token=0b0fe7cb58289f81aacf08e3e3d2a7e0" "Mozilla/5.0 (X11; Ubuntu; Linux x86_64; rv:84.0) Gecko/20100101 Firefox/84.0" "-"
31.4.241.0 - - [11/Feb/2021:12:59:19 +0100] "GET /admin788xpfnos/themes/default/js/calendar.js HTTP/1.1" 200 12355 jlmangas.com "http://jlmangas.com/admin788xpfnos/index.php?controller=AdminDashboard&token=0b0fe7cb58289f81aacf08e3e3d2a7e0" "Mozilla/5.0 (X11; Ubuntu; Linux x86_64; rv:84.0) Gecko/20100101 Firefox/84.0" "-"
31.4.241.0 - - [11/Feb/2021:12:59:20 +0100] "GET /js/jquery/ui/jquery.ui.datepicker.min.js HTTP/1.1" 200 35806 jlmangas.com "http://jlmangas.com/admin788xpfnos/index.php?controller=AdminDashboard&token=0b0fe7cb58289f81aacf08e3e3d2a7e0" "Mozilla/5.0 (X11; Ubuntu; Linux x86_64; rv:84.0) Gecko/20100101 Firefox/84.0" "-"
31.4.241.0 - - [11/Feb/2021:12:59:21 +0100] "GET /modules/dashactivity/gapi-logo.gif HTTP/1.1" 200 946 jlmangas.com "http://jlmangas.com/admin788xpfnos/index.php?controller=AdminDashboard&token=0b0fe7cb58289f81aacf08e3e3d2a7e0" "Mozilla/5.0 (X11; Ubuntu; Linux x86_64; rv:84.0) Gecko/20100101 Firefox/84.0" "-"
31.4.241.0 - - [11/Feb/2021:12:59:21 +0100] "GET /admin788xpfnos/themes/default/img/prestashop-addons-logo.png HTTP/1.1" 200 74531 jlmangas.com "http://jlmangas.com/admin788xpfnos/index.php?controller=AdminDashboard&token=0b0fe7cb58289f81aacf08e3e3d2a7e0" "Mozilla/5.0 (X11; Ubuntu; Linux x86_64; rv:84.0) Gecko/20100101 Firefox/84.0" "-"
31.4.241.0 - - [11/Feb/2021:12:59:21 +0100] "GET /admin788xpfnos/themes/default/js/vendor/enquire.min.js HTTP/1.1" 200 2237 jlmangas.com "http://jlmangas.com/admin788xpfnos/index.php?controller=AdminDashboard&token=0b0fe7cb58289f81aacf08e3e3d2a7e0" "Mozilla/5.0 (X11; Ubuntu; Linux x86_64; rv:84.0) Gecko/20100101 Firefox/84.0" "-"
31.4.241.0 - - [11/Feb/2021:12:59:21 +0100] "GET /admin788xpfnos/themes/default/js/admin-theme.js HTTP/1.1" 200 14464 jlmangas.com "http://jlmangas.com/admin788xpfnos/index.php?controller=AdminDashboard&token=0b0fe7cb58289f81aacf08e3e3d2a7e0" "Mozilla/5.0 (X11; Ubuntu; Linux x86_64; rv:84.0) Gecko/20100101 Firefox/84.0" "-"
31.4.241.0 - - [11/Feb/2021:12:59:21 +0100] "GET /admin788xpfnos/themes/default/img/prestashop-avatar-header_shopname.png HTTP/1.1" 200 13080 jlmangas.com "http://jlmangas.com/admin788xpfnos/themes/default/css/admin-theme.css" "Mozilla/5.0 (X11; Ubuntu; Linux x86_64; rv:84.0) Gecko/20100101 Firefox/84.0" "-"
31.4.241.0 - - [11/Feb/2021:12:59:21 +0100] "POST /admin788xpfnos/ajax.php?rand=1613044760769 HTTP/1.1" 200 311 jlmangas.com "http://jlmangas.com/admin788xpfnos/index.php?controller=AdminDashboard&token=0b0fe7cb58289f81aacf08e3e3d2a7e0" "Mozilla/5.0 (X11; Ubuntu; Linux x86_64; rv:84.0) Gecko/20100101 Firefox/84.0" "-"
31.4.241.0 - - [11/Feb/2021:12:59:21 +0100] "GET /admin788xpfnos/index.php?controller=AdminDashboard&token=0b0fe7cb58289f81aacf08e3e3d2a7e0&ajax=true&action=refreshDashboard&module=dashactivity&dashboard_use_push=0&_=1613044759332 HTTP/1.1" 200 856 jlmangas.com "http://jlmangas.com/admin788xpfnos/index.php?controller=AdminDashboard&token=0b0fe7cb58289f81aacf08e3e3d2a7e0" "Mozilla/5.0 (X11; Ubuntu; Linux x86_64; rv:84.0) Gecko/20100101 Firefox/84.0" "-"
31.4.241.0 - - [11/Feb/2021:12:59:21 +0100] "GET /admin788xpfnos/index.php?controller=AdminDashboard&token=0b0fe7cb58289f81aacf08e3e3d2a7e0&ajax=true&action=refreshDashboard&module=dashproducts&dashboard_use_push=0&_=1613044759336 HTTP/1.1" 200 9473 jlmangas.com "http://jlmangas.com/admin788xpfnos/index.php?controller=AdminDashboard&token=0b0fe7cb58289f81aacf08e3e3d2a7e0" "Mozilla/5.0 (X11; Ubuntu; Linux x86_64; rv:84.0) Gecko/20100101 Firefox/84.0" "-"
31.4.241.0 - - [11/Feb/2021:12:59:21 +0100] "GET /admin788xpfnos/index.php?controller=AdminDashboard&token=0b0fe7cb58289f81aacf08e3e3d2a7e0&ajax=true&action=getBlogRss HTTP/1.1" 200 909 jlmangas.com "http://jlmangas.com/admin788xpfnos/index.php?controller=AdminDashboard&token=0b0fe7cb58289f81aacf08e3e3d2a7e0" "Mozilla/5.0 (X11; Ubuntu; Linux x86_64; rv:84.0) Gecko/20100101 Firefox/84.0" "-"
31.4.241.0 - - [11/Feb/2021:12:59:21 +0100] "GET /admin788xpfnos/index.php?controller=AdminDashboard&token=0b0fe7cb58289f81aacf08e3e3d2a7e0&ajax=true&action=refreshDashboard&module=cartsguru&dashboard_use_push=0&_=1613044759333 HTTP/1.1" 200 82 jlmangas.com "http://jlmangas.com/admin788xpfnos/index.php?controller=AdminDashboard&token=0b0fe7cb58289f81aacf08e3e3d2a7e0" "Mozilla/5.0 (X11; Ubuntu; Linux x86_64; rv:84.0) Gecko/20100101 Firefox/84.0" "-"
31.4.241.0 - - [11/Feb/2021:12:59:22 +0100] "GET /admin788xpfnos/index.php?controller=AdminDashboard&token=0b0fe7cb58289f81aacf08e3e3d2a7e0&ajax=true&action=refreshDashboard&module=dashgoals&dashboard_use_push=0&_=1613044759335 HTTP/1.1" 200 8037 jlmangas.com "http://jlmangas.com/admin788xpfnos/index.php?controller=AdminDashboard&token=0b0fe7cb58289f81aacf08e3e3d2a7e0" "Mozilla/5.0 (X11; Ubuntu; Linux x86_64; rv:84.0) Gecko/20100101 Firefox/84.0" "-"
31.4.241.0 - - [11/Feb/2021:12:59:22 +0100] "GET /admin788xpfnos/index.php?controller=AdminDashboard&token=0b0fe7cb58289f81aacf08e3e3d2a7e0&ajax=true&action=refreshDashboard&module=dashtrends&dashboard_use_push=0&_=1613044759334 HTTP/1.1" 200 2253 jlmangas.com "http://jlmangas.com/admin788xpfnos/index.php?controller=AdminDashboard&token=0b0fe7cb58289f81aacf08e3e3d2a7e0" "Mozilla/5.0 (X11; Ubuntu; Linux x86_64; rv:84.0) Gecko/20100101 Firefox/84.0" "-"
31.4.241.0 - - [11/Feb/2021:12:59:31 +0100] "GET /admin788xpfnos/index.php?controller=AdminCarriers&token=a6cae2a60a3cbbff54bc56d6e289da79 HTTP/1.1" 200 58274 jlmangas.com "http://jlmangas.com/admin788xpfnos/index.php?controller=AdminDashboard&token=0b0fe7cb58289f81aacf08e3e3d2a7e0" "Mozilla/5.0 (X11; Ubuntu; Linux x86_64; rv:84.0) Gecko/20100101 Firefox/84.0" "-"
31.4.241.0 - - [11/Feb/2021:12:59:32 +0100] "GET /js/admin/dnd.js HTTP/1.1" 200 5863 jlmangas.com "http://jlmangas.com/admin788xpfnos/index.php?controller=AdminCarriers&token=a6cae2a60a3cbbff54bc56d6e289da79" "Mozilla/5.0 (X11; Ubuntu; Linux x86_64; rv:84.0) Gecko/20100101 Firefox/84.0" "-"
31.4.241.0 - - [11/Feb/2021:12:59:32 +0100] "GET /img/tmp/carrier_mini_24_1.jpg?time=1613044771 HTTP/1.1" 200 6321 jlmangas.com "http://jlmangas.com/admin788xpfnos/index.php?controller=AdminCarriers&token=a6cae2a60a3cbbff54bc56d6e289da79" "Mozilla/5.0 (X11; Ubuntu; Linux x86_64; rv:84.0) Gecko/20100101 Firefox/84.0" "-"
31.4.241.0 - - [11/Feb/2021:12:59:32 +0100] "GET /js/jquery/plugins/jquery.tablednd.js HTTP/1.1" 200 12115 jlmangas.com "http://jlmangas.com/admin788xpfnos/index.php?controller=AdminCarriers&token=a6cae2a60a3cbbff54bc56d6e289da79" "Mozilla/5.0 (X11; Ubuntu; Linux x86_64; rv:84.0) Gecko/20100101 Firefox/84.0" "-"
31.4.241.0 - - [11/Feb/2021:12:59:32 +0100] "POST /admin788xpfnos/ajax.php?rand=1613044771355 HTTP/1.1" 200 311 jlmangas.com "http://jlmangas.com/admin788xpfnos/index.php?controller=AdminCarriers&token=a6cae2a60a3cbbff54bc56d6e289da79" "Mozilla/5.0 (X11; Ubuntu; Linux x86_64; rv:84.0) Gecko/20100101 Firefox/84.0" "-"
31.4.241.0 - - [11/Feb/2021:12:59:43 +0100] "GET /admin788xpfnos/index.php?controller=AdminOrders&token=55adef4229699f1991513fef87c7de72 HTTP/1.1" 200 278337 jlmangas.com "http://jlmangas.com/admin788xpfnos/index.php?controller=AdminCarriers&token=a6cae2a60a3cbbff54bc56d6e289da79" "Mozilla/5.0 (X11; Ubuntu; Linux x86_64; rv:84.0) Gecko/20100101 Firefox/84.0" "-"
31.4.241.0 - - [11/Feb/2021:12:59:47 +0100] "POST /admin788xpfnos/ajax.php?rand=1613044786906 HTTP/1.1" 200 311 jlmangas.com "http://jlmangas.com/admin788xpfnos/index.php?controller=AdminOrders&token=55adef4229699f1991513fef87c7de72" "Mozilla/5.0 (X11; Ubuntu; Linux x86_64; rv:84.0) Gecko/20100101 Firefox/84.0" "-"
31.4.241.0 - - [11/Feb/2021:12:59:52 +0100] "GET /admin788xpfnos/index.php?controller=AdminOrders&exportorder&token=55adef4229699f1991513fef87c7de72 HTTP/1.1" 200 9028 jlmangas.com "http://jlmangas.com/admin788xpfnos/index.php?controller=AdminOrders&token=55adef4229699f1991513fef87c7de72" "Mozilla/5.0 (X11; Ubuntu; Linux x86_64; rv:84.0) Gecko/20100101 Firefox/84.0" "-"
54.36.148.0 - - [11/Feb/2021:12:59:55 +0100] "GET /ca/home/524-toner-dell-2145-cyan.html HTTP/1.1" 200 84849 www.jlmangas.com "-" "Mozilla/5.0 (compatible; AhrefsBot/7.0; +http://ahrefs.com/robot/)" "-"
31.4.241.0 - - [11/Feb/2021:13:00:01 +0100] "GET /admin788xpfnos/index.php?controller=AdminInvoices&token=644473000e6f4efe57e1292f5d9a09cb HTTP/1.1" 200 81811 jlmangas.com "http://jlmangas.com/admin788xpfnos/index.php?controller=AdminOrders&token=55adef4229699f1991513fef87c7de72" "Mozilla/5.0 (X11; Ubuntu; Linux x86_64; rv:84.0) Gecko/20100101 Firefox/84.0" "-"
31.4.241.0 - - [11/Feb/2021:13:00:02 +0100] "POST /admin788xpfnos/ajax.php?rand=1613044801674 HTTP/1.1" 200 311 jlmangas.com "http://jlmangas.com/admin788xpfnos/index.php?controller=AdminInvoices&token=644473000e6f4efe57e1292f5d9a09cb" "Mozilla/5.0 (X11; Ubuntu; Linux x86_64; rv:84.0) Gecko/20100101 Firefox/84.0" "-"
185.191.171.0 - - [11/Feb/2021:13:03:07 +0100] "GET /es/inicio/302-cartucho-brother-lc-900-magenta.html HTTP/1.1" 200 86381 www.jlmangas.com "-" "Mozilla/5.0 (compatible; SemrushBot/7~bl; +http://www.semrush.com/bot.html)" "-"
40.77.167.0 - - [11/Feb/2021:13:03:36 +0100] "GET /1511-thickbox_default/toner-compatible-aficio-sp-c410sp-c411-cl4000-type-245-magenta.jpg HTTP/1.1" 200 42525 www.jlmangas.com "-" "Mozilla/5.0 (compatible; bingbot/2.0; +http://www.bing.com/bingbot.htm)" "-"
185.191.171.0 - - [11/Feb/2021:13:11:06 +0100] "GET /es/inicio/1411-toner-generico-ricoh-aficio-sp100esp100sf-e-negro.html HTTP/1.1" 200 86423 www.jlmangas.com "-" "Mozilla/5.0 (compatible; SemrushBot/7~bl; +http://www.semrush.com/bot.html)" "-"
185.119.81.0 - - [11/Feb/2021:13:11:07 +0100] "GET / HTTP/1.1" 301 - www.jlmangas.com "http://jl-mangas.com/" "Mozilla/5.0 (Windows NT 10.0; Win64; x64) AppleWebKit/537.36 (KHTML, like Gecko) Chrome/74.0.3729.169 Safari/537.36" "-"
185.119.81.0 - - [11/Feb/2021:13:11:07 +0100] "GET / HTTP/1.1" 301 - jl-mangas.com "-" "Mozilla/5.0 (Windows NT 10.0; Win64; x64) AppleWebKit/537.36 (KHTML, like Gecko) Chrome/74.0.3729.169 Safari/537.36" "-"
185.119.81.0 - - [11/Feb/2021:13:11:08 +0100] "GET / HTTP/1.1" 200 76474 www.jlmangas.com "http://www.jlmangas.com/" "Mozilla/5.0 (Windows NT 10.0; Win64; x64) AppleWebKit/537.36 (KHTML, like Gecko) Chrome/74.0.3729.169 Safari/537.36" "-"
185.119.81.0 - - [11/Feb/2021:13:11:09 +0100] "GET / HTTP/1.1" 200 76474 www.jlmangas.com "-" "Mozilla/5.0 (Windows NT 10.0; Win64; x64) AppleWebKit/537.36 (KHTML, like Gecko) Chrome/74.0.3729.169 Safari/537.36" "-"
185.119.81.0 - - [11/Feb/2021:13:11:11 +0100] "GET /ca/ HTTP/1.1" 200 76658 www.jlmangas.com "-" "Mozilla/5.0 (Windows NT 10.0; Win64; x64) AppleWebKit/537.36 (KHTML, like Gecko) Chrome/74.0.3729.169 Safari/537.36" "-"
185.119.81.0 - - [11/Feb/2021:13:11:13 +0100] "GET /es/19-hp HTTP/1.1" 200 43094 www.jlmangas.com "-" "Mozilla/5.0 (Windows NT 10.0; Win64; x64) AppleWebKit/537.36 (KHTML, like Gecko) Chrome/74.0.3729.169 Safari/537.36" "-"
185.119.81.0 - - [11/Feb/2021:13:11:14 +0100] "GET /es/65-oki HTTP/1.1" 200 38830 www.jlmangas.com "-" "Mozilla/5.0 (Windows NT 10.0; Win64; x64) AppleWebKit/537.36 (KHTML, like Gecko) Chrome/74.0.3729.169 Safari/537.36" "-"
185.119.81.0 - - [11/Feb/2021:13:11:15 +0100] "GET /es/pedido HTTP/1.1" 200 56241 www.jlmangas.com "-" "Mozilla/5.0 (Windows NT 10.0; Win64; x64) AppleWebKit/537.36 (KHTML, like Gecko) Chrome/74.0.3729.169 Safari/537.36" "-"
185.119.81.0 - - [11/Feb/2021:13:11:16 +0100] "GET /es/albaran HTTP/1.1" 302 - www.jlmangas.com "-" "Mozilla/5.0 (Windows NT 10.0; Win64; x64) AppleWebKit/537.36 (KHTML, like Gecko) Chrome/74.0.3729.169 Safari/537.36" "-"
185.119.81.0 - - [11/Feb/2021:13:11:16 +0100] "GET /es/inicio-sesion?back=order-slip HTTP/1.1" 200 64507 www.jlmangas.com "https://www.jlmangas.com/es/albaran" "Mozilla/5.0 (Windows NT 10.0; Win64; x64) AppleWebKit/537.36 (KHTML, like Gecko) Chrome/74.0.3729.169 Safari/537.36" "-"
185.119.81.0 - - [11/Feb/2021:13:11:17 +0100] "GET /es/33-dell HTTP/1.1" 200 37682 www.jlmangas.com "-" "Mozilla/5.0 (Windows NT 10.0; Win64; x64) AppleWebKit/537.36 (KHTML, like Gecko) Chrome/74.0.3729.169 Safari/537.36" "-"
185.119.81.0 - - [11/Feb/2021:13:11:18 +0100] "GET /es/tiendas HTTP/1.1" 200 57548 www.jlmangas.com "-" "Mozilla/5.0 (Windows NT 10.0; Win64; x64) AppleWebKit/537.36 (KHTML, like Gecko) Chrome/74.0.3729.169 Safari/537.36" "-"
185.119.81.0 - - [11/Feb/2021:13:11:19 +0100] "GET /es/71-ricoh HTTP/1.1" 200 36669 www.jlmangas.com "-" "Mozilla/5.0 (Windows NT 10.0; Win64; x64) AppleWebKit/537.36 (KHTML, like Gecko) Chrome/74.0.3729.169 Safari/537.36" "-"
185.119.81.0 - - [11/Feb/2021:13:11:20 +0100] "GET /es/29-canon HTTP/1.1" 200 37705 www.jlmangas.com "-" "Mozilla/5.0 (Windows NT 10.0; Win64; x64) AppleWebKit/537.36 (KHTML, like Gecko) Chrome/74.0.3729.169 Safari/537.36" "-"
185.119.81.0 - - [11/Feb/2021:13:11:20 +0100] "GET /es/38-epson HTTP/1.1" 200 37690 www.jlmangas.com "-" "Mozilla/5.0 (Windows NT 10.0; Win64; x64) AppleWebKit/537.36 (KHTML, like Gecko) Chrome/74.0.3729.169 Safari/537.36" "-"
185.119.81.0 - - [11/Feb/2021:13:11:21 +0100] "GET /es/mapa-web HTTP/1.1" 200 75938 www.jlmangas.com "-" "Mozilla/5.0 (Windows NT 10.0; Win64; x64) AppleWebKit/537.36 (KHTML, like Gecko) Chrome/74.0.3729.169 Safari/537.36" "-"
185.119.81.0 - - [11/Feb/2021:13:11:22 +0100] "GET /es/42-kodak HTTP/1.1" 200 48214 www.jlmangas.com "-" "Mozilla/5.0 (Windows NT 10.0; Win64; x64) AppleWebKit/537.36 (KHTML, like Gecko) Chrome/74.0.3729.169 Safari/537.36" "-"
185.119.81.0 - - [11/Feb/2021:13:11:23 +0100] "GET /es/74-xerox HTTP/1.1" 200 36858 www.jlmangas.com "-" "Mozilla/5.0 (Windows NT 10.0; Win64; x64) AppleWebKit/537.36 (KHTML, like Gecko) Chrome/74.0.3729.169 Safari/537.36" "-"
185.119.81.0 - - [11/Feb/2021:13:11:24 +0100] "GET /es/72-inkjet HTTP/1.1" 200 49071 www.jlmangas.com "-" "Mozilla/5.0 (Windows NT 10.0; Win64; x64) AppleWebKit/537.36 (KHTML, like Gecko) Chrome/74.0.3729.169 Safari/537.36" "-"
185.119.81.0 - - [11/Feb/2021:13:11:25 +0100] "GET /es/37-inkjet HTTP/1.1" 200 73201 www.jlmangas.com "-" "Mozilla/5.0 (Windows NT 10.0; Win64; x64) AppleWebKit/537.36 (KHTML, like Gecko) Chrome/74.0.3729.169 Safari/537.36" "-"
185.119.81.0 - - [11/Feb/2021:13:11:26 +0100] "GET /es/79-3d-abs HTTP/1.1" 200 57913 www.jlmangas.com "-" "Mozilla/5.0 (Windows NT 10.0; Win64; x64) AppleWebKit/537.36 (KHTML, like Gecko) Chrome/74.0.3729.169 Safari/537.36" "-"
185.119.81.0 - - [11/Feb/2021:13:11:27 +0100] "GET /es/80-3d-pla HTTP/1.1" 200 70640 www.jlmangas.com "-" "Mozilla/5.0 (Windows NT 10.0; Win64; x64) AppleWebKit/537.36 (KHTML, like Gecko) Chrome/74.0.3729.169 Safari/537.36" "-"
185.119.81.0 - - [11/Feb/2021:13:11:28 +0100] "GET /es/25-inkjet HTTP/1.1" 200 73805 www.jlmangas.com "-" "Mozilla/5.0 (Windows NT 10.0; Win64; x64) AppleWebKit/537.36 (KHTML, like Gecko) Chrome/74.0.3729.169 Safari/537.36" "-"
185.119.81.0 - - [11/Feb/2021:13:11:29 +0100] "GET /es/30-inkjet HTTP/1.1" 200 73920 www.jlmangas.com "-" "Mozilla/5.0 (Windows NT 10.0; Win64; x64) AppleWebKit/537.36 (KHTML, like Gecko) Chrome/74.0.3729.169 Safari/537.36" "-"
185.119.81.0 - - [11/Feb/2021:13:11:30 +0100] "GET /es/39-inkjet HTTP/1.1" 200 73350 www.jlmangas.com "-" "Mozilla/5.0 (Windows NT 10.0; Win64; x64) AppleWebKit/537.36 (KHTML, like Gecko) Chrome/74.0.3729.169 Safari/537.36" "-"
185.119.81.0 - - [11/Feb/2021:13:11:32 +0100] "GET /es/62-inkjet HTTP/1.1" 200 51422 www.jlmangas.com "-" "Mozilla/5.0 (Windows NT 10.0; Win64; x64) AppleWebKit/537.36 (KHTML, like Gecko) Chrome/74.0.3729.169 Safari/537.36" "-"
185.119.81.0 - - [11/Feb/2021:13:11:33 +0100] "GET /es/23-inkjet HTTP/1.1" 200 40074 www.jlmangas.com "-" "Mozilla/5.0 (Windows NT 10.0; Win64; x64) AppleWebKit/537.36 (KHTML, like Gecko) Chrome/74.0.3729.169 Safari/537.36" "-"
185.119.81.0 - - [11/Feb/2021:13:11:34 +0100] "GET /es/50-inkjet HTTP/1.1" 200 75289 www.jlmangas.com "-" "Mozilla/5.0 (Windows NT 10.0; Win64; x64) AppleWebKit/537.36 (KHTML, like Gecko) Chrome/74.0.3729.169 Safari/537.36" "-"
185.119.81.0 - - [11/Feb/2021:13:11:35 +0100] "GET /es/57-inkjet HTTP/1.1" 200 43586 www.jlmangas.com "-" "Mozilla/5.0 (Windows NT 10.0; Win64; x64) AppleWebKit/537.36 (KHTML, like Gecko) Chrome/74.0.3729.169 Safari/537.36" "-"
185.119.81.0 - - [11/Feb/2021:13:11:36 +0100] "GET /es/mi-cuenta HTTP/1.1" 302 - www.jlmangas.com "-" "Mozilla/5.0 (Windows NT 10.0; Win64; x64) AppleWebKit/537.36 (KHTML, like Gecko) Chrome/74.0.3729.169 Safari/537.36" "-"
185.119.81.0 - - [11/Feb/2021:13:11:36 +0100] "GET /es/inicio-sesion?back=my-account HTTP/1.1" 200 64507 www.jlmangas.com "https://www.jlmangas.com/es/mi-cuenta" "Mozilla/5.0 (Windows NT 10.0; Win64; x64) AppleWebKit/537.36 (KHTML, like Gecko) Chrome/74.0.3729.169 Safari/537.36" "-"
185.119.81.0 - - [11/Feb/2021:13:11:38 +0100] "GET /es/34-inkjet HTTP/1.1" 200 43083 www.jlmangas.com "-" "Mozilla/5.0 (Windows NT 10.0; Win64; x64) AppleWebKit/537.36 (KHTML, like Gecko) Chrome/74.0.3729.169 Safari/537.36" "-"
185.119.81.0 - - [11/Feb/2021:13:11:39 +0100] "GET /es/55-inkjet HTTP/1.1" 200 43303 www.jlmangas.com "-" "Mozilla/5.0 (Windows NT 10.0; Win64; x64) AppleWebKit/537.36 (KHTML, like Gecko) Chrome/74.0.3729.169 Safari/537.36" "-"
185.119.81.0 - - [11/Feb/2021:13:11:40 +0100] "GET /es/46-kyocera HTTP/1.1" 200 36873 www.jlmangas.com "-" "Mozilla/5.0 (Windows NT 10.0; Win64; x64) AppleWebKit/537.36 (KHTML, like Gecko) Chrome/74.0.3729.169 Safari/537.36" "-"
185.119.81.0 - - [11/Feb/2021:13:11:41 +0100] "GET /es/24-brother HTTP/1.1" 200 38562 www.jlmangas.com "-" "Mozilla/5.0 (Windows NT 10.0; Win64; x64) AppleWebKit/537.36 (KHTML, like Gecko) Chrome/74.0.3729.169 Safari/537.36" "-"
185.119.81.0 - - [11/Feb/2021:13:11:42 +0100] "GET /es/94-archivo HTTP/1.1" 200 34817 www.jlmangas.com "-" "Mozilla/5.0 (Windows NT 10.0; Win64; x64) AppleWebKit/537.36 (KHTML, like Gecko) Chrome/74.0.3729.169 Safari/537.36" "-"
185.119.81.0 - - [11/Feb/2021:13:11:42 +0100] "GET /es/49-lexmark HTTP/1.1" 200 38567 www.jlmangas.com "-" "Mozilla/5.0 (Windows NT 10.0; Win64; x64) AppleWebKit/537.36 (KHTML, like Gecko) Chrome/74.0.3729.169 Safari/537.36" "-"
185.119.81.0 - - [11/Feb/2021:13:11:43 +0100] "GET /es/56-philips HTTP/1.1" 200 35805 www.jlmangas.com "-" "Mozilla/5.0 (Windows NT 10.0; Win64; x64) AppleWebKit/537.36 (KHTML, like Gecko) Chrome/74.0.3729.169 Safari/537.36" "-"
185.119.81.0 - - [11/Feb/2021:13:11:45 +0100] "GET /es/61-samsung HTTP/1.1" 200 37700 www.jlmangas.com "-" "Mozilla/5.0 (Windows NT 10.0; Win64; x64) AppleWebKit/537.36 (KHTML, like Gecko) Chrome/74.0.3729.169 Safari/537.36" "-"
185.119.81.0 - - [11/Feb/2021:13:11:45 +0100] "GET /es/54-olivetti HTTP/1.1" 200 41648 www.jlmangas.com "-" "Mozilla/5.0 (Windows NT 10.0; Win64; x64) AppleWebKit/537.36 (KHTML, like Gecko) Chrome/74.0.3729.169 Safari/537.36" "-"
185.119.81.0 - - [11/Feb/2021:13:11:46 +0100] "GET /es/104-escolar HTTP/1.1" 200 34949 www.jlmangas.com "-" "Mozilla/5.0 (Windows NT 10.0; Win64; x64) AppleWebKit/537.36 (KHTML, like Gecko) Chrome/74.0.3729.169 Safari/537.36" "-"
185.119.81.0 - - [11/Feb/2021:13:11:47 +0100] "GET /es/contactanos HTTP/1.1" 200 58683 www.jlmangas.com "-" "Mozilla/5.0 (Windows NT 10.0; Win64; x64) AppleWebKit/537.36 (KHTML, like Gecko) Chrome/74.0.3729.169 Safari/537.36" "-"
185.119.81.0 - - [11/Feb/2021:13:11:48 +0100] "GET /es/direcciones HTTP/1.1" 302 - www.jlmangas.com "-" "Mozilla/5.0 (Windows NT 10.0; Win64; x64) AppleWebKit/537.36 (KHTML, like Gecko) Chrome/74.0.3729.169 Safari/537.36" "-"
185.119.81.0 - - [11/Feb/2021:13:11:48 +0100] "GET /es/inicio-sesion?back=addresses HTTP/1.1" 200 64504 www.jlmangas.com "https://www.jlmangas.com/es/direcciones" "Mozilla/5.0 (Windows NT 10.0; Win64; x64) AppleWebKit/537.36 (KHTML, like Gecko) Chrome/74.0.3729.169 Safari/537.36" "-"
185.119.81.0 - - [11/Feb/2021:13:11:49 +0100] "GET /es/96-embalaje HTTP/1.1" 200 34913 www.jlmangas.com "-" "Mozilla/5.0 (Windows NT 10.0; Win64; x64) AppleWebKit/537.36 (KHTML, like Gecko) Chrome/74.0.3729.169 Safari/537.36" "-"
185.119.81.0 - - [11/Feb/2021:13:11:50 +0100] "GET /es/mas-vendido HTTP/1.1" 200 92809 www.jlmangas.com "-" "Mozilla/5.0 (Windows NT 10.0; Win64; x64) AppleWebKit/537.36 (KHTML, like Gecko) Chrome/74.0.3729.169 Safari/537.36" "-"
185.119.81.0 - - [11/Feb/2021:13:11:51 +0100] "GET /content/17-mapa HTTP/1.1" 301 - www.jlmangas.com "-" "Mozilla/5.0 (Windows NT 10.0; Win64; x64) AppleWebKit/537.36 (KHTML, like Gecko) Chrome/74.0.3729.169 Safari/537.36" "-"
185.119.81.0 - - [11/Feb/2021:13:11:52 +0100] "GET /content/17-mapa HTTP/1.1" 200 55671 www.jlmangas.com "http://www.jlmangas.com/content/17-mapa" "Mozilla/5.0 (Windows NT 10.0; Win64; x64) AppleWebKit/537.36 (KHTML, like Gecko) Chrome/74.0.3729.169 Safari/537.36" "-"
185.119.81.0 - - [11/Feb/2021:13:11:53 +0100] "GET /es/89-rodillos HTTP/1.1" 200 71429 www.jlmangas.com "-" "Mozilla/5.0 (Windows NT 10.0; Win64; x64) AppleWebKit/537.36 (KHTML, like Gecko) Chrome/74.0.3729.169 Safari/537.36" "-"
185.119.81.0 - - [11/Feb/2021:13:11:54 +0100] "GET /es/22-olivetti HTTP/1.1" 200 50765 www.jlmangas.com "-" "Mozilla/5.0 (Windows NT 10.0; Win64; x64) AppleWebKit/537.36 (KHTML, like Gecko) Chrome/74.0.3729.169 Safari/537.36" "-"
185.119.81.0 - - [11/Feb/2021:13:11:55 +0100] "GET /es/58-panasonic HTTP/1.1" 200 36815 www.jlmangas.com "-" "Mozilla/5.0 (Windows NT 10.0; Win64; x64) AppleWebKit/537.36 (KHTML, like Gecko) Chrome/74.0.3729.169 Safari/537.36" "-"
185.119.81.0 - - [11/Feb/2021:13:11:56 +0100] "GET /es/81-papeleria HTTP/1.1" 200 93634 www.jlmangas.com "-" "Mozilla/5.0 (Windows NT 10.0; Win64; x64) AppleWebKit/537.36 (KHTML, like Gecko) Chrome/74.0.3729.169 Safari/537.36" "-"
185.119.81.0 - - [11/Feb/2021:13:11:57 +0100] "GET /es/97-escritura HTTP/1.1" 200 40629 www.jlmangas.com "-" "Mozilla/5.0 (Windows NT 10.0; Win64; x64) AppleWebKit/537.36 (KHTML, like Gecko) Chrome/74.0.3729.169 Safari/537.36" "-"
185.119.81.0 - - [11/Feb/2021:13:11:57 +0100] "GET /content/4-acerca HTTP/1.1" 301 - www.jlmangas.com "-" "Mozilla/5.0 (Windows NT 10.0; Win64; x64) AppleWebKit/537.36 (KHTML, like Gecko) Chrome/74.0.3729.169 Safari/537.36" "-"
185.119.81.0 - - [11/Feb/2021:13:11:58 +0100] "GET /content/4-acerca HTTP/1.1" 200 56940 www.jlmangas.com "http://www.jlmangas.com/content/4-acerca" "Mozilla/5.0 (Windows NT 10.0; Win64; x64) AppleWebKit/537.36 (KHTML, like Gecko) Chrome/74.0.3729.169 Safari/537.36" "-"
185.119.81.0 - - [11/Feb/2021:13:11:59 +0100] "GET /content/12-buscar HTTP/1.1" 301 - www.jlmangas.com "-" "Mozilla/5.0 (Windows NT 10.0; Win64; x64) AppleWebKit/537.36 (KHTML, like Gecko) Chrome/74.0.3729.169 Safari/537.36" "-"
185.119.81.0 - - [11/Feb/2021:13:11:59 +0100] "GET /content/12-buscar HTTP/1.1" 200 55824 www.jlmangas.com "http://www.jlmangas.com/content/12-buscar" "Mozilla/5.0 (Windows NT 10.0; Win64; x64) AppleWebKit/537.36 (KHTML, like Gecko) Chrome/74.0.3729.169 Safari/537.36" "-"
185.119.81.0 - - [11/Feb/2021:13:12:00 +0100] "GET /es/52-laser-drum HTTP/1.1" 200 46789 www.jlmangas.com "-" "Mozilla/5.0 (Windows NT 10.0; Win64; x64) AppleWebKit/537.36 (KHTML, like Gecko) Chrome/74.0.3729.169 Safari/537.36" "-"
185.119.81.0 - - [11/Feb/2021:13:12:01 +0100] "GET /es/60-laser-drum HTTP/1.1" 200 49577 www.jlmangas.com "-" "Mozilla/5.0 (Windows NT 10.0; Win64; x64) AppleWebKit/537.36 (KHTML, like Gecko) Chrome/74.0.3729.169 Safari/537.36" "-"
185.119.81.0 - - [11/Feb/2021:13:12:02 +0100] "GET /content/10-tienda HTTP/1.1" 301 - www.jlmangas.com "-" "Mozilla/5.0 (Windows NT 10.0; Win64; x64) AppleWebKit/537.36 (KHTML, like Gecko) Chrome/74.0.3729.169 Safari/537.36" "-"
185.119.81.0 - - [11/Feb/2021:13:12:03 +0100] "GET /content/10-tienda HTTP/1.1" 404 54791 www.jlmangas.com "http://www.jlmangas.com/content/10-tienda" "Mozilla/5.0 (Windows NT 10.0; Win64; x64) AppleWebKit/537.36 (KHTML, like Gecko) Chrome/74.0.3729.169 Safari/537.36" "-"
185.119.81.0 - - [11/Feb/2021:13:12:04 +0100] "GET /es/28-laser-drum HTTP/1.1" 200 73450 www.jlmangas.com "-" "Mozilla/5.0 (Windows NT 10.0; Win64; x64) AppleWebKit/537.36 (KHTML, like Gecko) Chrome/74.0.3729.169 Safari/537.36" "-"
185.119.81.0 - - [11/Feb/2021:13:12:05 +0100] "GET /content/7-cookies HTTP/1.1" 301 - www.jlmangas.com "-" "Mozilla/5.0 (Windows NT 10.0; Win64; x64) AppleWebKit/537.36 (KHTML, like Gecko) Chrome/74.0.3729.169 Safari/537.36" "-"
185.119.81.0 - - [11/Feb/2021:13:12:05 +0100] "GET /content/7-cookies HTTP/1.1" 404 54791 www.jlmangas.com "http://www.jlmangas.com/content/7-cookies" "Mozilla/5.0 (Windows NT 10.0; Win64; x64) AppleWebKit/537.36 (KHTML, like Gecko) Chrome/74.0.3729.169 Safari/537.36" "-"
185.119.81.0 - - [11/Feb/2021:13:12:06 +0100] "GET /content/1-entrega HTTP/1.1" 301 - www.jlmangas.com "-" "Mozilla/5.0 (Windows NT 10.0; Win64; x64) AppleWebKit/537.36 (KHTML, like Gecko) Chrome/74.0.3729.169 Safari/537.36" "-"
185.119.81.0 - - [11/Feb/2021:13:12:07 +0100] "GET /content/1-entrega HTTP/1.1" 200 58958 www.jlmangas.com "http://www.jlmangas.com/content/1-entrega" "Mozilla/5.0 (Windows NT 10.0; Win64; x64) AppleWebKit/537.36 (KHTML, like Gecko) Chrome/74.0.3729.169 Safari/537.36" "-"
185.119.81.0 - - [11/Feb/2021:13:12:08 +0100] "GET /es/73-toner-laser HTTP/1.1" 200 76374 www.jlmangas.com "-" "Mozilla/5.0 (Windows NT 10.0; Win64; x64) AppleWebKit/537.36 (KHTML, like Gecko) Chrome/74.0.3729.169 Safari/537.36" "-"
185.119.81.0 - - [11/Feb/2021:13:12:09 +0100] "GET /content/13-calidad HTTP/1.1" 301 - www.jlmangas.com "-" "Mozilla/5.0 (Windows NT 10.0; Win64; x64) AppleWebKit/537.36 (KHTML, like Gecko) Chrome/74.0.3729.169 Safari/537.36" "-"
185.119.81.0 - - [11/Feb/2021:13:12:10 +0100] "GET /content/13-calidad HTTP/1.1" 200 54922 www.jlmangas.com "http://www.jlmangas.com/content/13-calidad" "Mozilla/5.0 (Windows NT 10.0; Win64; x64) AppleWebKit/537.36 (KHTML, like Gecko) Chrome/74.0.3729.169 Safari/537.36" "-"
185.119.81.0 - - [11/Feb/2021:13:12:11 +0100] "GET /content/8-novedades HTTP/1.1" 301 - www.jlmangas.com "-" "Mozilla/5.0 (Windows NT 10.0; Win64; x64) AppleWebKit/537.36 (KHTML, like Gecko) Chrome/74.0.3729.169 Safari/537.36" "-"
185.119.81.0 - - [11/Feb/2021:13:12:11 +0100] "GET /content/8-novedades HTTP/1.1" 200 57725 www.jlmangas.com "http://www.jlmangas.com/content/8-novedades" "Mozilla/5.0 (Windows NT 10.0; Win64; x64) AppleWebKit/537.36 (KHTML, like Gecko) Chrome/74.0.3729.169 Safari/537.36" "-"
185.119.81.0 - - [11/Feb/2021:13:12:12 +0100] "GET /es/bajamos-precios HTTP/1.1" 200 55095 www.jlmangas.com "-" "Mozilla/5.0 (Windows NT 10.0; Win64; x64) AppleWebKit/537.36 (KHTML, like Gecko) Chrome/74.0.3729.169 Safari/537.36" "-"
185.119.81.0 - - [11/Feb/2021:13:12:13 +0100] "GET /content/11-contacto HTTP/1.1" 301 - www.jlmangas.com "-" "Mozilla/5.0 (Windows NT 10.0; Win64; x64) AppleWebKit/537.36 (KHTML, like Gecko) Chrome/74.0.3729.169 Safari/537.36" "-"
185.119.81.0 - - [11/Feb/2021:13:12:14 +0100] "GET /content/11-contacto HTTP/1.1" 200 54922 www.jlmangas.com "http://www.jlmangas.com/content/11-contacto" "Mozilla/5.0 (Windows NT 10.0; Win64; x64) AppleWebKit/537.36 (KHTML, like Gecko) Chrome/74.0.3729.169 Safari/537.36" "-"
185.119.81.0 - - [11/Feb/2021:13:12:14 +0100] "GET /es/107-informatica HTTP/1.1" 200 75320 www.jlmangas.com "-" "Mozilla/5.0 (Windows NT 10.0; Win64; x64) AppleWebKit/537.36 (KHTML, like Gecko) Chrome/74.0.3729.169 Safari/537.36" "-"
185.119.81.0 - - [11/Feb/2021:13:12:16 +0100] "GET /es/nuevos-productos HTTP/1.1" 200 55076 www.jlmangas.com "-" "Mozilla/5.0 (Windows NT 10.0; Win64; x64) AppleWebKit/537.36 (KHTML, like Gecko) Chrome/74.0.3729.169 Safari/537.36" "-"
185.119.81.0 - - [11/Feb/2021:13:12:17 +0100] "GET /es/datos-personales HTTP/1.1" 302 - www.jlmangas.com "-" "Mozilla/5.0 (Windows NT 10.0; Win64; x64) AppleWebKit/537.36 (KHTML, like Gecko) Chrome/74.0.3729.169 Safari/537.36" "-"
185.119.81.0 - - [11/Feb/2021:13:12:17 +0100] "GET /es/inicio-sesion?back=identity HTTP/1.1" 200 64501 www.jlmangas.com "https://www.jlmangas.com/es/datos-personales" "Mozilla/5.0 (Windows NT 10.0; Win64; x64) AppleWebKit/537.36 (KHTML, like Gecko) Chrome/74.0.3729.169 Safari/537.36" "-"
185.119.81.0 - - [11/Feb/2021:13:12:19 +0100] "GET /content/9-masvendido HTTP/1.1" 301 - www.jlmangas.com "-" "Mozilla/5.0 (Windows NT 10.0; Win64; x64) AppleWebKit/537.36 (KHTML, like Gecko) Chrome/74.0.3729.169 Safari/537.36" "-"
185.119.81.0 - - [11/Feb/2021:13:12:19 +0100] "GET /content/9-masvendido HTTP/1.1" 200 54974 www.jlmangas.com "http://www.jlmangas.com/content/9-masvendido" "Mozilla/5.0 (Windows NT 10.0; Win64; x64) AppleWebKit/537.36 (KHTML, like Gecko) Chrome/74.0.3729.169 Safari/537.36" "-"
185.119.81.0 - - [11/Feb/2021:13:12:20 +0100] "GET /es/historial-compra HTTP/1.1" 302 - www.jlmangas.com "-" "Mozilla/5.0 (Windows NT 10.0; Win64; x64) AppleWebKit/537.36 (KHTML, like Gecko) Chrome/74.0.3729.169 Safari/537.36" "-"
185.119.81.0 - - [11/Feb/2021:13:12:21 +0100] "GET /es/inicio-sesion?back=history HTTP/1.1" 200 64498 www.jlmangas.com "https://www.jlmangas.com/es/historial-compra" "Mozilla/5.0 (Windows NT 10.0; Win64; x64) AppleWebKit/537.36 (KHTML, like Gecko) Chrome/74.0.3729.169 Safari/537.36" "-"
185.119.81.0 - - [11/Feb/2021:13:12:21 +0100] "GET /es/content/4-acerca HTTP/1.1" 200 56940 www.jlmangas.com "-" "Mozilla/5.0 (Windows NT 10.0; Win64; x64) AppleWebKit/537.36 (KHTML, like Gecko) Chrome/74.0.3729.169 Safari/537.36" "-"
185.119.81.0 - - [11/Feb/2021:13:12:22 +0100] "GET /content/5-pago-seguro HTTP/1.1" 301 - www.jlmangas.com "-" "Mozilla/5.0 (Windows NT 10.0; Win64; x64) AppleWebKit/537.36 (KHTML, like Gecko) Chrome/74.0.3729.169 Safari/537.36" "-"
185.119.81.0 - - [11/Feb/2021:13:12:23 +0100] "GET /content/5-pago-seguro HTTP/1.1" 200 55232 www.jlmangas.com "http://www.jlmangas.com/content/5-pago-seguro" "Mozilla/5.0 (Windows NT 10.0; Win64; x64) AppleWebKit/537.36 (KHTML, like Gecko) Chrome/74.0.3729.169 Safari/537.36" "-"
185.119.81.0 - - [11/Feb/2021:13:12:24 +0100] "GET /es/43-konika-minolta HTTP/1.1" 200 36962 www.jlmangas.com "-" "Mozilla/5.0 (Windows NT 10.0; Win64; x64) AppleWebKit/537.36 (KHTML, like Gecko) Chrome/74.0.3729.169 Safari/537.36" "-"
185.119.81.0 - - [11/Feb/2021:13:12:25 +0100] "GET /content/16-avisolegal HTTP/1.1" 301 - www.jlmangas.com "-" "Mozilla/5.0 (Windows NT 10.0; Win64; x64) AppleWebKit/537.36 (KHTML, like Gecko) Chrome/74.0.3729.169 Safari/537.36" "-"
185.119.81.0 - - [11/Feb/2021:13:12:25 +0100] "GET /content/16-avisolegal HTTP/1.1" 200 57352 www.jlmangas.com "http://www.jlmangas.com/content/16-avisolegal" "Mozilla/5.0 (Windows NT 10.0; Win64; x64) AppleWebKit/537.36 (KHTML, like Gecko) Chrome/74.0.3729.169 Safari/537.36" "-"
185.119.81.0 - - [11/Feb/2021:13:12:26 +0100] "GET /es/90-rollos-termicos HTTP/1.1" 200 58323 www.jlmangas.com "-" "Mozilla/5.0 (Windows NT 10.0; Win64; x64) AppleWebKit/537.36 (KHTML, like Gecko) Chrome/74.0.3729.169 Safari/537.36" "-"
185.119.81.0 - - [11/Feb/2021:13:12:27 +0100] "GET /content/19-proteccion HTTP/1.1" 200 57407 www.jlmangas.com "-" "Mozilla/5.0 (Windows NT 10.0; Win64; x64) AppleWebKit/537.36 (KHTML, like Gecko) Chrome/74.0.3729.169 Safari/537.36" "-"
185.119.81.0 - - [11/Feb/2021:13:12:28 +0100] "GET /es/64-laser-toner-color HTTP/1.1" 200 75132 www.jlmangas.com "-" "Mozilla/5.0 (Windows NT 10.0; Win64; x64) AppleWebKit/537.36 (KHTML, like Gecko) Chrome/74.0.3729.169 Safari/537.36" "-"
185.119.81.0 - - [11/Feb/2021:13:12:29 +0100] "GET /es/76-laser-toner-color HTTP/1.1" 200 74948 www.jlmangas.com "-" "Mozilla/5.0 (Windows NT 10.0; Win64; x64) AppleWebKit/537.36 (KHTML, like Gecko) Chrome/74.0.3729.169 Safari/537.36" "-"
185.119.81.0 - - [11/Feb/2021:13:12:30 +0100] "GET /es/41-laser-toner-color HTTP/1.1" 200 74652 www.jlmangas.com "-" "Mozilla/5.0 (Windows NT 10.0; Win64; x64) AppleWebKit/537.36 (KHTML, like Gecko) Chrome/74.0.3729.169 Safari/537.36" "-"
185.119.81.0 - - [11/Feb/2021:13:12:31 +0100] "GET /es/53-laser-toner-color HTTP/1.1" 200 75805 www.jlmangas.com "-" "Mozilla/5.0 (Windows NT 10.0; Win64; x64) AppleWebKit/537.36 (KHTML, like Gecko) Chrome/74.0.3729.169 Safari/537.36" "-"
185.119.81.0 - - [11/Feb/2021:13:12:32 +0100] "GET /es/48-laser-toner-color HTTP/1.1" 200 73214 www.jlmangas.com "-" "Mozilla/5.0 (Windows NT 10.0; Win64; x64) AppleWebKit/537.36 (KHTML, like Gecko) Chrome/74.0.3729.169 Safari/537.36" "-"
185.119.81.0 - - [11/Feb/2021:13:12:34 +0100] "GET /es/21-laser-toner-color HTTP/1.1" 200 72678 www.jlmangas.com "-" "Mozilla/5.0 (Windows NT 10.0; Win64; x64) AppleWebKit/537.36 (KHTML, like Gecko) Chrome/74.0.3729.169 Safari/537.36" "-"
185.119.81.0 - - [11/Feb/2021:13:12:35 +0100] "GET /es/67-laser-toner-color HTTP/1.1" 200 75208 www.jlmangas.com "-" "Mozilla/5.0 (Windows NT 10.0; Win64; x64) AppleWebKit/537.36 (KHTML, like Gecko) Chrome/74.0.3729.169 Safari/537.36" "-"
185.119.81.0 - - [11/Feb/2021:13:12:36 +0100] "GET /es/36-laser-toner-color HTTP/1.1" 200 73786 www.jlmangas.com "-" "Mozilla/5.0 (Windows NT 10.0; Win64; x64) AppleWebKit/537.36 (KHTML, like Gecko) Chrome/74.0.3729.169 Safari/537.36" "-"
185.119.81.0 - - [11/Feb/2021:13:12:37 +0100] "GET /es/27-laser-toner-color HTTP/1.1" 200 73070 www.jlmangas.com "-" "Mozilla/5.0 (Windows NT 10.0; Win64; x64) AppleWebKit/537.36 (KHTML, like Gecko) Chrome/74.0.3729.169 Safari/537.36" "-"
185.119.81.0 - - [11/Feb/2021:13:12:38 +0100] "GET /es/106-cintas-indelebles HTTP/1.1" 200 40571 www.jlmangas.com "-" "Mozilla/5.0 (Windows NT 10.0; Win64; x64) AppleWebKit/537.36 (KHTML, like Gecko) Chrome/74.0.3729.169 Safari/537.36" "-"
185.119.81.0 - - [11/Feb/2021:13:12:39 +0100] "GET /es/68-cintas-matriciales HTTP/1.1" 200 72901 www.jlmangas.com "-" "Mozilla/5.0 (Windows NT 10.0; Win64; x64) AppleWebKit/537.36 (KHTML, like Gecko) Chrome/74.0.3729.169 Safari/537.36" "-"
185.119.81.0 - - [11/Feb/2021:13:12:41 +0100] "GET /es/18-cintas-correctoras HTTP/1.1" 200 63597 www.jlmangas.com "-" "Mozilla/5.0 (Windows NT 10.0; Win64; x64) AppleWebKit/537.36 (KHTML, like Gecko) Chrome/74.0.3729.169 Safari/537.36" "-"
185.119.81.0 - - [11/Feb/2021:13:12:41 +0100] "GET /es/91-cajas-registradoras HTTP/1.1" 200 55551 www.jlmangas.com "-" "Mozilla/5.0 (Windows NT 10.0; Win64; x64) AppleWebKit/537.36 (KHTML, like Gecko) Chrome/74.0.3729.169 Safari/537.36" "-"
185.119.81.0 - - [11/Feb/2021:13:12:42 +0100] "GET /es/44-laser-fotocopiadora HTTP/1.1" 200 60924 www.jlmangas.com "-" "Mozilla/5.0 (Windows NT 10.0; Win64; x64) AppleWebKit/537.36 (KHTML, like Gecko) Chrome/74.0.3729.169 Safari/537.36" "-"
185.119.81.0 - - [11/Feb/2021:13:12:44 +0100] "GET /es/32-laser-fotocopiadora HTTP/1.1" 200 73076 www.jlmangas.com "-" "Mozilla/5.0 (Windows NT 10.0; Win64; x64) AppleWebKit/537.36 (KHTML, like Gecko) Chrome/74.0.3729.169 Safari/537.36" "-"
185.119.81.0 - - [11/Feb/2021:13:12:45 +0100] "GET /es/88-cintas-de-impresora HTTP/1.1" 200 72574 www.jlmangas.com "-" "Mozilla/5.0 (Windows NT 10.0; Win64; x64) AppleWebKit/537.36 (KHTML, like Gecko) Chrome/74.0.3729.169 Safari/537.36" "-"
185.119.81.0 - - [11/Feb/2021:13:12:47 +0100] "GET /es/92-maquinas-de-oficina HTTP/1.1" 200 55116 www.jlmangas.com "-" "Mozilla/5.0 (Windows NT 10.0; Win64; x64) AppleWebKit/537.36 (KHTML, like Gecko) Chrome/74.0.3729.169 Safari/537.36" "-"
185.119.81.0 - - [11/Feb/2021:13:12:48 +0100] "GET /content/6-nuestras-tiendas HTTP/1.1" 301 - www.jlmangas.com "-" "Mozilla/5.0 (Windows NT 10.0; Win64; x64) AppleWebKit/537.36 (KHTML, like Gecko) Chrome/74.0.3729.169 Safari/537.36" "-"
185.119.81.0 - - [11/Feb/2021:13:12:49 +0100] "GET /content/6-nuestras-tiendas HTTP/1.1" 404 54791 www.jlmangas.com "http://www.jlmangas.com/content/6-nuestras-tiendas" "Mozilla/5.0 (Windows NT 10.0; Win64; x64) AppleWebKit/537.36 (KHTML, like Gecko) Chrome/74.0.3729.169 Safari/537.36" "-"
185.119.81.0 - - [11/Feb/2021:13:12:50 +0100] "GET /es/103-servicios-generales HTTP/1.1" 200 34997 www.jlmangas.com "-" "Mozilla/5.0 (Windows NT 10.0; Win64; x64) AppleWebKit/537.36 (KHTML, like Gecko) Chrome/74.0.3729.169 Safari/537.36" "-"
185.119.81.0 - - [11/Feb/2021:13:12:50 +0100] "GET /es/59-laser-toner-monocromo HTTP/1.1" 200 58418 www.jlmangas.com "-" "Mozilla/5.0 (Windows NT 10.0; Win64; x64) AppleWebKit/537.36 (KHTML, like Gecko) Chrome/74.0.3729.169 Safari/537.36" "-"
185.119.81.0 - - [11/Feb/2021:13:12:51 +0100] "GET /es/47-laser-toner-monocromo HTTP/1.1" 200 72801 www.jlmangas.com "-" "Mozilla/5.0 (Windows NT 10.0; Win64; x64) AppleWebKit/537.36 (KHTML, like Gecko) Chrome/74.0.3729.169 Safari/537.36" "-"
185.119.81.0 - - [11/Feb/2021:13:12:53 +0100] "GET /es/40-laser-toner-monocromo HTTP/1.1" 200 73818 www.jlmangas.com "-" "Mozilla/5.0 (Windows NT 10.0; Win64; x64) AppleWebKit/537.36 (KHTML, like Gecko) Chrome/74.0.3729.169 Safari/537.36" "-"
185.119.81.0 - - [11/Feb/2021:13:12:53 +0100] "GET /es/95-organizacion-personal HTTP/1.1" 200 34924 www.jlmangas.com "-" "Mozilla/5.0 (Windows NT 10.0; Win64; x64) AppleWebKit/537.36 (KHTML, like Gecko) Chrome/74.0.3729.169 Safari/537.36" "-"
185.119.81.0 - - [11/Feb/2021:13:12:54 +0100] "GET /es/75-laser-toner-monocromo HTTP/1.1" 200 74620 www.jlmangas.com "-" "Mozilla/5.0 (Windows NT 10.0; Win64; x64) AppleWebKit/537.36 (KHTML, like Gecko) Chrome/74.0.3729.169 Safari/537.36" "-"
185.119.81.0 - - [11/Feb/2021:13:12:56 +0100] "GET /es/17-cintas-mecanograficas HTTP/1.1" 200 73097 www.jlmangas.com "-" "Mozilla/5.0 (Windows NT 10.0; Win64; x64) AppleWebKit/537.36 (KHTML, like Gecko) Chrome/74.0.3729.169 Safari/537.36" "-"
185.119.81.0 - - [11/Feb/2021:13:12:57 +0100] "GET /es/51-laser-toner-monocromo HTTP/1.1" 200 75386 www.jlmangas.com "-" "Mozilla/5.0 (Windows NT 10.0; Win64; x64) AppleWebKit/537.36 (KHTML, like Gecko) Chrome/74.0.3729.169 Safari/537.36" "-"
185.119.81.0 - - [11/Feb/2021:13:12:57 +0100] "GET /es/35-laser-toner-monocromo HTTP/1.1" 200 67907 www.jlmangas.com "-" "Mozilla/5.0 (Windows NT 10.0; Win64; x64) AppleWebKit/537.36 (KHTML, like Gecko) Chrome/74.0.3729.169 Safari/537.36" "-"
185.119.81.0 - - [11/Feb/2021:13:12:59 +0100] "GET /es/26-laser-toner-monocromo HTTP/1.1" 200 73033 www.jlmangas.com "-" "Mozilla/5.0 (Windows NT 10.0; Win64; x64) AppleWebKit/537.36 (KHTML, like Gecko) Chrome/74.0.3729.169 Safari/537.36" "-"
185.119.81.0 - - [11/Feb/2021:13:13:00 +0100] "GET /es/66-laser-toner-monocromo HTTP/1.1" 200 74750 www.jlmangas.com "-" "Mozilla/5.0 (Windows NT 10.0; Win64; x64) AppleWebKit/537.36 (KHTML, like Gecko) Chrome/74.0.3729.169 Safari/537.36" "-"
185.119.81.0 - - [11/Feb/2021:13:13:01 +0100] "GET /es/93-mobiliario-de-oficina HTTP/1.1" 200 48428 www.jlmangas.com "-" "Mozilla/5.0 (Windows NT 10.0; Win64; x64) AppleWebKit/537.36 (KHTML, like Gecko) Chrome/74.0.3729.169 Safari/537.36" "-"
40.77.167.0 - - [11/Feb/2021:13:13:38 +0100] "GET /1823-large_default/registradora-olivetti-ecr-6800-ld-cajon-grande-caja-profesional.jpg HTTP/1.1" 200 101390 www.jlmangas.com "-" "Mozilla/5.0 (compatible; bingbot/2.0; +http://www.bing.com/bingbot.htm)" "-"
54.36.148.0 - - [11/Feb/2021:13:15:23 +0100] "GET /es/inicio/851-cartucho-epson-t7891-negro.html HTTP/1.1" 200 86537 www.jlmangas.com "-" "Mozilla/5.0 (compatible; AhrefsBot/7.0; +http://ahrefs.com/robot/)" "-"
185.191.171.0 - - [11/Feb/2021:13:15:40 +0100] "GET /ca/home/1461-toner-compatible-ricoh-type-1270d-negro.html HTTP/1.1" 200 85254 www.jlmangas.com "-" "Mozilla/5.0 (compatible; SemrushBot/7~bl; +http://www.semrush.com/bot.html)" "-"
185.191.171.0 - - [11/Feb/2021:13:17:49 +0100] "GET /ca/home/1646-digital-la324-hbull-454.html HTTP/1.1" 200 84936 www.jlmangas.com "-" "Mozilla/5.0 (compatible; SemrushBot/7~bl; +http://www.semrush.com/bot.html)" "-"
185.191.171.0 - - [11/Feb/2021:13:17:54 +0100] "GET /es/inicio/742-cartucho-epson-t2632-26xl-cyan.html HTTP/1.1" 200 86460 www.jlmangas.com "-" "Mozilla/5.0 (compatible; SemrushBot/7~bl; +http://www.semrush.com/bot.html)" "-"
185.191.171.0 - - [11/Feb/2021:13:19:33 +0100] "GET /es/inicio/902-toner-epson-aculaser-c3900cx37-amarillo.html HTTP/1.1" 200 86423 www.jlmangas.com "-" "Mozilla/5.0 (compatible; SemrushBot/7~bl; +http://www.semrush.com/bot.html)" "-"
185.191.171.0 - - [11/Feb/2021:13:20:37 +0100] "GET /es/inicio/648-cartucho-hp-n%C2%BA-45-negro-.html HTTP/1.1" 200 119604 www.jlmangas.com "-" "Mozilla/5.0 (compatible; SemrushBot/7~bl; +http://www.semrush.com/bot.html)" "-"
91.217.81.0 - - [11/Feb/2021:13:22:42 +0100] "GET /es/mi-cuenta HTTP/1.1" 302 - www.jlmangas.com "-" "-" "-"
91.217.81.0 - - [11/Feb/2021:13:22:43 +0100] "GET /es/inicio-sesion?back=my-account HTTP/1.1" 200 64507 www.jlmangas.com "-" "-" "-"
91.217.81.0 - - [11/Feb/2021:13:22:44 +0100] "POST /es/inicio-sesion HTTP/1.1" 302 - www.jlmangas.com "-" "-" "-"
91.217.81.0 - - [11/Feb/2021:13:22:46 +0100] "GET /es/mi-cuenta HTTP/1.1" 200 57326 www.jlmangas.com "-" "-" "-"
17.58.99.0 - - [11/Feb/2021:13:26:08 +0100] "GET /es/inicio/378-toner-brother-tn325tn320-magenta.html HTTP/1.1" 200 86460 www.jlmangas.com "-" "Mozilla/5.0 (Macintosh; Intel Mac OS X 10_15_5) AppleWebKit/605.1.15 (KHTML, like Gecko) Version/13.1.1 Safari/605.1.15 (Applebot/0.1; +http://www.apple.com/go/applebot)" "-"
157.55.39.0 - - [11/Feb/2021:13:27:53 +0100] "GET /450-large_default/cartucho-canon-bci-11-color.jpg HTTP/1.1" 200 50111 www.jlmangas.com "-" "Mozilla/5.0 (compatible; bingbot/2.0; +http://www.bing.com/bingbot.htm)" "-"
176.96.238.0 - - [11/Feb/2021:13:28:25 +0100] "GET /mail/config-v1.1.xml?emailaddress=admin%40jl-mangas.com HTTP/1.1" 301 - jl-mangas.com "-" "Opera/9.80 (Android; Opera Mini/7.5.54678/28.2555; U; ru) Presto/2.10.289 Version/12.02" "-"
176.96.238.0 - - [11/Feb/2021:13:28:26 +0100] "GET /?emailaddress=admin%40jl-mangas.com HTTP/1.1" 301 - www.jlmangas.com "-" "Opera/9.80 (Android; Opera Mini/7.5.54678/28.2555; U; ru) Presto/2.10.289 Version/12.02" "-"
176.96.238.0 - - [11/Feb/2021:13:28:26 +0100] "GET /?emailaddress=admin%40jl-mangas.com HTTP/1.1" 200 74380 www.jlmangas.com "-" "Opera/9.80 (Android; Opera Mini/7.5.54678/28.2555; U; ru) Presto/2.10.289 Version/12.02" "-"
176.96.238.0 - - [11/Feb/2021:13:28:27 +0100] "GET /.well-known/autoconfig/mail/config-v1.1.xml?emailaddress=admin%40jl-mangas.com HTTP/1.1" 301 - jl-mangas.com "-" "Mozilla/5.0 (Windows NT 10.0; WOW64) AppleWebKit/537.36 (KHTML, like Gecko) Chrome/68.0.2265.36 Safari/537.36" "-"
176.96.238.0 - - [11/Feb/2021:13:28:28 +0100] "GET /?emailaddress=admin%40jl-mangas.com HTTP/1.1" 301 - www.jlmangas.com "-" "Mozilla/5.0 (Windows NT 10.0; WOW64) AppleWebKit/537.36 (KHTML, like Gecko) Chrome/68.0.2265.36 Safari/537.36" "-"
176.96.238.0 - - [11/Feb/2021:13:28:28 +0100] "GET /?emailaddress=admin%40jl-mangas.com HTTP/1.1" 200 76509 www.jlmangas.com "-" "Mozilla/5.0 (Windows NT 10.0; WOW64) AppleWebKit/537.36 (KHTML, like Gecko) Chrome/68.0.2265.36 Safari/537.36" "-"
176.96.238.0 - - [11/Feb/2021:13:28:29 +0100] "GET /autodiscover/autodiscover.xml HTTP/1.1" 301 - jl-mangas.com "-" "Mozilla/5.0 (Windows NT 10.0; Win64; x64) AppleWebKit/537.36 (KHTML, like Gecko) Chrome/63.0.2429.134 Safari/537.36" "-"
176.96.238.0 - - [11/Feb/2021:13:28:29 +0100] "GET / HTTP/1.1" 301 - www.jlmangas.com "-" "Mozilla/5.0 (Windows NT 10.0; Win64; x64) AppleWebKit/537.36 (KHTML, like Gecko) Chrome/63.0.2429.134 Safari/537.36" "-"
176.96.238.0 - - [11/Feb/2021:13:28:29 +0100] "GET / HTTP/1.1" 200 76474 www.jlmangas.com "-" "Mozilla/5.0 (Windows NT 10.0; Win64; x64) AppleWebKit/537.36 (KHTML, like Gecko) Chrome/63.0.2429.134 Safari/537.36" "-"
54.36.149.0 - - [11/Feb/2021:13:30:04 +0100] "GET /ca/home/227-toner-hp-cf381-cyan.html HTTP/1.1" 200 84828 www.jlmangas.com "-" "Mozilla/5.0 (compatible; AhrefsBot/7.0; +http://ahrefs.com/robot/)" "-"
185.191.171.0 - - [11/Feb/2021:13:30:42 +0100] "GET /robots.txt HTTP/1.1" 404 55460 www.jlmangas.com "-" "Mozilla/5.0 (compatible; SemrushBot/7~bl; +http://www.semrush.com/bot.html)" "-"
185.191.171.0 - - [11/Feb/2021:13:30:42 +0100] "GET /ca/home/131-toner-hp-390a-negro.html HTTP/1.1" 200 84828 www.jlmangas.com "-" "Mozilla/5.0 (compatible; SemrushBot/7~bl; +http://www.semrush.com/bot.html)" "-"
13.66.139.0 - - [11/Feb/2021:13:35:43 +0100] "GET /es/inicio/765-cartucho-epson-t1293-magenta.html HTTP/1.1" 200 87507 www.jlmangas.com "-" "Mozilla/5.0 (compatible; bingbot/2.0; +http://www.bing.com/bingbot.htm)" "-"
157.55.39.0 - - [11/Feb/2021:13:40:10 +0100] "GET /1468-large_default/toner-compatible-ricoh-aficio-sp150-negro.jpg HTTP/1.1" 200 89642 www.jlmangas.com "-" "Mozilla/5.0 (compatible; bingbot/2.0; +http://www.bing.com/bingbot.htm)" "-"
13.66.139.0 - - [11/Feb/2021:13:40:15 +0100] "GET /ca/home/862-toner-epson-epl5700epl5800-negro.html HTTP/1.1" 200 85111 www.jlmangas.com "-" "Mozilla/5.0 (compatible; bingbot/2.0; +http://www.bing.com/bingbot.htm)" "-"
185.191.171.0 - - [11/Feb/2021:13:42:19 +0100] "GET /ca/home/246-toner-hp-cf360a-negro.html HTTP/1.1" 200 84870 www.jlmangas.com "-" "Mozilla/5.0 (compatible; SemrushBot/7~bl; +http://www.semrush.com/bot.html)" "-"
66.249.64.0 - - [11/Feb/2021:13:43:25 +0100] "GET /26-home_default/epson-erc-03-omron-rs-1600-rs-18-rs-1150.jpg HTTP/1.1" 304 - www.jlmangas.com "-" "Googlebot-Image/1.0" "-"
54.36.148.0 - - [11/Feb/2021:13:44:31 +0100] "GET /es/81-papeleria?p=2 HTTP/1.1" 200 89125 www.jlmangas.com "-" "Mozilla/5.0 (compatible; AhrefsBot/7.0; +http://ahrefs.com/robot/)" "-"
185.191.171.0 - - [11/Feb/2021:13:46:02 +0100] "GET /ca/home/1267-toner-remanufacturado.html HTTP/1.1" 200 85076 www.jlmangas.com "-" "Mozilla/5.0 (compatible; SemrushBot/7~bl; +http://www.semrush.com/bot.html)" "-"
13.66.139.0 - - [11/Feb/2021:13:48:44 +0100] "GET /es/inicio/1792-amstrad-dmp20003160-overlap-weld-de-072mm-72cm.html HTTP/1.1" 200 87843 www.jlmangas.com "-" "Mozilla/5.0 (compatible; bingbot/2.0; +http://www.bing.com/bingbot.htm)" "-"
185.191.171.0 - - [11/Feb/2021:13:52:51 +0100] "GET /es/inicio/1194-toner-compatible-samsung-ml3560ml3561-negro.html HTTP/1.1" 200 86274 www.jlmangas.com "-" "Mozilla/5.0 (compatible; SemrushBot/7~bl; +http://www.semrush.com/bot.html)" "-"
157.55.39.0 - - [11/Feb/2021:13:54:04 +0100] "GET /1203-thickbox_default/cartucho-de-tinta-generico-b0384-olivetti-fj20-negro.jpg HTTP/1.1" 200 59624 www.jlmangas.com "-" "Mozilla/5.0 (compatible; bingbot/2.0; +http://www.bing.com/bingbot.htm)" "-"
157.55.39.0 - - [11/Feb/2021:13:54:16 +0100] "GET /1535-large_default/tambor-xerox-compatible-55005550-drum.jpg HTTP/1.1" 200 69559 www.jlmangas.com "-" "Mozilla/5.0 (compatible; bingbot/2.0; +http://www.bing.com/bingbot.htm)" "-"
185.191.171.0 - - [11/Feb/2021:13:58:13 +0100] "GET /es/inicio/895-toner-epson-aculaser-c3800-negro.html HTTP/1.1" 200 86403 www.jlmangas.com "-" "Mozilla/5.0 (compatible; SemrushBot/7~bl; +http://www.semrush.com/bot.html)" "-"
54.36.148.0 - - [11/Feb/2021:13:58:47 +0100] "GET /es/inicio/1580-toner-compatible-xerox-workcenter-7750-cyan.html HTTP/1.1" 200 88473 www.jlmangas.com "-" "Mozilla/5.0 (compatible; AhrefsBot/7.0; +http://ahrefs.com/robot/)" "-"
185.191.171.0 - - [11/Feb/2021:14:00:53 +0100] "GET /ca/61-samsung HTTP/1.1" 200 37524 www.jlmangas.com "-" "Mozilla/5.0 (compatible; SemrushBot/7~bl; +http://www.semrush.com/bot.html)" "-"
185.191.171.0 - - [11/Feb/2021:14:04:35 +0100] "GET /es/inicio/1013-toner-kyocera-mita-tk540-magenta.html HTTP/1.1" 200 86013 www.jlmangas.com "-" "Mozilla/5.0 (compatible; SemrushBot/7~bl; +http://www.semrush.com/bot.html)" "-"
17.58.99.0 - - [11/Feb/2021:14:06:12 +0100] "GET /ca/77-consumibles-impresoras-3d HTTP/1.1" 200 36137 www.jlmangas.com "-" "Mozilla/5.0 (Macintosh; Intel Mac OS X 10_15_5) AppleWebKit/605.1.15 (KHTML, like Gecko) Version/13.1.1 Safari/605.1.15 (Applebot/0.1; +http://www.apple.com/go/applebot)" "-"
185.191.171.0 - - [11/Feb/2021:14:06:40 +0100] "GET /ca/home/1117-toner-compatible-lexmark-t650h11e-t650t652t654t656-negro.html HTTP/1.1" 200 85662 www.jlmangas.com "-" "Mozilla/5.0 (compatible; SemrushBot/7~bl; +http://www.semrush.com/bot.html)" "-"
66.249.64.0 - - [11/Feb/2021:14:07:58 +0100] "GET /622-home_default/cartucho-hp-n%C2%BA-350xl-negro.jpg HTTP/1.1" 200 33103 www.jlmangas.com "-" "Googlebot-Image/1.0" "-"
54.36.148.0 - - [11/Feb/2021:14:12:06 +0100] "GET /ca/maquinas-de-oficina/1772-detector-de-billetes-falsos-safescan-50-detector-ultrvioleta.html HTTP/1.1" 200 72338 www.jlmangas.com "-" "Mozilla/5.0 (compatible; AhrefsBot/7.0; +http://ahrefs.com/robot/)" "-"
185.191.171.0 - - [11/Feb/2021:14:18:30 +0100] "GET /es/inicio/688-cartucho-epson-t026-negro.html HTTP/1.1" 200 86091 www.jlmangas.com "-" "Mozilla/5.0 (compatible; SemrushBot/7~bl; +http://www.semrush.com/bot.html)" "-"
157.55.39.0 - - [11/Feb/2021:14:20:43 +0100] "GET /ca/cart?add=1&id_product=446&token=b0e56980a2b40b53639593bacf56a300 HTTP/1.1" 200 54579 www.jlmangas.com "-" "Mozilla/5.0 (compatible; bingbot/2.0; +http://www.bing.com/bingbot.htm)" "-"
185.191.171.0 - - [11/Feb/2021:14:20:54 +0100] "GET /ca/home/1032-toner-kyocera-tk590-negro.html HTTP/1.1" 200 84971 www.jlmangas.com "-" "Mozilla/5.0 (compatible; SemrushBot/7~bl; +http://www.semrush.com/bot.html)" "-"
66.249.64.0 - - [11/Feb/2021:14:21:22 +0100] "GET /26-cart_default/epson-erc-03-omron-rs-1600-rs-18-rs-1150.jpg HTTP/1.1" 200 6594 www.jlmangas.com "-" "Googlebot-Image/1.0" "-"
185.191.171.0 - - [11/Feb/2021:14:22:22 +0100] "GET /ca/home/450-cartucho-canon-pgi550xlcli551xl-cartuchos-de-tinta-compatible-pack-10-colores.html HTTP/1.1" 200 86023 www.jlmangas.com "-" "Mozilla/5.0 (compatible; SemrushBot/7~bl; +http://www.semrush.com/bot.html)" "-"
66.249.64.0 - - [11/Feb/2021:14:23:40 +0100] "GET /1805-large_default/rodillo-cp-17.jpg HTTP/1.1" 200 80602 www.jlmangas.com "-" "Googlebot-Image/1.0" "-"
185.191.171.0 - - [11/Feb/2021:14:23:53 +0100] "GET /ca/32-laser-fotocopiadora HTTP/1.1" 200 72270 www.jlmangas.com "-" "Mozilla/5.0 (compatible; SemrushBot/7~bl; +http://www.semrush.com/bot.html)" "-"
