185.191.171.0 - - [11/Feb/2021:00:03:07 +0100] "GET /robots.txt HTTP/1.1" 404 55460 www.jlmangas.com "-" "Mozilla/5.0 (compatible; SemrushBot/7~bl; +http://www.semrush.com/bot.html)" "-"
185.191.171.0 - - [11/Feb/2021:00:03:09 +0100] "GET /ca/68-cintas-matriciales-registradoras?p=2 HTTP/1.1" 200 71574 www.jlmangas.com "-" "Mozilla/5.0 (compatible; SemrushBot/7~bl; +http://www.semrush.com/bot.html)" "-"
157.55.39.0 - - [11/Feb/2021:00:05:11 +0100] "GET /1858-thickbox_default/amstrad-dmp20003160-overlap-weld-de-072mm-72cm.jpg HTTP/1.1" 200 160707 www.jlmangas.com "-" "Mozilla/5.0 (compatible; bingbot/2.0; +http://www.bing.com/bingbot.htm)" "-"
54.36.148.0 - - [11/Feb/2021:00:05:51 +0100] "GET /es/inicio/566-toner-dell-5110-negro.html HTTP/1.1" 200 85811 www.jlmangas.com "-" "Mozilla/5.0 (compatible; AhrefsBot/7.0; +http://ahrefs.com/robot/)" "-"
185.191.171.0 - - [11/Feb/2021:00:06:15 +0100] "GET /es/inicio/475-toner-canon-cexv5-cexv14-negro.html HTTP/1.1" 200 86380 www.jlmangas.com "-" "Mozilla/5.0 (compatible; SemrushBot/7~bl; +http://www.semrush.com/bot.html)" "-"
185.191.171.0 - - [11/Feb/2021:00:06:59 +0100] "GET /ca/home/1114-toner-compatible-lexmark-optra-12a7415-e460-negro.html HTTP/1.1" 200 85485 www.jlmangas.com "-" "Mozilla/5.0 (compatible; SemrushBot/7~bl; +http://www.semrush.com/bot.html)" "-"
157.55.39.0 - - [11/Feb/2021:00:07:51 +0100] "GET /es/inicio/1450-toner-compatible-ricoh-aficio-mp-c2030c2050c2530c2550-cyan.html HTTP/1.1" 200 86873 www.jlmangas.com "-" "Mozilla/5.0 (compatible; bingbot/2.0; +http://www.bing.com/bingbot.htm)" "-"
207.46.13.0 - - [11/Feb/2021:00:08:06 +0100] "GET /1506-large_default/toner-compatible-ricoh-aficio-mp-c2030c2050c2530c2550-cyan.jpg HTTP/1.1" 200 13024 www.jlmangas.com "-" "Mozilla/5.0 (compatible; bingbot/2.0; +http://www.bing.com/bingbot.htm)" "-"
157.55.39.0 - - [11/Feb/2021:00:08:12 +0100] "GET /js/jquery/plugins/jquery.idTabs.js HTTP/1.1" 200 2149 www.jlmangas.com "-" "Mozilla/5.0 (compatible; bingbot/2.0; +http://www.bing.com/bingbot.htm)" "-"
54.37.150.0 - - [11/Feb/2021:00:09:05 +0100] "GET /50-home_default/citizen-dp-400-ir-41-bicolor.jpg HTTP/1.1" 200 36047 www.jlmangas.com "-" "-" "-"
54.37.150.0 - - [11/Feb/2021:00:09:06 +0100] "GET /51-home_default/citizen-dp-700-ir-71.jpg HTTP/1.1" 200 33403 www.jlmangas.com "-" "-" "-"
54.37.150.0 - - [11/Feb/2021:00:09:06 +0100] "GET /46-home_default/brother-sr-402-omron-4541.jpg HTTP/1.1" 200 10870 www.jlmangas.com "-" "-" "-"
54.37.150.0 - - [11/Feb/2021:00:09:06 +0100] "GET /1802-large_default/seiko-tp-20.jpg HTTP/1.1" 200 100933 www.jlmangas.com "-" "-" "-"
185.191.171.0 - - [11/Feb/2021:00:09:17 +0100] "GET /ca/home/1015-toner-kyocera-mita-tk550-negro.html HTTP/1.1" 200 85076 www.jlmangas.com "-" "Mozilla/5.0 (compatible; SemrushBot/7~bl; +http://www.semrush.com/bot.html)" "-"
17.58.99.0 - - [11/Feb/2021:00:09:31 +0100] "GET /es/63-laser-toner-monocromo HTTP/1.1" 200 75319 www.jlmangas.com "-" "Mozilla/5.0 (Macintosh; Intel Mac OS X 10_15_5) AppleWebKit/605.1.15 (KHTML, like Gecko) Version/13.1.1 Safari/605.1.15 (Applebot/0.1; +http://www.apple.com/go/applebot)" "-"
185.191.171.0 - - [11/Feb/2021:00:12:19 +0100] "GET /es/inicio/857-toner-epson-aculaser-m2000-negro.html HTTP/1.1" 200 86182 www.jlmangas.com "-" "Mozilla/5.0 (compatible; SemrushBot/7~bl; +http://www.semrush.com/bot.html)" "-"
157.55.39.0 - - [11/Feb/2021:00:12:55 +0100] "GET /1843-large_default/memoria-usb-emtec-flash-16gb-20-bombonera-80-unidades.jpg HTTP/1.1" 200 139512 www.jlmangas.com "-" "Mozilla/5.0 (compatible; bingbot/2.0; +http://www.bing.com/bingbot.htm)" "-"
157.55.39.0 - - [11/Feb/2021:00:14:39 +0100] "GET /1337-thickbox_default/toner-compatible-oki-c110c130mc160-cyan.jpg HTTP/1.1" 200 39459 www.jlmangas.com "-" "Mozilla/5.0 (compatible; bingbot/2.0; +http://www.bing.com/bingbot.htm)" "-"
54.36.149.0 - - [11/Feb/2021:00:14:40 +0100] "GET /es/inicio/1402-tambor-compatible-oki-c9600c9650c9800c9850-magenta.html HTTP/1.1" 200 87073 www.jlmangas.com "-" "Mozilla/5.0 (compatible; AhrefsBot/7.0; +http://ahrefs.com/robot/)" "-"
185.191.171.0 - - [11/Feb/2021:00:18:40 +0100] "GET /es/inicio/569-toner-dell-5110-magenta.html HTTP/1.1" 200 85862 www.jlmangas.com "-" "Mozilla/5.0 (compatible; SemrushBot/7~bl; +http://www.semrush.com/bot.html)" "-"
207.46.13.0 - - [11/Feb/2021:00:19:40 +0100] "GET /1842-thickbox_default/disco-duro-q-connect-3-externo-500gb-usb-30.jpg HTTP/1.1" 200 57992 www.jlmangas.com "-" "Mozilla/5.0 (compatible; bingbot/2.0; +http://www.bing.com/bingbot.htm)" "-"
185.191.171.0 - - [11/Feb/2021:00:22:24 +0100] "GET /es/inicio/785-cartucho-epson-t0344-amarillo.html HTTP/1.1" 200 85937 www.jlmangas.com "-" "Mozilla/5.0 (compatible; SemrushBot/7~bl; +http://www.semrush.com/bot.html)" "-"
185.191.171.0 - - [11/Feb/2021:00:22:48 +0100] "GET /es/inicio/337-cartucho-brother-lc-225xl-amarillo.html HTTP/1.1" 200 86084 www.jlmangas.com "-" "Mozilla/5.0 (compatible; SemrushBot/7~bl; +http://www.semrush.com/bot.html)" "-"
54.36.148.0 - - [11/Feb/2021:00:23:23 +0100] "GET /es/inicio/1101-cartucho-compatible-lexmark-14n1614e-n%C2%BA-150-xl-cyan.html HTTP/1.1" 200 86518 www.jlmangas.com "-" "Mozilla/5.0 (compatible; AhrefsBot/7.0; +http://ahrefs.com/robot/)" "-"
185.191.171.0 - - [11/Feb/2021:00:23:57 +0100] "GET /es/inicio/1578-toner-compatible-xerox-phaser-7500-amarillo.html HTTP/1.1" 200 86565 www.jlmangas.com "-" "Mozilla/5.0 (compatible; SemrushBot/7~bl; +http://www.semrush.com/bot.html)" "-"
185.191.171.0 - - [11/Feb/2021:00:24:50 +0100] "GET /ca/home/1715-olivetti-pr2snugcart.html HTTP/1.1" 200 84843 www.jlmangas.com "-" "Mozilla/5.0 (compatible; SemrushBot/7~bl; +http://www.semrush.com/bot.html)" "-"
114.119.140.0 - - [11/Feb/2021:00:26:54 +0100] "GET /robots.txt HTTP/1.1" 301 - www.jl-mangas.com "-" "(compatible;PetalBot;+https://aspiegel.com/petalbot)" "-"
17.58.99.0 - - [11/Feb/2021:00:27:10 +0100] "GET /es/inicio/763-cartucho-epson-t1291-negro.html HTTP/1.1" 200 87465 www.jlmangas.com "-" "Mozilla/5.0 (Macintosh; Intel Mac OS X 10_15_5) AppleWebKit/605.1.15 (KHTML, like Gecko) Version/13.1.1 Safari/605.1.15 (Applebot/0.1; +http://www.apple.com/go/applebot)" "-"
106.11.153.0 - - [11/Feb/2021:00:27:18 +0100] "GET /themes/MegaShop/css/product_list.css HTTP/1.1" 200 3221 www.jlmangas.com "https://www.jlmangas.com/es/37-inkjet" "YisouSpider" "-"
207.46.13.0 - - [11/Feb/2021:00:28:18 +0100] "GET /535-large_default/toner-dell-1600-negro.jpg HTTP/1.1" 200 78289 www.jlmangas.com "-" "Mozilla/5.0 (compatible; bingbot/2.0; +http://www.bing.com/bingbot.htm)" "-"
54.36.148.0 - - [11/Feb/2021:00:32:18 +0100] "GET /es/inicio/457-cartucho-canon-pgi1500xl-cyan.html HTTP/1.1" 200 86186 www.jlmangas.com "-" "Mozilla/5.0 (compatible; AhrefsBot/7.0; +http://ahrefs.com/robot/)" "-"
185.191.171.0 - - [11/Feb/2021:00:33:10 +0100] "GET /es/37-inkjet?p=3 HTTP/1.1" 200 73475 www.jlmangas.com "-" "Mozilla/5.0 (compatible; SemrushBot/7~bl; +http://www.semrush.com/bot.html)" "-"
114.119.150.0 - - [11/Feb/2021:00:33:35 +0100] "GET / HTTP/1.1" 301 - www.jlmangas.com "-" "(compatible;PetalBot;+https://aspiegel.com/petalbot)" "-"
114.119.150.0 - - [11/Feb/2021:00:33:36 +0100] "GET / HTTP/1.1" 200 76474 www.jlmangas.com "-" "(compatible;PetalBot;+https://aspiegel.com/petalbot)" "-"
185.191.171.0 - - [11/Feb/2021:00:33:44 +0100] "GET /ca/home/833-cartucho-epson-t0713-magenta.html HTTP/1.1" 200 85006 www.jlmangas.com "-" "Mozilla/5.0 (compatible; SemrushBot/7~bl; +http://www.semrush.com/bot.html)" "-"
185.191.171.0 - - [11/Feb/2021:00:34:12 +0100] "GET /es/inicio/1094-cartucho-compatible-lexmark-n%C2%BA-100-xl-negro.html HTTP/1.1" 200 87261 www.jlmangas.com "-" "Mozilla/5.0 (compatible; SemrushBot/7~bl; +http://www.semrush.com/bot.html)" "-"
54.38.244.0 - - [11/Feb/2021:00:39:21 +0100] "GET /50-home_default/citizen-dp-400-ir-41-bicolor.jpg HTTP/1.1" 200 36047 www.jlmangas.com "-" "-" "-"
54.38.244.0 - - [11/Feb/2021:00:39:21 +0100] "GET /51-home_default/citizen-dp-700-ir-71.jpg HTTP/1.1" 200 33403 www.jlmangas.com "-" "-" "-"
54.38.244.0 - - [11/Feb/2021:00:39:21 +0100] "GET /46-home_default/brother-sr-402-omron-4541.jpg HTTP/1.1" 200 10870 www.jlmangas.com "-" "-" "-"
54.38.244.0 - - [11/Feb/2021:00:39:21 +0100] "GET /1802-large_default/seiko-tp-20.jpg HTTP/1.1" 200 100933 www.jlmangas.com "-" "-" "-"
54.36.148.0 - - [11/Feb/2021:00:40:45 +0100] "GET /ca/home/1270-toner-remanufacturado-oki-b2500b2520b2540-negro.html HTTP/1.1" 200 85453 www.jlmangas.com "-" "Mozilla/5.0 (compatible; AhrefsBot/7.0; +http://ahrefs.com/robot/)" "-"
185.191.171.0 - - [11/Feb/2021:00:40:45 +0100] "GET /ca/home/265-toner-hp-cb543a125a-magenta.html HTTP/1.1" 200 85006 www.jlmangas.com "-" "Mozilla/5.0 (compatible; SemrushBot/7~bl; +http://www.semrush.com/bot.html)" "-"
157.55.39.0 - - [11/Feb/2021:00:40:55 +0100] "GET /ca/order HTTP/1.1" 200 56115 www.jlmangas.com "-" "Mozilla/5.0 (compatible; bingbot/2.0; +http://www.bing.com/bingbot.htm)" "-"
2605:7380:1000:: - - [11/Feb/2021:00:42:29 +0100] "GET / HTTP/1.1" 200 76474 www.jlmangas.com "https://www.jlmangas.com/" "Opera/9.80 (Windows NT 6.1; U; Distribution 00; ru) Presto/2.10.229 Version/11.60" "-"
2605:7380:1000:: - - [11/Feb/2021:00:42:30 +0100] "GET /js/jquery/jquery-1.11.0.min.js HTTP/1.1" 200 96381 www.jlmangas.com "https://www.jlmangas.com/checkout/onepage/" "Opera/9.80 (Windows NT 6.1; U; Distribution 00; ru) Presto/2.10.229 Version/11.60" "-"
2605:7380:1000:: - - [11/Feb/2021:00:42:30 +0100] "GET /themes/MegaShop/js/index.js HTTP/1.1" 200 1085 www.jlmangas.com "https://www.jlmangas.com/checkout/onepage/" "Opera/9.80 (Windows NT 6.1; U; Distribution 00; ru) Presto/2.10.229 Version/11.60" "-"
2605:7380:1000:: - - [11/Feb/2021:00:42:30 +0100] "GET /modules/tptnhomeslider/views/js/tptnslider.js HTTP/1.1" 200 182 www.jlmangas.com "https://www.jlmangas.com/checkout/onepage/" "Opera/9.80 (Windows NT 6.1; U; Distribution 00; ru) Presto/2.10.229 Version/11.60" "-"
2605:7380:1000:: - - [11/Feb/2021:00:42:31 +0100] "GET /js/jquery/plugins/jquery.hoverIntent.js HTTP/1.1" 200 1609 www.jlmangas.com "https://www.jlmangas.com/checkout/onepage/" "Opera/9.80 (Windows NT 6.1; U; Distribution 00; ru) Presto/2.10.229 Version/11.60" "-"
2605:7380:1000:: - - [11/Feb/2021:00:42:31 +0100] "GET /themes/MegaShop/js/autoload/tptnrotator.js HTTP/1.1" 200 1023 www.jlmangas.com "https://www.jlmangas.com/checkout/onepage/" "Opera/9.80 (Windows NT 6.1; U; Distribution 00; ru) Presto/2.10.229 Version/11.60" "-"
2605:7380:1000:: - - [11/Feb/2021:00:42:31 +0100] "GET /themes/MegaShop/js/products-comparison.js HTTP/1.1" 200 4351 www.jlmangas.com "https://www.jlmangas.com/checkout/onepage/" "Opera/9.80 (Windows NT 6.1; U; Distribution 00; ru) Presto/2.10.229 Version/11.60" "-"
2605:7380:1000:: - - [11/Feb/2021:00:42:31 +0100] "GET /js/jquery/plugins/fancybox/jquery.fancybox.js HTTP/1.1" 200 23135 www.jlmangas.com "https://www.jlmangas.com/checkout/onepage/" "Opera/9.80 (Windows NT 6.1; U; Distribution 00; ru) Presto/2.10.229 Version/11.60" "-"
2605:7380:1000:: - - [11/Feb/2021:00:42:31 +0100] "GET /modules/tptnmobilemenu/views/js/tptnmobilemenu.js HTTP/1.1" 200 3282 www.jlmangas.com "https://www.jlmangas.com/checkout/onepage/" "Opera/9.80 (Windows NT 6.1; U; Distribution 00; ru) Presto/2.10.229 Version/11.60" "-"
2605:7380:1000:: - - [11/Feb/2021:00:42:31 +0100] "GET /themes/MegaShop/js/tools/treeManagement.js HTTP/1.1" 200 3007 www.jlmangas.com "https://www.jlmangas.com/checkout/onepage/" "Opera/9.80 (Windows NT 6.1; U; Distribution 00; ru) Presto/2.10.229 Version/11.60" "-"
2605:7380:1000:: - - [11/Feb/2021:00:42:32 +0100] "GET /js/jquery/plugins/jquery.cooki-plugin.js HTTP/1.1" 200 1698 www.jlmangas.com "https://www.jlmangas.com/checkout/onepage/" "Opera/9.80 (Windows NT 6.1; U; Distribution 00; ru) Presto/2.10.229 Version/11.60" "-"
2605:7380:1000:: - - [11/Feb/2021:00:42:32 +0100] "GET /js/jquery/jquery-migrate-1.2.1.min.js HTTP/1.1" 200 7199 www.jlmangas.com "https://www.jlmangas.com/checkout/onepage/" "Opera/9.80 (Windows NT 6.1; U; Distribution 00; ru) Presto/2.10.229 Version/11.60" "-"
2605:7380:1000:: - - [11/Feb/2021:00:42:32 +0100] "GET /js/tools.js HTTP/1.1" 200 19353 www.jlmangas.com "https://www.jlmangas.com/checkout/onepage/" "Opera/9.80 (Windows NT 6.1; U; Distribution 00; ru) Presto/2.10.229 Version/11.60" "-"
2605:7380:1000:: - - [11/Feb/2021:00:42:32 +0100] "GET /themes/MegaShop/js/autoload/tptncategories.js HTTP/1.1" 200 5872 www.jlmangas.com "https://www.jlmangas.com/checkout/onepage/" "Opera/9.80 (Windows NT 6.1; U; Distribution 00; ru) Presto/2.10.229 Version/11.60" "-"
2605:7380:1000:: - - [11/Feb/2021:00:42:32 +0100] "GET /js/jquery/plugins/jquery.scrollTo.js HTTP/1.1" 200 2676 www.jlmangas.com "https://www.jlmangas.com/checkout/onepage/" "Opera/9.80 (Windows NT 6.1; U; Distribution 00; ru) Presto/2.10.229 Version/11.60" "-"
2605:7380:1000:: - - [11/Feb/2021:00:42:33 +0100] "GET /js/jquery/plugins/jquery.serialScroll.js HTTP/1.1" 200 2013 www.jlmangas.com "https://www.jlmangas.com/checkout/onepage/" "Opera/9.80 (Windows NT 6.1; U; Distribution 00; ru) Presto/2.10.229 Version/11.60" "-"
2605:7380:1000:: - - [11/Feb/2021:00:42:33 +0100] "GET /modules/tptnthemeconfig/views/js/configjs.js HTTP/1.1" 200 6595 www.jlmangas.com "https://www.jlmangas.com/checkout/onepage/" "Opera/9.80 (Windows NT 6.1; U; Distribution 00; ru) Presto/2.10.229 Version/11.60" "-"
2605:7380:1000:: - - [11/Feb/2021:00:42:33 +0100] "GET /themes/MegaShop/js/autoload/10-bootstrap.min.js HTTP/1.1" 200 27631 www.jlmangas.com "https://www.jlmangas.com/checkout/onepage/" "Opera/9.80 (Windows NT 6.1; U; Distribution 00; ru) Presto/2.10.229 Version/11.60" "-"
2605:7380:1000:: - - [11/Feb/2021:00:42:33 +0100] "GET /themes/MegaShop/js/autoload/owl.carousel.min.js HTTP/1.1" 200 43273 www.jlmangas.com "https://www.jlmangas.com/checkout/onepage/" "Opera/9.80 (Windows NT 6.1; U; Distribution 00; ru) Presto/2.10.229 Version/11.60" "-"
2605:7380:1000:: - - [11/Feb/2021:00:42:34 +0100] "GET /js/jquery/plugins/bxslider/jquery.bxslider.js HTTP/1.1" 200 19360 www.jlmangas.com "https://www.jlmangas.com/checkout/onepage/" "Opera/9.80 (Windows NT 6.1; U; Distribution 00; ru) Presto/2.10.229 Version/11.60" "-"
2605:7380:1000:: - - [11/Feb/2021:00:42:34 +0100] "GET /modules/blockfacebook/blockfacebook.js HTTP/1.1" 200 1320 www.jlmangas.com "https://www.jlmangas.com/checkout/onepage/" "Opera/9.80 (Windows NT 6.1; U; Distribution 00; ru) Presto/2.10.229 Version/11.60" "-"
2605:7380:1000:: - - [11/Feb/2021:00:42:34 +0100] "GET /js/jquery/plugins/autocomplete/jquery.autocomplete.js HTTP/1.1" 200 19950 www.jlmangas.com "https://www.jlmangas.com/checkout/onepage/" "Opera/9.80 (Windows NT 6.1; U; Distribution 00; ru) Presto/2.10.229 Version/11.60" "-"
2605:7380:1000:: - - [11/Feb/2021:00:42:34 +0100] "GET /js/jquery/plugins/jquery.easing.js HTTP/1.1" 200 4955 www.jlmangas.com "https://www.jlmangas.com/checkout/onepage/" "Opera/9.80 (Windows NT 6.1; U; Distribution 00; ru) Presto/2.10.229 Version/11.60" "-"
2605:7380:1000:: - - [11/Feb/2021:00:42:34 +0100] "GET /themes/MegaShop/js/autoload/15-jquery.total-storage.min.js HTTP/1.1" 200 2564 www.jlmangas.com "https://www.jlmangas.com/checkout/onepage/" "Opera/9.80 (Windows NT 6.1; U; Distribution 00; ru) Presto/2.10.229 Version/11.60" "-"
2605:7380:1000:: - - [11/Feb/2021:00:42:35 +0100] "GET /modules/tptnthemeconfig/views/js/colorpicker.js HTTP/1.1" 200 20795 www.jlmangas.com "https://www.jlmangas.com/checkout/onepage/" "Opera/9.80 (Windows NT 6.1; U; Distribution 00; ru) Presto/2.10.229 Version/11.60" "-"
2605:7380:1000:: - - [11/Feb/2021:00:42:35 +0100] "GET /themes/MegaShop/js/global.js HTTP/1.1" 200 12343 www.jlmangas.com "https://www.jlmangas.com/checkout/onepage/" "Opera/9.80 (Windows NT 6.1; U; Distribution 00; ru) Presto/2.10.229 Version/11.60" "-"
2605:7380:1000:: - - [11/Feb/2021:00:42:35 +0100] "GET /themes/MegaShop/js/modules/blockcart/ajax-cart.js HTTP/1.1" 200 31960 www.jlmangas.com "https://www.jlmangas.com/checkout/onepage/" "Opera/9.80 (Windows NT 6.1; U; Distribution 00; ru) Presto/2.10.229 Version/11.60" "-"
2605:7380:1000:: - - [11/Feb/2021:00:42:36 +0100] "GET /themes/MegaShop/js/modules/blocksearch/blocksearch.js HTTP/1.1" 200 3529 www.jlmangas.com "https://www.jlmangas.com/checkout/onepage/" "Opera/9.80 (Windows NT 6.1; U; Distribution 00; ru) Presto/2.10.229 Version/11.60" "-"
2605:7380:1000:: - - [11/Feb/2021:00:42:36 +0100] "GET /modules/homeslider/js/homeslider.js HTTP/1.1" 200 1941 www.jlmangas.com "https://www.jlmangas.com/checkout/onepage/" "Opera/9.80 (Windows NT 6.1; U; Distribution 00; ru) Presto/2.10.229 Version/11.60" "-"
40.77.167.0 - - [11/Feb/2021:00:42:42 +0100] "GET /ca/home/11-epson-erc-05.html HTTP/1.1" 200 84640 www.jlmangas.com "-" "Mozilla/5.0 (compatible; bingbot/2.0; +http://www.bing.com/bingbot.htm)" "-"
54.36.149.0 - - [11/Feb/2021:00:43:21 +0100] "GET /es/carrito?add=1&id_product=942 HTTP/1.1" 302 - www.jlmangas.com "-" "Mozilla/5.0 (compatible; AhrefsBot/7.0; +http://ahrefs.com/robot/)" "-"
185.191.171.0 - - [11/Feb/2021:00:43:24 +0100] "GET /ca/home/1250-toner-samsung-clp680clx6260-negro.html HTTP/1.1" 200 85149 www.jlmangas.com "-" "Mozilla/5.0 (compatible; SemrushBot/7~bl; +http://www.semrush.com/bot.html)" "-"
157.55.39.0 - - [11/Feb/2021:00:44:21 +0100] "GET /531-large_default/cartucho-dell-y499dx740nx738n-tricolor.jpg HTTP/1.1" 200 49251 www.jlmangas.com "-" "Mozilla/5.0 (compatible; bingbot/2.0; +http://www.bing.com/bingbot.htm)" "-"
66.249.64.0 - - [11/Feb/2021:00:44:53 +0100] "GET /es/inicio/1475-toner-compatible-xerox-522552305222-negro.html HTTP/1.1" 200 86404 www.jlmangas.com "-" "Mozilla/5.0 (Linux; Android 6.0.1; Nexus 5X Build/MMB29P) AppleWebKit/537.36 (KHTML, like Gecko) Chrome/88.0.4324.175 Mobile Safari/537.36 (compatible; Googlebot/2.1; +http://www.google.com/bot.html)" "-"
185.191.171.0 - - [11/Feb/2021:00:46:49 +0100] "GET /es/mas-vendido?p=4 HTTP/1.1" 200 92992 www.jlmangas.com "-" "Mozilla/5.0 (compatible; SemrushBot/7~bl; +http://www.semrush.com/bot.html)" "-"
114.119.150.0 - - [11/Feb/2021:00:47:07 +0100] "GET /robots.txt HTTP/1.1" 404 55460 www.jlmangas.com "-" "(compatible;PetalBot;+https://aspiegel.com/petalbot)" "-"
54.36.148.0 - - [11/Feb/2021:00:49:33 +0100] "GET /es/inicio/610-cartucho-hp-n%C2%BA-920xl-cyan.html HTTP/1.1" 200 86041 www.jlmangas.com "-" "Mozilla/5.0 (compatible; AhrefsBot/7.0; +http://ahrefs.com/robot/)" "-"
40.77.167.0 - - [11/Feb/2021:00:51:19 +0100] "GET /1221-large_default/cartucho-samsung-m215-negro.jpg HTTP/1.1" 200 46928 www.jlmangas.com "-" "Mozilla/5.0 (compatible; bingbot/2.0; +http://www.bing.com/bingbot.htm)" "-"
91.217.81.0 - - [11/Feb/2021:00:53:11 +0100] "GET /es/mi-cuenta HTTP/1.1" 302 - www.jlmangas.com "-" "-" "-"
91.217.81.0 - - [11/Feb/2021:00:53:11 +0100] "GET /es/inicio-sesion?back=my-account HTTP/1.1" 200 64507 www.jlmangas.com "-" "-" "-"
91.217.81.0 - - [11/Feb/2021:00:53:12 +0100] "POST /es/inicio-sesion HTTP/1.1" 302 - www.jlmangas.com "-" "-" "-"
91.217.81.0 - - [11/Feb/2021:00:53:13 +0100] "GET /es/mi-cuenta HTTP/1.1" 200 57326 www.jlmangas.com "-" "-" "-"
207.46.13.0 - - [11/Feb/2021:00:54:00 +0100] "GET /1588-large_default/toner-compatible-xerox-phaser-6250-cyan.jpg HTTP/1.1" 200 50389 www.jlmangas.com "-" "Mozilla/5.0 (compatible; bingbot/2.0; +http://www.bing.com/bingbot.htm)" "-"
157.55.39.0 - - [11/Feb/2021:00:54:29 +0100] "GET /1064-large_default/toner-kyocera-tk520-magenta.jpg HTTP/1.1" 200 24427 www.jlmangas.com "-" "Mozilla/5.0 (compatible; bingbot/2.0; +http://www.bing.com/bingbot.htm)" "-"
17.58.99.0 - - [11/Feb/2021:00:56:17 +0100] "GET /es/60-laser-drum HTTP/1.1" 200 49577 www.jlmangas.com "-" "Mozilla/5.0 (Macintosh; Intel Mac OS X 10_15_5) AppleWebKit/605.1.15 (KHTML, like Gecko) Version/13.1.1 Safari/605.1.15 (Applebot/0.1; +http://www.apple.com/go/applebot)" "-"
157.55.39.0 - - [11/Feb/2021:00:56:26 +0100] "GET /ca/cart?add=1&id_product=315&token=b0e56980a2b40b53639593bacf56a300 HTTP/1.1" 200 54579 www.jlmangas.com "-" "Mozilla/5.0 (compatible; bingbot/2.0; +http://www.bing.com/bingbot.htm)" "-"
54.36.148.0 - - [11/Feb/2021:00:58:38 +0100] "GET /ca/home/460-cartucho-canon-bx3-negro.html HTTP/1.1" 200 84929 www.jlmangas.com "-" "Mozilla/5.0 (compatible; AhrefsBot/7.0; +http://ahrefs.com/robot/)" "-"
207.46.13.0 - - [11/Feb/2021:00:58:50 +0100] "GET /1214-large_default/tambor-de-imagen-generico-drum-panasonic-kx-fa84x.jpg HTTP/1.1" 200 68491 www.jlmangas.com "-" "Mozilla/5.0 (compatible; bingbot/2.0; +http://www.bing.com/bingbot.htm)" "-"
185.191.171.0 - - [11/Feb/2021:01:00:13 +0100] "GET /ca/home/35-citizen-dp-400-ir-41-bicolor.html HTTP/1.1" 200 84976 www.jlmangas.com "-" "Mozilla/5.0 (compatible; SemrushBot/7~bl; +http://www.semrush.com/bot.html)" "-"
185.191.171.0 - - [11/Feb/2021:01:00:21 +0100] "GET /es/inicio/944-toner-konica-minolta-magicolor-240024302450248024902500253025502590.html HTTP/1.1" 200 87781 www.jlmangas.com "-" "Mozilla/5.0 (compatible; SemrushBot/7~bl; +http://www.semrush.com/bot.html)" "-"
51.38.45.0 - - [11/Feb/2021:01:03:04 +0100] "GET /50-home_default/citizen-dp-400-ir-41-bicolor.jpg HTTP/1.1" 200 36047 www.jlmangas.com "-" "-" "-"
51.38.45.0 - - [11/Feb/2021:01:03:04 +0100] "GET /51-home_default/citizen-dp-700-ir-71.jpg HTTP/1.1" 200 33403 www.jlmangas.com "-" "-" "-"
51.38.45.0 - - [11/Feb/2021:01:03:04 +0100] "GET /46-home_default/brother-sr-402-omron-4541.jpg HTTP/1.1" 200 10870 www.jlmangas.com "-" "-" "-"
51.38.45.0 - - [11/Feb/2021:01:03:05 +0100] "GET /1802-large_default/seiko-tp-20.jpg HTTP/1.1" 200 100933 www.jlmangas.com "-" "-" "-"
13.66.139.0 - - [11/Feb/2021:01:04:04 +0100] "GET /inicio/1035-hp-dr385-c.html HTTP/1.1" 301 - www.jl-mangas.com "-" "Mozilla/5.0 (compatible; bingbot/2.0; +http://www.bing.com/bingbot.htm)" "-"
13.66.139.0 - - [11/Feb/2021:01:04:04 +0100] "GET /inicio/1075-hp-t2673-m.html HTTP/1.1" 301 - www.jl-mangas.com "-" "Mozilla/5.0 (compatible; bingbot/2.0; +http://www.bing.com/bingbot.htm)" "-"
13.66.139.0 - - [11/Feb/2021:01:04:05 +0100] "GET /inicio/1192-ricoh-t-ric220-y.html HTTP/1.1" 301 - www.jl-mangas.com "-" "Mozilla/5.0 (compatible; bingbot/2.0; +http://www.bing.com/bingbot.htm)" "-"
13.66.139.0 - - [11/Feb/2021:01:04:05 +0100] "GET /inicio/1392-oki-to-c301m.html HTTP/1.1" 301 - www.jl-mangas.com "-" "Mozilla/5.0 (compatible; bingbot/2.0; +http://www.bing.com/bingbot.htm)" "-"
13.66.139.0 - - [11/Feb/2021:01:04:05 +0100] "GET /inicio/2276-wcrbtz531-bro-label-azulnegro-12-mm.html HTTP/1.1" 301 - www.jl-mangas.com "-" "Mozilla/5.0 (compatible; bingbot/2.0; +http://www.bing.com/bingbot.htm)" "-"
13.66.139.0 - - [11/Feb/2021:01:04:05 +0100] "GET /inicio/414-canon-t-can703.html HTTP/1.1" 301 - www.jl-mangas.com "-" "Mozilla/5.0 (compatible; bingbot/2.0; +http://www.bing.com/bingbot.htm)" "-"
13.66.139.0 - - [11/Feb/2021:01:04:09 +0100] "GET /inicio/489-dell-t-del1130bk.html HTTP/1.1" 301 - www.jl-mangas.com "-" "Mozilla/5.0 (compatible; bingbot/2.0; +http://www.bing.com/bingbot.htm)" "-"
13.66.139.0 - - [11/Feb/2021:01:04:10 +0100] "GET /inicio/556-kyocera-tky-tk6567.html HTTP/1.1" 301 - www.jl-mangas.com "-" "Mozilla/5.0 (compatible; bingbot/2.0; +http://www.bing.com/bingbot.htm)" "-"
13.66.139.0 - - [11/Feb/2021:01:04:10 +0100] "GET /inicio/664-canon-cp15-violeta.html HTTP/1.1" 301 - www.jl-mangas.com "-" "Mozilla/5.0 (compatible; bingbot/2.0; +http://www.bing.com/bingbot.htm)" "-"
13.66.139.0 - - [11/Feb/2021:01:04:10 +0100] "GET /inicio/866-olivetti-pr4-cart-violeta.html HTTP/1.1" 301 - www.jl-mangas.com "-" "Mozilla/5.0 (compatible; bingbot/2.0; +http://www.bing.com/bingbot.htm)" "-"
13.66.139.0 - - [11/Feb/2021:01:04:10 +0100] "GET /inicio/1365-konica-minolta-t-ko24002500y.html HTTP/1.1" 301 - www.jl-mangas.com "-" "Mozilla/5.0 (compatible; bingbot/2.0; +http://www.bing.com/bingbot.htm)" "-"
13.66.139.0 - - [11/Feb/2021:01:04:20 +0100] "GET /inicio/543-dell-t-del5100c.html HTTP/1.1" 301 - www.jl-mangas.com "-" "Mozilla/5.0 (compatible; bingbot/2.0; +http://www.bing.com/bingbot.htm)" "-"
13.66.139.0 - - [11/Feb/2021:01:04:20 +0100] "GET /inicio/756-epson-lq1500-negra.html HTTP/1.1" 301 - www.jl-mangas.com "-" "Mozilla/5.0 (compatible; bingbot/2.0; +http://www.bing.com/bingbot.htm)" "-"
13.66.139.0 - - [11/Feb/2021:01:04:20 +0100] "GET /inicio/87-hp-rm-6656a-hq.html HTTP/1.1" 301 - www.jl-mangas.com "-" "Mozilla/5.0 (compatible; bingbot/2.0; +http://www.bing.com/bingbot.htm)" "-"
13.66.139.0 - - [11/Feb/2021:01:04:21 +0100] "GET /inicio/1607-57-x-65-mm-autocopia.html HTTP/1.1" 301 - www.jl-mangas.com "-" "Mozilla/5.0 (compatible; bingbot/2.0; +http://www.bing.com/bingbot.htm)" "-"
54.36.148.0 - - [11/Feb/2021:01:07:30 +0100] "GET /ca/home/1271-toner-remanufacturado-oki-type-9b4100-negro.html HTTP/1.1" 200 85348 www.jlmangas.com "-" "Mozilla/5.0 (compatible; AhrefsBot/7.0; +http://ahrefs.com/robot/)" "-"
207.46.13.0 - - [11/Feb/2021:01:07:38 +0100] "GET /es/carrito?add=1&id_product=306&token=b0e56980a2b40b53639593bacf56a300 HTTP/1.1" 200 54681 www.jlmangas.com "-" "Mozilla/5.0 (compatible; bingbot/2.0; +http://www.bing.com/bingbot.htm)" "-"
185.191.171.0 - - [11/Feb/2021:01:08:49 +0100] "GET /robots.txt HTTP/1.1" 404 55460 www.jlmangas.com "-" "Mozilla/5.0 (compatible; SemrushBot/7~bl; +http://www.semrush.com/bot.html)" "-"
185.191.171.0 - - [11/Feb/2021:01:08:50 +0100] "GET /ca/home/1325-toner-generico-oki-c910-magenta.html HTTP/1.1" 200 85096 www.jlmangas.com "-" "Mozilla/5.0 (compatible; SemrushBot/7~bl; +http://www.semrush.com/bot.html)" "-"
185.191.171.0 - - [11/Feb/2021:01:09:06 +0100] "GET /es/inicio/483-toner-canon-npg-35exv-21gpr-23-amarillo.html HTTP/1.1" 200 86263 www.jlmangas.com "-" "Mozilla/5.0 (compatible; SemrushBot/7~bl; +http://www.semrush.com/bot.html)" "-"
157.55.39.0 - - [11/Feb/2021:01:09:17 +0100] "GET /js/jquery/plugins/jquery.idTabs.js HTTP/1.1" 200 2149 www.jlmangas.com "-" "Mozilla/5.0 (compatible; bingbot/2.0; +http://www.bing.com/bingbot.htm)" "-"
157.55.39.0 - - [11/Feb/2021:01:09:22 +0100] "GET /modules/mailalerts/mailalerts.css HTTP/1.1" 200 930 www.jlmangas.com "-" "Mozilla/5.0 (compatible; bingbot/2.0; +http://www.bing.com/bingbot.htm)" "-"
157.55.39.0 - - [11/Feb/2021:01:12:36 +0100] "GET /es/inicio/581-cartucho-hp-n%C2%BA-363xl-amarillo.html HTTP/1.1" 200 86249 www.jlmangas.com "-" "Mozilla/5.0 (compatible; bingbot/2.0; +http://www.bing.com/bingbot.htm)" "-"
157.55.39.0 - - [11/Feb/2021:01:12:49 +0100] "GET /627-large_default/cartucho-hp-n%C2%BA-363xl-amarillo.jpg HTTP/1.1" 200 88566 www.jlmangas.com "-" "Mozilla/5.0 (compatible; bingbot/2.0; +http://www.bing.com/bingbot.htm)" "-"
157.55.39.0 - - [11/Feb/2021:01:12:50 +0100] "GET /125-thickbox_default/toner-hp-ce225a-55a-negro.jpg HTTP/1.1" 200 218121 www.jlmangas.com "-" "Mozilla/5.0 (compatible; bingbot/2.0; +http://www.bing.com/bingbot.htm)" "-"
40.77.167.0 - - [11/Feb/2021:01:12:59 +0100] "GET /627-cart_default/cartucho-hp-n%C2%BA-363xl-amarillo.jpg HTTP/1.1" 200 4882 www.jlmangas.com "-" "Mozilla/5.0 (compatible; bingbot/2.0; +http://www.bing.com/bingbot.htm)" "-"
40.77.167.0 - - [11/Feb/2021:01:12:59 +0100] "GET /1816-large_default/rodillo-cp-13.jpg HTTP/1.1" 200 58652 www.jlmangas.com "-" "Mozilla/5.0 (compatible; bingbot/2.0; +http://www.bing.com/bingbot.htm)" "-"
54.36.149.0 - - [11/Feb/2021:01:16:20 +0100] "GET /es/23-inkjet HTTP/1.1" 200 40074 www.jlmangas.com "-" "Mozilla/5.0 (compatible; AhrefsBot/7.0; +http://ahrefs.com/robot/)" "-"
54.36.148.0 - - [11/Feb/2021:01:18:42 +0100] "GET /ca/cart?add=1&id_product=555 HTTP/1.1" 302 - www.jlmangas.com "-" "Mozilla/5.0 (compatible; AhrefsBot/7.0; +http://ahrefs.com/robot/)" "-"
17.58.99.0 - - [11/Feb/2021:01:20:08 +0100] "GET /content/16-avisolegal HTTP/1.1" 200 57352 www.jlmangas.com "-" "Mozilla/5.0 (Macintosh; Intel Mac OS X 10_15_5) AppleWebKit/605.1.15 (KHTML, like Gecko) Version/13.1.1 Safari/605.1.15 (Applebot/0.1; +http://www.apple.com/go/applebot)" "-"
185.191.171.0 - - [11/Feb/2021:01:21:56 +0100] "GET /ca/home/340-toner-brother-tn-1050-negro.html HTTP/1.1" 200 84976 www.jlmangas.com "-" "Mozilla/5.0 (compatible; SemrushBot/7~bl; +http://www.semrush.com/bot.html)" "-"
185.191.171.0 - - [11/Feb/2021:01:24:21 +0100] "GET /es/inicio/864-toner-epson-epl6200-negro.html HTTP/1.1" 200 85962 www.jlmangas.com "-" "Mozilla/5.0 (compatible; SemrushBot/7~bl; +http://www.semrush.com/bot.html)" "-"
157.55.39.0 - - [11/Feb/2021:01:25:21 +0100] "GET /663-large_default/cartucho-hp-n%C2%BA-933xl-magenta.jpg HTTP/1.1" 200 25741 www.jlmangas.com "-" "Mozilla/5.0 (compatible; bingbot/2.0; +http://www.bing.com/bingbot.htm)" "-"
54.36.148.0 - - [11/Feb/2021:01:25:37 +0100] "GET /es/inicio/596-cartucho-hp-n%C2%BA-301xl-negro.html HTTP/1.1" 200 90938 www.jlmangas.com "-" "Mozilla/5.0 (compatible; AhrefsBot/7.0; +http://ahrefs.com/robot/)" "-"
17.58.99.0 - - [11/Feb/2021:01:26:40 +0100] "GET /content/4-acerca HTTP/1.1" 200 56940 www.jlmangas.com "-" "Mozilla/5.0 (Macintosh; Intel Mac OS X 10_15_5) AppleWebKit/605.1.15 (KHTML, like Gecko) Version/13.1.1 Safari/605.1.15 (Applebot/0.1; +http://www.apple.com/go/applebot)" "-"
185.191.171.0 - - [11/Feb/2021:01:27:43 +0100] "GET /es/20-laser-toner-monocromo?p=4 HTTP/1.1" 200 72782 www.jlmangas.com "-" "Mozilla/5.0 (compatible; SemrushBot/7~bl; +http://www.semrush.com/bot.html)" "-"
91.217.81.0 - - [11/Feb/2021:01:29:12 +0100] "GET /es/mi-cuenta HTTP/1.1" 302 - www.jlmangas.com "-" "-" "-"
40.77.167.0 - - [11/Feb/2021:01:29:13 +0100] "GET /417-large_default/toner-brother-tn900-amarillo.jpg HTTP/1.1" 200 68178 www.jlmangas.com "-" "Mozilla/5.0 (compatible; bingbot/2.0; +http://www.bing.com/bingbot.htm)" "-"
91.217.81.0 - - [11/Feb/2021:01:29:13 +0100] "GET /es/inicio-sesion?back=my-account HTTP/1.1" 200 64507 www.jlmangas.com "-" "-" "-"
91.217.81.0 - - [11/Feb/2021:01:29:14 +0100] "POST /es/inicio-sesion HTTP/1.1" 302 - www.jlmangas.com "-" "-" "-"
91.217.81.0 - - [11/Feb/2021:01:29:15 +0100] "GET /es/mi-cuenta HTTP/1.1" 200 57326 www.jlmangas.com "-" "-" "-"
40.77.167.0 - - [11/Feb/2021:01:29:46 +0100] "GET /es/81-papeleria HTTP/1.1" 200 93634 www.jlmangas.com "-" "Mozilla/5.0 (compatible; bingbot/2.0; +http://www.bing.com/bingbot.htm)" "-"
66.249.64.0 - - [11/Feb/2021:01:30:52 +0100] "GET /742-cart_default/cartucho-epson-t029-tricolor.jpg HTTP/1.1" 200 3699 www.jlmangas.com "-" "Googlebot-Image/1.0" "-"
157.55.39.0 - - [11/Feb/2021:01:31:55 +0100] "GET /es/inicio/1721-panasonic-21232124-tubular.html HTTP/1.1" 200 86422 www.jlmangas.com "-" "Mozilla/5.0 (compatible; bingbot/2.0; +http://www.bing.com/bingbot.htm)" "-"
185.191.171.0 - - [11/Feb/2021:01:33:19 +0100] "GET /ca/papeleria/1785-hp-302-color-original.html HTTP/1.1" 200 85717 www.jlmangas.com "-" "Mozilla/5.0 (compatible; SemrushBot/7~bl; +http://www.semrush.com/bot.html)" "-"
54.36.148.0 - - [11/Feb/2021:01:34:46 +0100] "GET /es/75-laser-toner-monocromo?p=2 HTTP/1.1" 200 48453 www.jlmangas.com "-" "Mozilla/5.0 (compatible; AhrefsBot/7.0; +http://ahrefs.com/robot/)" "-"
54.36.148.0 - - [11/Feb/2021:01:35:29 +0100] "GET /inicio/491-dell-t-del1260bk.html HTTP/1.1" 301 - www.jl-mangas.com "-" "Mozilla/5.0 (compatible; AhrefsBot/7.0; +http://ahrefs.com/robot/)" "-"
17.58.99.0 - - [11/Feb/2021:01:39:53 +0100] "GET /es/96-embalaje HTTP/1.1" 200 34913 www.jlmangas.com "-" "Mozilla/5.0 (Macintosh; Intel Mac OS X 10_15_5) AppleWebKit/605.1.15 (KHTML, like Gecko) Version/13.1.1 Safari/605.1.15 (Applebot/0.1; +http://www.apple.com/go/applebot)" "-"
185.191.171.0 - - [11/Feb/2021:01:40:41 +0100] "GET /ca/63-laser-toner-monocromo?p=2 HTTP/1.1" 200 74985 www.jlmangas.com "-" "Mozilla/5.0 (compatible; SemrushBot/7~bl; +http://www.semrush.com/bot.html)" "-"
185.191.171.0 - - [11/Feb/2021:01:41:29 +0100] "GET /ca/home/491-cartucho-dell-y499dx740nx738n-tricolor.html HTTP/1.1" 200 85236 www.jlmangas.com "-" "Mozilla/5.0 (compatible; SemrushBot/7~bl; +http://www.semrush.com/bot.html)" "-"
54.36.148.0 - - [11/Feb/2021:01:41:39 +0100] "GET /es/carrito?add=1&id_product=458 HTTP/1.1" 302 - www.jlmangas.com "-" "Mozilla/5.0 (compatible; AhrefsBot/7.0; +http://ahrefs.com/robot/)" "-"
17.58.99.0 - - [11/Feb/2021:01:43:32 +0100] "GET /es/59-laser-toner-monocromo HTTP/1.1" 200 58418 www.jlmangas.com "-" "Mozilla/5.0 (Macintosh; Intel Mac OS X 10_15_5) AppleWebKit/605.1.15 (KHTML, like Gecko) Version/13.1.1 Safari/605.1.15 (Applebot/0.1; +http://www.apple.com/go/applebot)" "-"
54.36.148.0 - - [11/Feb/2021:01:44:01 +0100] "GET /ca/home/1480-toner-compatiblexerox-workcentre-m123m128-negro.html HTTP/1.1" 200 85434 www.jlmangas.com "-" "Mozilla/5.0 (compatible; AhrefsBot/7.0; +http://ahrefs.com/robot/)" "-"
185.191.171.0 - - [11/Feb/2021:01:45:54 +0100] "GET /es/inicio/1259-toner-compatible-oki-9002390-4w-negro.html HTTP/1.1" 200 86223 www.jlmangas.com "-" "Mozilla/5.0 (compatible; SemrushBot/7~bl; +http://www.semrush.com/bot.html)" "-"
185.191.171.0 - - [11/Feb/2021:01:49:23 +0100] "GET /es/inicio/873-toner-epson-aculaser-c900c1900-magenta.html HTTP/1.1" 200 86377 www.jlmangas.com "-" "Mozilla/5.0 (compatible; SemrushBot/7~bl; +http://www.semrush.com/bot.html)" "-"
74.125.209.0 - - [11/Feb/2021:01:50:35 +0100] "GET /1578-large_default/toner-compatible-xerox-phaser-6115mfp-6120-amarillo.jpg HTTP/1.1" 200 68547 www.jlmangas.com "-" "Mozilla/5.0 (Windows NT 5.1; rv:11.0) Gecko Firefox/11.0 (via ggpht.com GoogleImageProxy)" "-"
74.125.209.0 - - [11/Feb/2021:01:50:35 +0100] "GET /1578-large_default/toner-compatible-xerox-phaser-6115mfp-6120-amarillo.jpg HTTP/1.1" 200 68547 www.jlmangas.com "-" "Mozilla/5.0 (Windows NT 5.1; rv:11.0) Gecko Firefox/11.0 (via ggpht.com GoogleImageProxy)" "-"
74.125.209.0 - - [11/Feb/2021:01:50:36 +0100] "GET /1578-large_default/toner-compatible-xerox-phaser-6115mfp-6120-amarillo.jpg HTTP/1.1" 200 68547 www.jlmangas.com "-" "Mozilla/5.0 (Windows NT 5.1; rv:11.0) Gecko Firefox/11.0 (via ggpht.com GoogleImageProxy)" "-"
207.46.13.0 - - [11/Feb/2021:01:52:37 +0100] "GET /819-home_default/cartucho-epson-t1294-amarillo.jpg HTTP/1.1" 200 32242 www.jlmangas.com "-" "Mozilla/5.0 (compatible; bingbot/2.0; +http://www.bing.com/bingbot.htm)" "-"
54.36.148.0 - - [11/Feb/2021:01:53:19 +0100] "GET /ca/25-inkjet?p=3 HTTP/1.1" 200 73476 www.jlmangas.com "-" "Mozilla/5.0 (compatible; AhrefsBot/7.0; +http://ahrefs.com/robot/)" "-"
185.191.171.0 - - [11/Feb/2021:01:58:32 +0100] "GET /ca/home/768-cartucho-epson-t1292-cyan.html HTTP/1.1" 200 87907 www.jlmangas.com "-" "Mozilla/5.0 (compatible; SemrushBot/7~bl; +http://www.semrush.com/bot.html)" "-"
185.191.171.0 - - [11/Feb/2021:01:58:49 +0100] "GET /es/inicio/1080-cartucho-compatible-lexmark-n%C2%BA-28-negro.html HTTP/1.1" 200 86204 www.jlmangas.com "-" "Mozilla/5.0 (compatible; SemrushBot/7~bl; +http://www.semrush.com/bot.html)" "-"
40.77.167.0 - - [11/Feb/2021:02:00:29 +0100] "GET /1208-large_default/toner-generico-panasonic-dq-tu15e-negro.jpg HTTP/1.1" 200 17734 www.jlmangas.com "-" "Mozilla/5.0 (compatible; bingbot/2.0; +http://www.bing.com/bingbot.htm)" "-"
185.191.171.0 - - [11/Feb/2021:02:01:19 +0100] "GET /es/inicio/161-toner-hp-q7551a-negro.html HTTP/1.1" 200 85746 www.jlmangas.com "-" "Mozilla/5.0 (compatible; SemrushBot/7~bl; +http://www.semrush.com/bot.html)" "-"
185.191.171.0 - - [11/Feb/2021:02:01:55 +0100] "GET /es/inicio/1491-toner-compatible-xerox-c1110-negro.html HTTP/1.1" 200 86120 www.jlmangas.com "-" "Mozilla/5.0 (compatible; SemrushBot/7~bl; +http://www.semrush.com/bot.html)" "-"
54.36.148.0 - - [11/Feb/2021:02:02:22 +0100] "GET /es/inicio/597-cartucho-hp-n%C2%BA-301xl-color.html HTTP/1.1" 200 90673 www.jlmangas.com "-" "Mozilla/5.0 (compatible; AhrefsBot/7.0; +http://ahrefs.com/robot/)" "-"
40.77.167.0 - - [11/Feb/2021:02:03:57 +0100] "GET /ca/home/1371-toner-remanufacturado-oki-c9600c9650c9800c9850-negro.html HTTP/1.1" 200 85559 www.jlmangas.com "-" "Mozilla/5.0 (compatible; bingbot/2.0; +http://www.bing.com/bingbot.htm)" "-"
66.249.64.0 - - [11/Feb/2021:02:04:04 +0100] "GET /865-cart_default/cartucho-epson-t0495-light-cyan.jpg HTTP/1.1" 200 9241 www.jlmangas.com "-" "Googlebot-Image/1.0" "-"
185.191.171.0 - - [11/Feb/2021:02:07:00 +0100] "GET /es/inicio/618-cartucho-hp-n%C2%BA-935xl-cyan.html HTTP/1.1" 200 85929 www.jlmangas.com "-" "Mozilla/5.0 (compatible; SemrushBot/7~bl; +http://www.semrush.com/bot.html)" "-"
91.217.81.0 - - [11/Feb/2021:02:08:33 +0100] "GET /es/mi-cuenta HTTP/1.1" 302 - www.jlmangas.com "-" "-" "-"
91.217.81.0 - - [11/Feb/2021:02:08:33 +0100] "GET /es/inicio-sesion?back=my-account HTTP/1.1" 200 64507 www.jlmangas.com "-" "-" "-"
91.217.81.0 - - [11/Feb/2021:02:08:34 +0100] "POST /es/inicio-sesion HTTP/1.1" 302 - www.jlmangas.com "-" "-" "-"
185.191.171.0 - - [11/Feb/2021:02:08:34 +0100] "GET /ca/home/665-cartucho-hp-n%C2%BA-337-negro.html HTTP/1.1" 200 84947 www.jlmangas.com "-" "Mozilla/5.0 (compatible; SemrushBot/7~bl; +http://www.semrush.com/bot.html)" "-"
91.217.81.0 - - [11/Feb/2021:02:08:35 +0100] "GET /es/mi-cuenta HTTP/1.1" 200 57326 www.jlmangas.com "-" "-" "-"
207.46.13.0 - - [11/Feb/2021:02:09:39 +0100] "GET /es/inicio/1370-toner-compatible-oki-c9100c9300c9500-amarillo.html HTTP/1.1" 200 86534 www.jlmangas.com "-" "Mozilla/5.0 (compatible; bingbot/2.0; +http://www.bing.com/bingbot.htm)" "-"
185.191.171.0 - - [11/Feb/2021:02:10:42 +0100] "GET /robots.txt HTTP/1.1" 404 55460 www.jlmangas.com "-" "Mozilla/5.0 (compatible; SemrushBot/7~bl; +http://www.semrush.com/bot.html)" "-"
185.191.171.0 - - [11/Feb/2021:02:10:43 +0100] "GET /es/inicio/561-toner-dell-5100-negro.html HTTP/1.1" 200 85811 www.jlmangas.com "-" "Mozilla/5.0 (compatible; SemrushBot/7~bl; +http://www.semrush.com/bot.html)" "-"
54.36.148.0 - - [11/Feb/2021:02:11:30 +0100] "GET /es/62-inkjet HTTP/1.1" 200 51422 www.jlmangas.com "-" "Mozilla/5.0 (compatible; AhrefsBot/7.0; +http://ahrefs.com/robot/)" "-"
185.191.171.0 - - [11/Feb/2021:02:12:17 +0100] "GET /ca/home/351-toner-brother-tn3480-negro.html HTTP/1.1" 200 84975 www.jlmangas.com "-" "Mozilla/5.0 (compatible; SemrushBot/7~bl; +http://www.semrush.com/bot.html)" "-"
185.191.171.0 - - [11/Feb/2021:02:12:32 +0100] "GET /es/inicio/251-toner-hp-cf361x-cyan.html HTTP/1.1" 200 86310 www.jlmangas.com "-" "Mozilla/5.0 (compatible; SemrushBot/7~bl; +http://www.semrush.com/bot.html)" "-"
185.191.171.0 - - [11/Feb/2021:02:12:46 +0100] "GET /ca/home/577-cartucho-hp-n%C2%BA-350xl-negro.html HTTP/1.1" 200 84978 www.jlmangas.com "-" "Mozilla/5.0 (compatible; SemrushBot/7~bl; +http://www.semrush.com/bot.html)" "-"
40.77.167.0 - - [11/Feb/2021:02:14:44 +0100] "GET /924-thickbox_default/toner-epson-aculaser-m8000-negro.jpg HTTP/1.1" 200 65539 www.jlmangas.com "-" "Mozilla/5.0 (compatible; bingbot/2.0; +http://www.bing.com/bingbot.htm)" "-"
185.191.171.0 - - [11/Feb/2021:02:15:16 +0100] "GET /ca/home/34-citizen-dp-400-ir-41.html HTTP/1.1" 200 84808 www.jlmangas.com "-" "Mozilla/5.0 (compatible; SemrushBot/7~bl; +http://www.semrush.com/bot.html)" "-"
185.191.171.0 - - [11/Feb/2021:02:15:55 +0100] "GET /es/inicio/64-ncr-2113-gr-764.html HTTP/1.1" 200 85172 www.jlmangas.com "-" "Mozilla/5.0 (compatible; SemrushBot/7~bl; +http://www.semrush.com/bot.html)" "-"
157.55.39.0 - - [11/Feb/2021:02:16:13 +0100] "GET /132-thickbox_default/toner-hp-505280x-negro.jpg HTTP/1.1" 200 144668 www.jlmangas.com "-" "Mozilla/5.0 (compatible; bingbot/2.0; +http://www.bing.com/bingbot.htm)" "-"
54.36.148.0 - - [11/Feb/2021:02:20:12 +0100] "GET /es/inicio/1118-toner-compatible-lexmark-x203a11g-x203x204-negro.html HTTP/1.1" 200 86401 www.jlmangas.com "-" "Mozilla/5.0 (compatible; AhrefsBot/7.0; +http://ahrefs.com/robot/)" "-"
17.58.99.0 - - [11/Feb/2021:02:22:57 +0100] "GET /es/nuevos-productos HTTP/1.1" 200 55076 www.jlmangas.com "-" "Mozilla/5.0 (Macintosh; Intel Mac OS X 10_15_5) AppleWebKit/605.1.15 (KHTML, like Gecko) Version/13.1.1 Safari/605.1.15 (Applebot/0.1; +http://www.apple.com/go/applebot)" "-"
185.191.171.0 - - [11/Feb/2021:02:25:33 +0100] "GET /ca/home/1289-toner-compatible-oki-c301dnc321dnmc342dn-magenta.html HTTP/1.1" 200 85453 www.jlmangas.com "-" "Mozilla/5.0 (compatible; SemrushBot/7~bl; +http://www.semrush.com/bot.html)" "-"
185.191.171.0 - - [11/Feb/2021:02:25:57 +0100] "GET /ca/home/1468-toner-compatible-xerox-phaser-301030403045-negro.html HTTP/1.1" 200 85463 www.jlmangas.com "-" "Mozilla/5.0 (compatible; SemrushBot/7~bl; +http://www.semrush.com/bot.html)" "-"
17.58.99.0 - - [11/Feb/2021:02:26:50 +0100] "GET /es/29-canon HTTP/1.1" 200 37705 www.jlmangas.com "-" "Mozilla/5.0 (Macintosh; Intel Mac OS X 10_15_5) AppleWebKit/605.1.15 (KHTML, like Gecko) Version/13.1.1 Safari/605.1.15 (Applebot/0.1; +http://www.apple.com/go/applebot)" "-"
54.36.149.0 - - [11/Feb/2021:02:28:44 +0100] "GET /es/32-laser-fotocopiadora?p=2 HTTP/1.1" 200 56063 www.jlmangas.com "-" "Mozilla/5.0 (compatible; AhrefsBot/7.0; +http://ahrefs.com/robot/)" "-"
185.191.171.0 - - [11/Feb/2021:02:31:24 +0100] "GET /es/inicio/449-cartucho-canon-cli551xl-magenta.html HTTP/1.1" 200 87049 www.jlmangas.com "-" "Mozilla/5.0 (compatible; SemrushBot/7~bl; +http://www.semrush.com/bot.html)" "-"
185.191.171.0 - - [11/Feb/2021:02:31:30 +0100] "GET /ca/36-laser-toner-color HTTP/1.1" 200 73053 www.jlmangas.com "-" "Mozilla/5.0 (compatible; SemrushBot/7~bl; +http://www.semrush.com/bot.html)" "-"
185.191.171.0 - - [11/Feb/2021:02:31:34 +0100] "GET /ca/home/1370-toner-compatible-oki-c9100c9300c9500-amarillo.html HTTP/1.1" 200 85402 www.jlmangas.com "-" "Mozilla/5.0 (compatible; SemrushBot/7~bl; +http://www.semrush.com/bot.html)" "-"
111.202.101.0 - - [11/Feb/2021:02:32:30 +0100] "GET / HTTP/1.1" 301 - www.jl-mangas.com "-" "Sogou web spider/4.0(+http://www.sogou.com/docs/help/webmasters.htm#07)" "-"
17.58.99.0 - - [11/Feb/2021:02:32:36 +0100] "GET /es/inicio/1473-toner-compatible-xerox-phaser-4510-negro.html HTTP/1.1" 200 86516 www.jlmangas.com "-" "Mozilla/5.0 (Macintosh; Intel Mac OS X 10_15_5) AppleWebKit/605.1.15 (KHTML, like Gecko) Version/13.1.1 Safari/605.1.15 (Applebot/0.1; +http://www.apple.com/go/applebot)" "-"
111.202.101.0 - - [11/Feb/2021:02:33:34 +0100] "GET / HTTP/1.1" 301 - www.jlmangas.com "-" "Sogou web spider/4.0(+http://www.sogou.com/docs/help/webmasters.htm#07)" "-"
111.202.101.0 - - [11/Feb/2021:02:33:36 +0100] "GET / HTTP/1.1" 200 76474 www.jlmangas.com "-" "Sogou web spider/4.0(+http://www.sogou.com/docs/help/webmasters.htm#07)" "-"
185.191.171.0 - - [11/Feb/2021:02:34:06 +0100] "GET /ca/home/1083-cartucho-compatible-lexmark-n%C2%BA-33-color.html HTTP/1.1" 200 85289 www.jlmangas.com "-" "Mozilla/5.0 (compatible; SemrushBot/7~bl; +http://www.semrush.com/bot.html)" "-"
185.191.171.0 - - [11/Feb/2021:02:37:04 +0100] "GET /ca/home/1124-tambor-compatible-lexmark-e250x22g-e250.html HTTP/1.1" 200 85275 www.jlmangas.com "-" "Mozilla/5.0 (compatible; SemrushBot/7~bl; +http://www.semrush.com/bot.html)" "-"
54.36.149.0 - - [11/Feb/2021:02:37:42 +0100] "GET /es/inicio/1480-toner-compatiblexerox-workcentre-m123m128-negro.html HTTP/1.1" 200 86593 www.jlmangas.com "-" "Mozilla/5.0 (compatible; AhrefsBot/7.0; +http://ahrefs.com/robot/)" "-"
185.191.171.0 - - [11/Feb/2021:02:39:10 +0100] "GET /ca/home/1444-toner-generico-ricoh-aficio-sp-c830dnsp-c831dn-amarillo.html HTTP/1.1" 200 85610 www.jlmangas.com "-" "Mozilla/5.0 (compatible; SemrushBot/7~bl; +http://www.semrush.com/bot.html)" "-"
40.77.167.0 - - [11/Feb/2021:02:39:16 +0100] "GET /1856-large_default/papel-fotocopiadora-liderpapel-greening-din-a4-80-gramos-paquete-de-500-hoj.jpg HTTP/1.1" 200 110616 www.jlmangas.com "-" "Mozilla/5.0 (compatible; bingbot/2.0; +http://www.bing.com/bingbot.htm)" "-"
157.55.39.0 - - [11/Feb/2021:02:40:26 +0100] "GET /1653-large_default/bobina-de-filamento-pla-3d850-175mm-naranja-1kg.jpg HTTP/1.1" 200 97194 www.jlmangas.com "-" "Mozilla/5.0 (compatible; bingbot/2.0; +http://www.bing.com/bingbot.htm)" "-"
66.249.64.0 - - [11/Feb/2021:02:41:04 +0100] "GET /es/inicio/502-toner-dell-5330-negro.html HTTP/1.1" 200 85841 www.jlmangas.com "-" "Mozilla/5.0 (Linux; Android 6.0.1; Nexus 5X Build/MMB29P) AppleWebKit/537.36 (KHTML, like Gecko) Chrome/88.0.4324.175 Mobile Safari/537.36 (compatible; Googlebot/2.1; +http://www.google.com/bot.html)" "-"
185.191.171.0 - - [11/Feb/2021:02:42:23 +0100] "GET /es/inicio/1267-toner-remanufacturado.html HTTP/1.1" 200 86026 www.jlmangas.com "-" "Mozilla/5.0 (compatible; SemrushBot/7~bl; +http://www.semrush.com/bot.html)" "-"
54.36.148.0 - - [11/Feb/2021:02:47:35 +0100] "GET /ca/home/1496-toner-compatible-60006010-cyan.html HTTP/1.1" 200 85075 www.jlmangas.com "-" "Mozilla/5.0 (compatible; AhrefsBot/7.0; +http://ahrefs.com/robot/)" "-"
91.217.81.0 - - [11/Feb/2021:02:50:41 +0100] "GET /es/mi-cuenta HTTP/1.1" 302 - www.jlmangas.com "-" "-" "-"
91.217.81.0 - - [11/Feb/2021:02:50:41 +0100] "GET /es/inicio-sesion?back=my-account HTTP/1.1" 200 64507 www.jlmangas.com "-" "-" "-"
91.217.81.0 - - [11/Feb/2021:02:50:42 +0100] "POST /es/inicio-sesion HTTP/1.1" 302 - www.jlmangas.com "-" "-" "-"
91.217.81.0 - - [11/Feb/2021:02:50:43 +0100] "GET /es/mi-cuenta HTTP/1.1" 200 57326 www.jlmangas.com "-" "-" "-"
185.191.171.0 - - [11/Feb/2021:02:51:14 +0100] "GET /es/inicio/372-toner-brother-tn245tn241-cyan.html HTTP/1.1" 200 89395 www.jlmangas.com "-" "Mozilla/5.0 (compatible; SemrushBot/7~bl; +http://www.semrush.com/bot.html)" "-"
114.119.160.0 - - [11/Feb/2021:02:53:22 +0100] "GET /robots.txt HTTP/1.1" 404 55460 www.jlmangas.com "-" "(compatible;PetalBot;+https://aspiegel.com/petalbot)" "-"
207.46.13.0 - - [11/Feb/2021:02:53:32 +0100] "GET /1153-thickbox_default/cartucho-compatible-lexmark-14n1071e-n%C2%BA-100-xl-amarillo.jpg HTTP/1.1" 200 50489 www.jlmangas.com "-" "Mozilla/5.0 (compatible; bingbot/2.0; +http://www.bing.com/bingbot.htm)" "-"
185.191.171.0 - - [11/Feb/2021:02:54:16 +0100] "GET /ca/home/514-toner-dell-1320-21302135-magenta.html HTTP/1.1" 200 85109 www.jlmangas.com "-" "Mozilla/5.0 (compatible; SemrushBot/7~bl; +http://www.semrush.com/bot.html)" "-"
66.249.64.0 - - [11/Feb/2021:02:55:10 +0100] "GET /es/inicio/1178-toner-samsung-ml-3750-ml-3753-compatible-mlt-d305l.html HTTP/1.1" 200 86603 www.jlmangas.com "-" "Mozilla/5.0 (Linux; Android 6.0.1; Nexus 5X Build/MMB29P) AppleWebKit/537.36 (KHTML, like Gecko) Chrome/88.0.4324.175 Mobile Safari/537.36 (compatible; Googlebot/2.1; +http://www.google.com/bot.html)" "-"
185.191.171.0 - - [11/Feb/2021:02:56:10 +0100] "GET /ca/home/32-citizen-dp-600-ir-40.html HTTP/1.1" 200 84808 www.jlmangas.com "-" "Mozilla/5.0 (compatible; SemrushBot/7~bl; +http://www.semrush.com/bot.html)" "-"
54.36.148.0 - - [11/Feb/2021:02:57:11 +0100] "GET /ca/41-laser-toner-color?p=4 HTTP/1.1" 200 61930 www.jlmangas.com "-" "Mozilla/5.0 (compatible; AhrefsBot/7.0; +http://ahrefs.com/robot/)" "-"
157.55.39.0 - - [11/Feb/2021:02:57:19 +0100] "GET /1282-thickbox_default/toner-samsung-xpress-c430c480-amarillo.jpg HTTP/1.1" 200 56899 www.jlmangas.com "-" "Mozilla/5.0 (compatible; bingbot/2.0; +http://www.bing.com/bingbot.htm)" "-"
207.46.13.0 - - [11/Feb/2021:02:57:57 +0100] "GET /es/inicio/1239-toner-samsung-clp600clp650-cyan.html HTTP/1.1" 200 86128 www.jlmangas.com "-" "Mozilla/5.0 (compatible; bingbot/2.0; +http://www.bing.com/bingbot.htm)" "-"
185.191.171.0 - - [11/Feb/2021:02:59:17 +0100] "GET /es/inicio/213-toner-hp-cf350ce310a-negro.html HTTP/1.1" 200 90258 www.jlmangas.com "-" "Mozilla/5.0 (compatible; SemrushBot/7~bl; +http://www.semrush.com/bot.html)" "-"
17.58.99.0 - - [11/Feb/2021:03:00:18 +0100] "GET /es/inicio/56-gr-766-ir3-cir-1891.html HTTP/1.1" 200 85215 www.jlmangas.com "-" "Mozilla/5.0 (Macintosh; Intel Mac OS X 10_15_5) AppleWebKit/605.1.15 (KHTML, like Gecko) Version/13.1.1 Safari/605.1.15 (Applebot/0.1; +http://www.apple.com/go/applebot)" "-"
185.191.171.0 - - [11/Feb/2021:03:00:59 +0100] "GET /es/inicio-sesion?back=order-slip HTTP/1.1" 200 64507 www.jlmangas.com "-" "Mozilla/5.0 (compatible; SemrushBot/7~bl; +http://www.semrush.com/bot.html)" "-"
157.55.39.0 - - [11/Feb/2021:03:01:25 +0100] "GET /1616-large_default/toner-compatible-xerox-phaser-7760-cyan.jpg HTTP/1.1" 200 10294 www.jlmangas.com "-" "Mozilla/5.0 (compatible; bingbot/2.0; +http://www.bing.com/bingbot.htm)" "-"
185.191.171.0 - - [11/Feb/2021:03:04:03 +0100] "GET /es/inicio/1493-toner-compatible-xerox-c1110-magenta.html HTTP/1.1" 200 86164 www.jlmangas.com "-" "Mozilla/5.0 (compatible; SemrushBot/7~bl; +http://www.semrush.com/bot.html)" "-"
17.58.99.0 - - [11/Feb/2021:03:04:28 +0100] "GET /content/8-novedades HTTP/1.1" 200 57725 www.jlmangas.com "-" "Mozilla/5.0 (Macintosh; Intel Mac OS X 10_15_5) AppleWebKit/605.1.15 (KHTML, like Gecko) Version/13.1.1 Safari/605.1.15 (Applebot/0.1; +http://www.apple.com/go/applebot)" "-"
185.191.171.0 - - [11/Feb/2021:03:06:33 +0100] "GET /es/inicio/1135-toner-generico-20k1401-lexmark-c510-magenta.html HTTP/1.1" 200 86268 www.jlmangas.com "-" "Mozilla/5.0 (compatible; SemrushBot/7~bl; +http://www.semrush.com/bot.html)" "-"
54.36.148.0 - - [11/Feb/2021:03:06:47 +0100] "GET /ca/home/1401-tambor-compatible-oki-c9600c9650c9800c9850-cyan.html HTTP/1.1" 200 85462 www.jlmangas.com "-" "Mozilla/5.0 (compatible; AhrefsBot/7.0; +http://ahrefs.com/robot/)" "-"
207.46.13.0 - - [11/Feb/2021:03:11:32 +0100] "GET /es/carrito?add=1&id_product=30&token=b0e56980a2b40b53639593bacf56a300 HTTP/1.1" 200 54680 www.jlmangas.com "-" "Mozilla/5.0 (compatible; bingbot/2.0; +http://www.bing.com/bingbot.htm)" "-"
91.217.81.0 - - [11/Feb/2021:03:12:37 +0100] "GET /es/mi-cuenta HTTP/1.1" 302 - www.jlmangas.com "-" "-" "-"
91.217.81.0 - - [11/Feb/2021:03:12:38 +0100] "GET /es/inicio-sesion?back=my-account HTTP/1.1" 200 64507 www.jlmangas.com "-" "-" "-"
91.217.81.0 - - [11/Feb/2021:03:12:39 +0100] "POST /es/inicio-sesion HTTP/1.1" 302 - www.jlmangas.com "-" "-" "-"
91.217.81.0 - - [11/Feb/2021:03:12:40 +0100] "GET /es/mi-cuenta HTTP/1.1" 200 57326 www.jlmangas.com "-" "-" "-"
157.55.39.0 - - [11/Feb/2021:03:13:03 +0100] "GET /413-large_default/toner-brother-tn328-amarillo.jpg HTTP/1.1" 200 12444 www.jlmangas.com "-" "Mozilla/5.0 (compatible; bingbot/2.0; +http://www.bing.com/bingbot.htm)" "-"
